/Users/davidbeloshavin/STM32Cube/Repository/STM32Cube_FW_N6_V1.3.0/Drivers/STM32N6xx_HAL_Driver/Inc/stm32n6xx_ll_bus.h:1165:22:LL_AHB3_GRP1_EnableClock	1
/Users/davidbeloshavin/STM32Cube/Repository/STM32Cube_FW_N6_V1.3.0/Drivers/STM32N6xx_HAL_Driver/Inc/stm32n6xx_ll_bus.h:1407:22:LL_AHB4_GRP1_EnableClock	1
/Users/davidbeloshavin/STM32CubeIDE/workspace_2.1.1/stm-test/Appli/Core/Src/main.c:70:13:FillFramebuffer	3
/Users/davidbeloshavin/STM32CubeIDE/workspace_2.1.1/stm-test/Appli/Core/Src/main.c:86:5:main	2
/Users/davidbeloshavin/STM32CubeIDE/workspace_2.1.1/stm-test/Appli/Core/Src/main.c:138:6:PeriphCommonClock_Config	2
/Users/davidbeloshavin/STM32CubeIDE/workspace_2.1.1/stm-test/Appli/Core/Src/main.c:157:13:MX_LTDC_Init	3
/Users/davidbeloshavin/STM32CubeIDE/workspace_2.1.1/stm-test/Appli/Core/Src/main.c:219:15:SystemIsolation_Config	1
/Users/davidbeloshavin/STM32CubeIDE/workspace_2.1.1/stm-test/Appli/Core/Src/main.c:342:13:MX_USART1_UART_Init	5
/Users/davidbeloshavin/STM32CubeIDE/workspace_2.1.1/stm-test/Appli/Core/Src/main.c:390:13:MX_XSPI1_Init	3
/Users/davidbeloshavin/STM32CubeIDE/workspace_2.1.1/stm-test/Appli/Core/Src/main.c:441:13:MX_XSPI2_Init	3
/Users/davidbeloshavin/STM32CubeIDE/workspace_2.1.1/stm-test/Appli/Core/Src/main.c:492:13:MX_GPIO_Init	1
/Users/davidbeloshavin/STM32CubeIDE/workspace_2.1.1/stm-test/Appli/Core/Src/main.c:540:6:Error_Handler	1
