/Users/maksym.solovianchyk/Documents/Graduation_Internship/radar_ai_detector/stm32ai-modelzoo-services/application_code/object_detection/STM32N6/Middlewares/stm32-vision-models-postprocessing/lib_vision_models_pp/Src/od_pp_yolo_d.c:28:9:yolov_d_nms_comparator	8	static
/Users/maksym.solovianchyk/Documents/Graduation_Internship/radar_ai_detector/stm32ai-modelzoo-services/application_code/object_detection/STM32N6/Middlewares/stm32-vision-models-postprocessing/lib_vision_models_pp/Src/od_pp_yolo_d.c:62:9:yolov_d_nms_comparator_is8	8	static
/Users/maksym.solovianchyk/Documents/Graduation_Internship/radar_ai_detector/stm32ai-modelzoo-services/application_code/object_detection/STM32N6/Middlewares/stm32-vision-models-postprocessing/lib_vision_models_pp/Src/od_pp_yolo_d.c:97:9:yolov_d_pp_nmsFiltering_centroid	48	static
/Users/maksym.solovianchyk/Documents/Graduation_Internship/radar_ai_detector/stm32ai-modelzoo-services/application_code/object_detection/STM32N6/Middlewares/stm32-vision-models-postprocessing/lib_vision_models_pp/Src/od_pp_yolo_d.c:158:9:yolov_d_pp_nmsFiltering_centroid_is8	56	static
/Users/maksym.solovianchyk/Documents/Graduation_Internship/radar_ai_detector/stm32ai-modelzoo-services/application_code/object_detection/STM32N6/Middlewares/stm32-vision-models-postprocessing/lib_vision_models_pp/Src/od_pp_yolo_d.c:219:9:yolov_d_pp_scoreFiltering_centroid	20	static
/Users/maksym.solovianchyk/Documents/Graduation_Internship/radar_ai_detector/stm32ai-modelzoo-services/application_code/object_detection/STM32N6/Middlewares/stm32-vision-models-postprocessing/lib_vision_models_pp/Src/od_pp_yolo_d.c:245:9:yolov_d_pp_scoreFiltering_centroid_is8	24	static
/Users/maksym.solovianchyk/Documents/Graduation_Internship/radar_ai_detector/stm32ai-modelzoo-services/application_code/object_detection/STM32N6/Middlewares/stm32-vision-models-postprocessing/lib_vision_models_pp/Src/od_pp_yolo_d.c:352:9:yolov_d_pp_getNNBoxes_centroid	152	static
/Users/maksym.solovianchyk/Documents/Graduation_Internship/radar_ai_detector/stm32ai-modelzoo-services/application_code/object_detection/STM32N6/Middlewares/stm32-vision-models-postprocessing/lib_vision_models_pp/Src/od_pp_yolo_d.c:460:9:yolov_d_pp_getNNBoxes_centroid_int8	152	static
/Users/maksym.solovianchyk/Documents/Graduation_Internship/radar_ai_detector/stm32ai-modelzoo-services/application_code/object_detection/STM32N6/Middlewares/stm32-vision-models-postprocessing/lib_vision_models_pp/Src/od_pp_yolo_d.c:493:9:od_yolo_d_pp_reset	0	static
/Users/maksym.solovianchyk/Documents/Graduation_Internship/radar_ai_detector/stm32ai-modelzoo-services/application_code/object_detection/STM32N6/Middlewares/stm32-vision-models-postprocessing/lib_vision_models_pp/Src/od_pp_yolo_d.c:502:9:od_yolo_d_pp_process	16	static
/Users/maksym.solovianchyk/Documents/Graduation_Internship/radar_ai_detector/stm32ai-modelzoo-services/application_code/object_detection/STM32N6/Middlewares/stm32-vision-models-postprocessing/lib_vision_models_pp/Src/od_pp_yolo_d.c:527:9:od_yolo_d_pp_process_int8	16	static
