../../../../STM32Cube_FW_N6/Drivers/STM32N6xx_HAL_Driver/Inc/stm32n6xx_ll_bus.h:679:22:LL_MEM_EnableClock	1
../../../../STM32Cube_FW_N6/Drivers/STM32N6xx_HAL_Driver/Inc/stm32n6xx_ll_bus.h:785:22:LL_MEM_EnableClockLowPower	1
../../../../STM32Cube_FW_N6/Drivers/STM32N6xx_HAL_Driver/Inc/stm32n6xx_ll_bus.h:2065:22:LL_AHB5_GRP1_EnableClockLowPower	1
/Users/maksym.solovianchyk/Documents/Skycomm/stm-tracker/code/STM32N6/Application/STM32N6570-DK/Src/main.c:666:13:SystemClock_Config	4
/Users/maksym.solovianchyk/Documents/Skycomm/stm-tracker/code/STM32N6/Application/STM32N6570-DK/Src/main.c:176:5:main	25
/Users/maksym.solovianchyk/Documents/Skycomm/stm-tracker/code/STM32N6/Application/STM32N6570-DK/Src/main.c:442:6:IAC_IRQHandler	1
/Users/maksym.solovianchyk/Documents/Skycomm/stm-tracker/code/STM32N6/Application/STM32N6570-DK/Src/main.c:639:19:MX_DCMIPP_ClockConfig	2
/Users/maksym.solovianchyk/Documents/Skycomm/stm-tracker/code/STM32N6/Application/STM32N6570-DK/Src/main.c:800:5:_write	2
/Users/maksym.solovianchyk/Documents/Skycomm/stm-tracker/code/STM32N6/Application/STM32N6570-DK/Src/main.c:814:6:npu_cache_enable_clocks_and_reset	1
/Users/maksym.solovianchyk/Documents/Skycomm/stm-tracker/code/STM32N6/Application/STM32N6570-DK/Src/main.c:822:6:npu_cache_disable_clocks_and_reset	1
/Users/maksym.solovianchyk/Documents/Skycomm/stm-tracker/code/STM32N6/Application/STM32N6570-DK/Src/main.c:837:6:assert_failed	1
