D:/Skycomm/Tracker/stm-tracker/code/DCMIPP_ContinuousMode/FSBL/Src/main.c:92:5:main	10
D:/Skycomm/Tracker/stm-tracker/code/DCMIPP_ContinuousMode/FSBL/Src/main.c:196:6:SystemClock_Config	8
D:/Skycomm/Tracker/stm-tracker/code/DCMIPP_ContinuousMode/FSBL/Src/main.c:288:13:MX_DCMIPP_Init	12
D:/Skycomm/Tracker/stm-tracker/code/DCMIPP_ContinuousMode/FSBL/Src/main.c:362:13:LCD_Init	3
D:/Skycomm/Tracker/stm-tracker/code/DCMIPP_ContinuousMode/FSBL/Src/main.c:418:13:IMX335_Probe	6
D:/Skycomm/Tracker/stm-tracker/code/DCMIPP_ContinuousMode/FSBL/Src/main.c:467:26:GetSensorInfoHelper	1
D:/Skycomm/Tracker/stm-tracker/code/DCMIPP_ContinuousMode/FSBL/Src/main.c:477:26:SetSensorGainHelper	1
D:/Skycomm/Tracker/stm-tracker/code/DCMIPP_ContinuousMode/FSBL/Src/main.c:488:26:GetSensorGainHelper	1
D:/Skycomm/Tracker/stm-tracker/code/DCMIPP_ContinuousMode/FSBL/Src/main.c:499:26:SetSensorExposureHelper	1
D:/Skycomm/Tracker/stm-tracker/code/DCMIPP_ContinuousMode/FSBL/Src/main.c:510:26:GetSensorExposureHelper	1
D:/Skycomm/Tracker/stm-tracker/code/DCMIPP_ContinuousMode/FSBL/Src/main.c:517:13:CleanDCacheForBuffer	3
D:/Skycomm/Tracker/stm-tracker/code/DCMIPP_ContinuousMode/FSBL/Src/main.c:528:13:DrawPixelRGB565	3
D:/Skycomm/Tracker/stm-tracker/code/DCMIPP_ContinuousMode/FSBL/Src/main.c:537:13:DrawFrameRGB565	10
D:/Skycomm/Tracker/stm-tracker/code/DCMIPP_ContinuousMode/FSBL/Src/main.c:579:13:DrawCenteredGreenFrame	1
D:/Skycomm/Tracker/stm-tracker/code/DCMIPP_ContinuousMode/FSBL/Src/main.c:591:6:HAL_DCMIPP_PIPE_FrameEventCallback	2
D:/Skycomm/Tracker/stm-tracker/code/DCMIPP_ContinuousMode/FSBL/Src/main.c:613:6:HAL_DCMIPP_PIPE_VsyncEventCallback	5
D:/Skycomm/Tracker/stm-tracker/code/DCMIPP_ContinuousMode/FSBL/Src/main.c:643:6:Error_Handler	1
D:/Skycomm/Tracker/stm-tracker/code/DCMIPP_ContinuousMode/FSBL/Src/main.c:663:6:assert_failed	1
