D:/Skycomm/Tracker/stm-tracker/code/DCMIPP_ContinuousMode/FSBL/Src/main.c:84:5:main	80	static,ignoring_inline_asm
D:/Skycomm/Tracker/stm-tracker/code/DCMIPP_ContinuousMode/FSBL/Src/main.c:185:6:SystemClock_Config	224	static
D:/Skycomm/Tracker/stm-tracker/code/DCMIPP_ContinuousMode/FSBL/Src/main.c:279:13:MX_DCMIPP_Init	72	static
D:/Skycomm/Tracker/stm-tracker/code/DCMIPP_ContinuousMode/FSBL/Src/main.c:353:13:LCD_Init	72	static
D:/Skycomm/Tracker/stm-tracker/code/DCMIPP_ContinuousMode/FSBL/Src/main.c:409:13:IMX335_Probe	48	static
D:/Skycomm/Tracker/stm-tracker/code/DCMIPP_ContinuousMode/FSBL/Src/main.c:458:26:GetSensorInfoHelper	16	static
D:/Skycomm/Tracker/stm-tracker/code/DCMIPP_ContinuousMode/FSBL/Src/main.c:468:26:SetSensorGainHelper	16	static
D:/Skycomm/Tracker/stm-tracker/code/DCMIPP_ContinuousMode/FSBL/Src/main.c:479:26:GetSensorGainHelper	16	static
D:/Skycomm/Tracker/stm-tracker/code/DCMIPP_ContinuousMode/FSBL/Src/main.c:490:26:SetSensorExposureHelper	16	static
D:/Skycomm/Tracker/stm-tracker/code/DCMIPP_ContinuousMode/FSBL/Src/main.c:501:26:GetSensorExposureHelper	16	static
D:/Skycomm/Tracker/stm-tracker/code/DCMIPP_ContinuousMode/FSBL/Src/main.c:508:6:HAL_DCMIPP_PIPE_FrameEventCallback	16	static
D:/Skycomm/Tracker/stm-tracker/code/DCMIPP_ContinuousMode/FSBL/Src/main.c:519:6:HAL_DCMIPP_PIPE_VsyncEventCallback	16	static
D:/Skycomm/Tracker/stm-tracker/code/DCMIPP_ContinuousMode/FSBL/Src/main.c:544:6:Error_Handler	8	static
D:/Skycomm/Tracker/stm-tracker/code/DCMIPP_ContinuousMode/FSBL/Src/main.c:564:6:assert_failed	16	static
