D:/Skycomm/Tracker/stm-tracker/code/DCMIPP_ContinuousMode/FSBL/Src/main.c:92:5:main	80	static,ignoring_inline_asm
D:/Skycomm/Tracker/stm-tracker/code/DCMIPP_ContinuousMode/FSBL/Src/main.c:196:6:SystemClock_Config	224	static
D:/Skycomm/Tracker/stm-tracker/code/DCMIPP_ContinuousMode/FSBL/Src/main.c:288:13:MX_DCMIPP_Init	72	static
D:/Skycomm/Tracker/stm-tracker/code/DCMIPP_ContinuousMode/FSBL/Src/main.c:362:13:LCD_Init	72	static
D:/Skycomm/Tracker/stm-tracker/code/DCMIPP_ContinuousMode/FSBL/Src/main.c:418:13:IMX335_Probe	48	static
D:/Skycomm/Tracker/stm-tracker/code/DCMIPP_ContinuousMode/FSBL/Src/main.c:467:26:GetSensorInfoHelper	16	static
D:/Skycomm/Tracker/stm-tracker/code/DCMIPP_ContinuousMode/FSBL/Src/main.c:477:26:SetSensorGainHelper	16	static
D:/Skycomm/Tracker/stm-tracker/code/DCMIPP_ContinuousMode/FSBL/Src/main.c:488:26:GetSensorGainHelper	16	static
D:/Skycomm/Tracker/stm-tracker/code/DCMIPP_ContinuousMode/FSBL/Src/main.c:499:26:SetSensorExposureHelper	16	static
D:/Skycomm/Tracker/stm-tracker/code/DCMIPP_ContinuousMode/FSBL/Src/main.c:510:26:GetSensorExposureHelper	16	static
D:/Skycomm/Tracker/stm-tracker/code/DCMIPP_ContinuousMode/FSBL/Src/main.c:517:13:CleanDCacheForBuffer	32	static,ignoring_inline_asm
D:/Skycomm/Tracker/stm-tracker/code/DCMIPP_ContinuousMode/FSBL/Src/main.c:528:13:DrawPixelRGB565	32	static
D:/Skycomm/Tracker/stm-tracker/code/DCMIPP_ContinuousMode/FSBL/Src/main.c:537:13:DrawFrameRGB565	32	static
D:/Skycomm/Tracker/stm-tracker/code/DCMIPP_ContinuousMode/FSBL/Src/main.c:579:13:DrawCenteredGreenFrame	40	static
D:/Skycomm/Tracker/stm-tracker/code/DCMIPP_ContinuousMode/FSBL/Src/main.c:591:6:HAL_DCMIPP_PIPE_FrameEventCallback	16	static
D:/Skycomm/Tracker/stm-tracker/code/DCMIPP_ContinuousMode/FSBL/Src/main.c:613:6:HAL_DCMIPP_PIPE_VsyncEventCallback	16	static
D:/Skycomm/Tracker/stm-tracker/code/DCMIPP_ContinuousMode/FSBL/Src/main.c:643:6:Error_Handler	8	static
D:/Skycomm/Tracker/stm-tracker/code/DCMIPP_ContinuousMode/FSBL/Src/main.c:663:6:assert_failed	16	static
