Archive member included to satisfy reference by file (symbol)

../../../Middlewares/ST/STM32_ISP_Library/evision/Lib\libn6-evision-awb_iar.a(evision-awb.o)
                              ./Middlewares/STM32_ISP/isp_algo.o (evision_api_awb_delete)
../../../Middlewares/ST/STM32_ISP_Library/evision/Lib\libn6-evision-awb_iar.a(evision-utils.o)
                              ../../../Middlewares/ST/STM32_ISP_Library/evision/Lib\libn6-evision-awb_iar.a(evision-awb.o) (lFMMYTAFMF)
../../../Middlewares/ST/STM32_ISP_Library/evision/Lib\libn6-evision-st-ae_iar.a(evision-st-ae.o)
                              ./Middlewares/STM32_ISP/isp_algo.o (evision_api_st_ae_delete)
C:/ST/STM32CubeIDE_1.19.0/STM32CubeIDE/plugins/com.st.stm32cube.ide.mcu.externaltools.gnu-tools-for-stm32.13.3.rel1.win32_1.0.0.202411081344/tools/bin/../lib/gcc/arm-none-eabi/13.3.1/../../../../arm-none-eabi/lib/thumb/v8-m.main+dp/hard\libc_nano.a(libc_a-exit.o)
                              C:/ST/STM32CubeIDE_1.19.0/STM32CubeIDE/plugins/com.st.stm32cube.ide.mcu.externaltools.gnu-tools-for-stm32.13.3.rel1.win32_1.0.0.202411081344/tools/bin/../lib/gcc/arm-none-eabi/13.3.1/../../../../arm-none-eabi/lib/thumb/v8-m.main+dp/hard/crt0.o (exit)
C:/ST/STM32CubeIDE_1.19.0/STM32CubeIDE/plugins/com.st.stm32cube.ide.mcu.externaltools.gnu-tools-for-stm32.13.3.rel1.win32_1.0.0.202411081344/tools/bin/../lib/gcc/arm-none-eabi/13.3.1/../../../../arm-none-eabi/lib/thumb/v8-m.main+dp/hard\libc_nano.a(libc_a-findfp.o)
                              C:/ST/STM32CubeIDE_1.19.0/STM32CubeIDE/plugins/com.st.stm32cube.ide.mcu.externaltools.gnu-tools-for-stm32.13.3.rel1.win32_1.0.0.202411081344/tools/bin/../lib/gcc/arm-none-eabi/13.3.1/../../../../arm-none-eabi/lib/thumb/v8-m.main+dp/hard\libc_nano.a(libc_a-exit.o) (__stdio_exit_handler)
C:/ST/STM32CubeIDE_1.19.0/STM32CubeIDE/plugins/com.st.stm32cube.ide.mcu.externaltools.gnu-tools-for-stm32.13.3.rel1.win32_1.0.0.202411081344/tools/bin/../lib/gcc/arm-none-eabi/13.3.1/../../../../arm-none-eabi/lib/thumb/v8-m.main+dp/hard\libc_nano.a(libc_a-fwalk.o)
                              C:/ST/STM32CubeIDE_1.19.0/STM32CubeIDE/plugins/com.st.stm32cube.ide.mcu.externaltools.gnu-tools-for-stm32.13.3.rel1.win32_1.0.0.202411081344/tools/bin/../lib/gcc/arm-none-eabi/13.3.1/../../../../arm-none-eabi/lib/thumb/v8-m.main+dp/hard\libc_nano.a(libc_a-findfp.o) (_fwalk_sglue)
C:/ST/STM32CubeIDE_1.19.0/STM32CubeIDE/plugins/com.st.stm32cube.ide.mcu.externaltools.gnu-tools-for-stm32.13.3.rel1.win32_1.0.0.202411081344/tools/bin/../lib/gcc/arm-none-eabi/13.3.1/../../../../arm-none-eabi/lib/thumb/v8-m.main+dp/hard\libc_nano.a(libc_a-printf.o)
                              ./Middlewares/STM32_ISP/isp_algo.o (printf)
C:/ST/STM32CubeIDE_1.19.0/STM32CubeIDE/plugins/com.st.stm32cube.ide.mcu.externaltools.gnu-tools-for-stm32.13.3.rel1.win32_1.0.0.202411081344/tools/bin/../lib/gcc/arm-none-eabi/13.3.1/../../../../arm-none-eabi/lib/thumb/v8-m.main+dp/hard\libc_nano.a(libc_a-puts.o)
                              ./Middlewares/STM32_ISP/isp_algo.o (puts)
C:/ST/STM32CubeIDE_1.19.0/STM32CubeIDE/plugins/com.st.stm32cube.ide.mcu.externaltools.gnu-tools-for-stm32.13.3.rel1.win32_1.0.0.202411081344/tools/bin/../lib/gcc/arm-none-eabi/13.3.1/../../../../arm-none-eabi/lib/thumb/v8-m.main+dp/hard\libc_nano.a(libc_a-snprintf.o)
                              ../../../Middlewares/ST/STM32_ISP_Library/evision/Lib\libn6-evision-awb_iar.a(evision-awb.o) (snprintf)
C:/ST/STM32CubeIDE_1.19.0/STM32CubeIDE/plugins/com.st.stm32cube.ide.mcu.externaltools.gnu-tools-for-stm32.13.3.rel1.win32_1.0.0.202411081344/tools/bin/../lib/gcc/arm-none-eabi/13.3.1/../../../../arm-none-eabi/lib/thumb/v8-m.main+dp/hard\libc_nano.a(libc_a-stdio.o)
                              C:/ST/STM32CubeIDE_1.19.0/STM32CubeIDE/plugins/com.st.stm32cube.ide.mcu.externaltools.gnu-tools-for-stm32.13.3.rel1.win32_1.0.0.202411081344/tools/bin/../lib/gcc/arm-none-eabi/13.3.1/../../../../arm-none-eabi/lib/thumb/v8-m.main+dp/hard\libc_nano.a(libc_a-findfp.o) (__sread)
C:/ST/STM32CubeIDE_1.19.0/STM32CubeIDE/plugins/com.st.stm32cube.ide.mcu.externaltools.gnu-tools-for-stm32.13.3.rel1.win32_1.0.0.202411081344/tools/bin/../lib/gcc/arm-none-eabi/13.3.1/../../../../arm-none-eabi/lib/thumb/v8-m.main+dp/hard\libc_nano.a(libc_a-wbuf.o)
                              C:/ST/STM32CubeIDE_1.19.0/STM32CubeIDE/plugins/com.st.stm32cube.ide.mcu.externaltools.gnu-tools-for-stm32.13.3.rel1.win32_1.0.0.202411081344/tools/bin/../lib/gcc/arm-none-eabi/13.3.1/../../../../arm-none-eabi/lib/thumb/v8-m.main+dp/hard\libc_nano.a(libc_a-puts.o) (__swbuf_r)
C:/ST/STM32CubeIDE_1.19.0/STM32CubeIDE/plugins/com.st.stm32cube.ide.mcu.externaltools.gnu-tools-for-stm32.13.3.rel1.win32_1.0.0.202411081344/tools/bin/../lib/gcc/arm-none-eabi/13.3.1/../../../../arm-none-eabi/lib/thumb/v8-m.main+dp/hard\libc_nano.a(libc_a-wsetup.o)
[...]
Memory Configuration

Name             Origin             Length             Attributes
ROM              0x34180400         0x0003fc00         xrw
RAM              0x341c0000         0x00040000         xrw
*default*        0x00000000         0xffffffff

Linker script and memory map

LOAD C:/ST/STM32CubeIDE_1.19.0/STM32CubeIDE/plugins/com.st.stm32cube.ide.mcu.externaltools.gnu-tools-for-stm32.13.3.rel1.win32_1.0.0.202411081344/tools/bin/../lib/gcc/arm-none-eabi/13.3.1/thumb/v8-m.main+dp/hard/crti.o
LOAD C:/ST/STM32CubeIDE_1.19.0/STM32CubeIDE/plugins/com.st.stm32cube.ide.mcu.externaltools.gnu-tools-for-stm32.13.3.rel1.win32_1.0.0.202411081344/tools/bin/../lib/gcc/arm-none-eabi/13.3.1/thumb/v8-m.main+dp/hard/crtbegin.o
LOAD C:/ST/STM32CubeIDE_1.19.0/STM32CubeIDE/plugins/com.st.stm32cube.ide.mcu.externaltools.gnu-tools-for-stm32.13.3.rel1.win32_1.0.0.202411081344/tools/bin/../lib/gcc/arm-none-eabi/13.3.1/../../../../arm-none-eabi/lib/thumb/v8-m.main+dp/hard/crt0.o
LOAD ./Application/Startup/startup_stm32n657x0hxq_fsbl.o
LOAD ./Application/User/main.o
LOAD ./Application/User/stm32n6xx_hal_msp.o
LOAD ./Application/User/stm32n6xx_it.o
LOAD ./Application/User/syscalls.o
LOAD ./Application/User/sysmem.o
LOAD ./Drivers/BSP/Components/IMX335/imx335.o
LOAD ./Drivers/BSP/Components/IMX335/imx335_reg.o
LOAD ./Drivers/BSP/STM32N6570-DK/stm32n6570_discovery.o
LOAD ./Drivers/BSP/STM32N6570-DK/stm32n6570_discovery_bus.o
LOAD ./Drivers/CMSIS/system_stm32n6xx_fsbl.o
LOAD ./Drivers/STM32N6xx_HAL_Driver/stm32n6xx_hal.o
LOAD ./Drivers/STM32N6xx_HAL_Driver/stm32n6xx_hal_cortex.o
LOAD ./Drivers/STM32N6xx_HAL_Driver/stm32n6xx_hal_dcmipp.o
LOAD ./Drivers/STM32N6xx_HAL_Driver/stm32n6xx_hal_dma.o
LOAD ./Drivers/STM32N6xx_HAL_Driver/stm32n6xx_hal_dma_ex.o
LOAD ./Drivers/STM32N6xx_HAL_Driver/stm32n6xx_hal_exti.o
LOAD ./Drivers/STM32N6xx_HAL_Driver/stm32n6xx_hal_gpio.o
LOAD ./Drivers/STM32N6xx_HAL_Driver/stm32n6xx_hal_i2c.o
LOAD ./Drivers/STM32N6xx_HAL_Driver/stm32n6xx_hal_i2c_ex.o
LOAD ./Drivers/STM32N6xx_HAL_Driver/stm32n6xx_hal_icache.o
LOAD ./Drivers/STM32N6xx_HAL_Driver/stm32n6xx_hal_ltdc.o
LOAD ./Drivers/STM32N6xx_HAL_Driver/stm32n6xx_hal_pwr.o
LOAD ./Drivers/STM32N6xx_HAL_Driver/stm32n6xx_hal_pwr_ex.o
LOAD ./Drivers/STM32N6xx_HAL_Driver/stm32n6xx_hal_ramcfg.o
LOAD ./Drivers/STM32N6xx_HAL_Driver/stm32n6xx_hal_rcc.o
LOAD ./Drivers/STM32N6xx_HAL_Driver/stm32n6xx_hal_rcc_ex.o
LOAD ./Drivers/STM32N6xx_HAL_Driver/stm32n6xx_hal_rif.o
LOAD ./Drivers/STM32N6xx_HAL_Driver/stm32n6xx_hal_uart.o
LOAD ./Drivers/STM32N6xx_HAL_Driver/stm32n6xx_hal_uart_ex.o
LOAD ./Middlewares/STM32_ISP/isp_algo.o
LOAD ./Middlewares/STM32_ISP/isp_core.o
LOAD ./Middlewares/STM32_ISP/isp_services.o
LOAD ../../../Middlewares/ST/STM32_ISP_Library/evision/Lib\libn6-evision-awb_iar.a
LOAD ../../../Middlewares/ST/STM32_ISP_Library/evision/Lib\libn6-evision-st-ae_iar.a
START GROUP
LOAD C:/ST/STM32CubeIDE_1.19.0/STM32CubeIDE/plugins/com.st.stm32cube.ide.mcu.externaltools.gnu-tools-for-stm32.13.3.rel1.win32_1.0.0.202411081344/tools/bin/../lib/gcc/arm-none-eabi/13.3.1/../../../../arm-none-eabi/lib/thumb/v8-m.main+dp/hard\libc_nano.a
LOAD C:/ST/STM32CubeIDE_1.19.0/STM32CubeIDE/plugins/com.st.stm32cube.ide.mcu.externaltools.gnu-tools-for-stm32.13.3.rel1.win32_1.0.0.202411081344/tools/bin/../lib/gcc/arm-none-eabi/13.3.1/../../../../arm-none-eabi/lib/thumb/v8-m.main+dp/hard\libm.a
END GROUP
START GROUP
LOAD C:/ST/STM32CubeIDE_1.19.0/STM32CubeIDE/plugins/com.st.stm32cube.ide.mcu.externaltools.gnu-tools-for-stm32.13.3.rel1.win32_1.0.0.202411081344/tools/bin/../lib/gcc/arm-none-eabi/13.3.1/thumb/v8-m.main+dp/hard\libgcc.a
LOAD C:/ST/STM32CubeIDE_1.19.0/STM32CubeIDE/plugins/com.st.stm32cube.ide.mcu.externaltools.gnu-tools-for-stm32.13.3.rel1.win32_1.0.0.202411081344/tools/bin/../lib/gcc/arm-none-eabi/13.3.1/../../../../arm-none-eabi/lib/thumb/v8-m.main+dp/hard\libc_nano.a
END GROUP
START GROUP
LOAD C:/ST/STM32CubeIDE_1.19.0/STM32CubeIDE/plugins/com.st.stm32cube.ide.mcu.externaltools.gnu-tools-for-stm32.13.3.rel1.win32_1.0.0.202411081344/tools/bin/../lib/gcc/arm-none-eabi/13.3.1/thumb/v8-m.main+dp/hard\libgcc.a
LOAD C:/ST/STM32CubeIDE_1.19.0/STM32CubeIDE/plugins/com.st.stm32cube.ide.mcu.externaltools.gnu-tools-for-stm32.13.3.rel1.win32_1.0.0.202411081344/tools/bin/../lib/gcc/arm-none-eabi/13.3.1/../../../../arm-none-eabi/lib/thumb/v8-m.main+dp/hard\libc_nano.a
LOAD C:/ST/STM32CubeIDE_1.19.0/STM32CubeIDE/plugins/com.st.stm32cube.ide.mcu.externaltools.gnu-tools-for-stm32.13.3.rel1.win32_1.0.0.202411081344/tools/bin/../lib/gcc/arm-none-eabi/13.3.1/../../../../arm-none-eabi/lib/thumb/v8-m.main+dp/hard\libnosys.a
END GROUP
START GROUP
LOAD C:/ST/STM32CubeIDE_1.19.0/STM32CubeIDE/plugins/com.st.stm32cube.ide.mcu.externaltools.gnu-tools-for-stm32.13.3.rel1.win32_1.0.0.202411081344/tools/bin/../lib/gcc/arm-none-eabi/13.3.1/thumb/v8-m.main+dp/hard\libgcc.a
LOAD C:/ST/STM32CubeIDE_1.19.0/STM32CubeIDE/plugins/com.st.stm32cube.ide.mcu.externaltools.gnu-tools-for-stm32.13.3.rel1.win32_1.0.0.202411081344/tools/bin/../lib/gcc/arm-none-eabi/13.3.1/../../../../arm-none-eabi/lib/thumb/v8-m.main+dp/hard\libc_nano.a
LOAD C:/ST/STM32CubeIDE_1.19.0/STM32CubeIDE/plugins/com.st.stm32cube.ide.mcu.externaltools.gnu-tools-for-stm32.13.3.rel1.win32_1.0.0.202411081344/tools/bin/../lib/gcc/arm-none-eabi/13.3.1/../../../../arm-none-eabi/lib/thumb/v8-m.main+dp/hard\libnosys.a
END GROUP
LOAD C:/ST/STM32CubeIDE_1.19.0/STM32CubeIDE/plugins/com.st.stm32cube.ide.mcu.externaltools.gnu-tools-for-stm32.13.3.rel1.win32_1.0.0.202411081344/tools/bin/../lib/gcc/arm-none-eabi/13.3.1/thumb/v8-m.main+dp/hard/crtend.o
LOAD C:/ST/STM32CubeIDE_1.19.0/STM32CubeIDE/plugins/com.st.stm32cube.ide.mcu.externaltools.gnu-tools-for-stm32.13.3.rel1.win32_1.0.0.202411081344/tools/bin/../lib/gcc/arm-none-eabi/13.3.1/thumb/v8-m.main+dp/hard/crtn.o
                0x34200000                        _estack = (ORIGIN (RAM) + LENGTH (RAM))
                0x341ff800                        _sstack = (_estack - _Min_Stack_Size)
                0x00000200                        _Min_Heap_Size = 0x200
                0x00000800                        _Min_Stack_Size = 0x800

.isr_vector     0x34180400      0x34c
                0x34180400                        . = ALIGN (0x4)
 *(.isr_vector)
 .isr_vector    0x34180400      0x34c ./Application/Startup/startup_stm32n657x0hxq_fsbl.o
                0x34180400                g_pfnVectors
                0x3418074c                        . = ALIGN (0x4)

.text           0x34180750    0x203e8
                0x34180750                        . = ALIGN (0x4)
 *(.text)
 .text          0x34180750       0x40 C:/ST/STM32CubeIDE_1.19.0/STM32CubeIDE/plugins/com.st.stm32cube.ide.mcu.externaltools.gnu-tools-for-stm32.13.3.rel1.win32_1.0.0.202411081344/tools/bin/../lib/gcc/arm-none-eabi/13.3.1/thumb/v8-m.main+dp/hard/crtbegin.o
 .text          0x34180790      0x9f8 ../../../Middlewares/ST/STM32_ISP_Library/evision/Lib\libn6-evision-awb_iar.a(evision-awb.o)
                0x34180790                FjMVFzrolo
                0x34180b76                bFoakDMIhY
                0x34180cc0                evision_api_awb_new
                0x34180cf6                evision_api_awb_delete
                0x34180d02                evision_api_awb_set_profile
                0x34180d4a                evision_api_awb_init_profiles
                0x3418109e                evision_api_awb_run_average
 .text          0x34181188      0x174 ../../../Middlewares/ST/STM32_ISP_Library/evision/Lib\libn6-evision-awb_iar.a(evision-utils.o)
                0x34181188                lFMMYTAFMF
 .text          0x341812fc      0x4c0 ../../../Middlewares/ST/STM32_ISP_Library/evision/Lib\libn6-evision-st-ae_iar.a(evision-st-ae.o)
                0x341812fc                evision_api_st_ae_new
                0x3418132e                evision_api_st_ae_delete
                0x3418133a                xwMKQPMJvh
                0x34181394                evision_api_st_ae_init
                0x341814e8                evision_api_st_ae_process
 .text          0x341817bc       0xa0 C:/ST/STM32CubeIDE_1.19.0/STM32CubeIDE/plugins/com.st.stm32cube.ide.mcu.externaltools.gnu-tools-for-stm32.13.3.rel1.win32_1.0.0.202411081344/tools/bin/../lib/gcc/arm-none-eabi/13.3.1/thumb/v8-m.main+dp/hard\libgcc.a(_aeabi_ldivmod.o)
                0x341817bc                __aeabi_ldivmod
 .text          0x3418185c       0x30 C:/ST/STM32CubeIDE_1.19.0/STM32CubeIDE/plugins/com.st.stm32cube.ide.mcu.externaltools.gnu-tools-for-stm32.13.3.rel1.win32_1.0.0.202411081344/tools/bin/../lib/gcc/arm-none-eabi/13.3.1/thumb/v8-m.main+dp/hard\libgcc.a(_aeabi_uldivmod.o)
                0x3418185c                __aeabi_uldivmod
 .text          0x3418188c      0x348 C:/ST/STM32CubeIDE_1.19.0/STM32CubeIDE/plugins/com.st.stm32cube.ide.mcu.externaltools.gnu-tools-for-stm32.13.3.rel1.win32_1.0.0.202411081344/tools/bin/../lib/gcc/arm-none-eabi/13.3.1/thumb/v8-m.main+dp/hard\libgcc.a(_udivmoddi4.o)
                0x3418188c                __udivmoddi4
 .text          0x34181bd4        0x4 C:/ST/STM32CubeIDE_1.19.0/STM32CubeIDE/plugins/com.st.stm32cube.ide.mcu.externaltools.gnu-tools-for-stm32.13.3.rel1.win32_1.0.0.202411081344/tools/bin/../lib/gcc/arm-none-eabi/13.3.1/thumb/v8-m.main+dp/hard\libgcc.a(_dvmd_tls.o)
                0x34181bd4                __aeabi_idiv0
                0x34181bd4                __aeabi_ldiv0
 *(.text*)
 .text.Reset_Handler
                0x34181bd8       0x5c ./Application/Startup/startup_stm32n657x0hxq_fsbl.o
                0x34181bd8                Reset_Handler
 .text.Default_Handler
                0x34181c34        0x2 ./Application/Startup/startup_stm32n657x0hxq_fsbl.o
                0x34181c34                HPDMA1_Channel13_IRQHandler
                0x34181c34                EXTI2_IRQHandler
                0x34181c34                MCE2_IRQHandler
                0x34181c34                TIM8_CC_IRQHandler
                0x34181c34                USB2_OTG_HS_IRQHandler
                0x34181c34                SAI1_A_IRQHandler
                0x34181c34                EXTI5_IRQHandler
                0x34181c34                I3C1_ER_IRQHandler
                0x34181c34                UART8_IRQHandler
                0x34181c34                CTI_INT0_IRQHandler
                0x34181c34                SPI4_IRQHandler
                0x34181c34                LTDC_LO_IRQHandler
                0x34181c34                NPU2_IRQHandler
                0x34181c34                FDCAN3_IT0_IRQHandler
                0x34181c34                EXTI13_IRQHandler
                0x34181c34                TIM1_CC_IRQHandler
                0x34181c34                XSPI1_IRQHandler
                0x34181c34                TIM10_IRQHandler
                0x34181c34                JPEG_IRQHandler
                0x34181c34                TAMP_IRQHandler
                0x34181c34                CACHE_ECC_IRQHandler
                0x34181c34                TIM6_IRQHandler
                0x34181c34                EXTI12_IRQHandler
                0x34181c34                GFXTIM_IRQHandler
                0x34181c34                EXTI3_IRQHandler
                0x34181c34                LPTIM4_IRQHandler
                0x34181c34                GPDMA1_Channel5_IRQHandler
                0x34181c34                EXTI8_IRQHandler
                0x34181c34                LPTIM2_IRQHandler
                0x34181c34                GFXMMU_IRQHandler
                0x34181c34                LTDC_LO_ERR_IRQHandler
                0x34181c34                I2C3_ER_IRQHandler
                0x34181c34                RIFSC_TAMPER_IRQHandler
                0x34181c34                USART10_IRQHandler
                0x34181c34                MDF1_FLT2_IRQHandler
                0x34181c34                LPTIM3_IRQHandler
                0x34181c34                SAI2_A_IRQHandler
                0x34181c34                EXTI0_IRQHandler
                0x34181c34                HPDMA1_Channel9_IRQHandler
                0x34181c34                I2C2_EV_IRQHandler
                0x34181c34                GPU2D_IRQHandler
                0x34181c34                FPU_IRQHandler
                0x34181c34                GPDMA1_Channel3_IRQHandler
                0x34181c34                GPDMA1_Channel7_IRQHandler
                0x34181c34                MDF1_FLT4_IRQHandler
                0x34181c34                FDCAN1_IT1_IRQHandler
                0x34181c34                HPDMA1_Channel3_IRQHandler
                0x34181c34                ADC1_2_IRQHandler
                0x34181c34                GPDMA1_Channel9_IRQHandler
                0x34181c34                SPI1_IRQHandler
                0x34181c34                CACHEAXI_IRQHandler
                0x34181c34                SAI1_B_IRQHandler
                0x34181c34                GPDMA1_Channel2_IRQHandler
                0x34181c34                PAHB_ERR_IRQHandler
                0x34181c34                TIM8_UP_IRQHandler
                0x34181c34                RCC_S_IRQHandler
                0x34181c34                MDF1_FLT1_IRQHandler
                0x34181c34                LTDC_UP_IRQHandler
                0x34181c34                LOCKUP_IRQHandler
                0x34181c34                PKA_IRQHandler
                0x34181c34                USART6_IRQHandler
                0x34181c34                HPDMA1_Channel2_IRQHandler
                0x34181c34                MDF1_FLT5_IRQHandler
                0x34181c34                MCE4_IRQHandler
                0x34181c34                I3C2_ER_IRQHandler
                0x34181c34                EXTI15_IRQHandler
                0x34181c34                TIM17_IRQHandler
                0x34181c34                USART3_IRQHandler
                0x34181c34                HPDMA1_Channel6_IRQHandler
                0x34181c34                CRYP_IRQHandler
                0x34181c34                RTC_IRQHandler
                0x34181c34                XSPI2_IRQHandler
                0x34181c34                EXTI9_IRQHandler
                0x34181c34                IAC_IRQHandler
                0x34181c34                HPDMA1_Channel0_IRQHandler
                0x34181c34                LPTIM5_IRQHandler
                0x34181c34                HPDMA1_Channel1_IRQHandler
                0x34181c34                UART5_IRQHandler
                0x34181c34                TIM4_IRQHandler
                0x34181c34                NPU3_IRQHandler
                0x34181c34                I3C2_EV_IRQHandler
                0x34181c34                I2C1_EV_IRQHandler
                0x34181c34                FDCAN_CU_IRQHandler
                0x34181c34                GPDMA1_Channel12_IRQHandler
                0x34181c34                HPDMA1_Channel7_IRQHandler
                0x34181c34                GPDMA1_Channel1_IRQHandler
                0x34181c34                TIM16_IRQHandler
                0x34181c34                GPDMA1_Channel15_IRQHandler
                0x34181c34                UART4_IRQHandler
                0x34181c34                TCM_ECC_IRQHandler
                0x34181c34                TIM3_IRQHandler
                0x34181c34                RCC_IRQHandler
                0x34181c34                UART9_IRQHandler
                0x34181c34                NPU1_IRQHandler
                0x34181c34                SAI2_B_IRQHandler
                0x34181c34                Default_Handler
                0x34181c34                GPDMA1_Channel8_IRQHandler
                0x34181c34                HPDMA1_Channel8_IRQHandler
                0x34181c34                TIM18_IRQHandler
                0x34181c34                TIM14_IRQHandler
                0x34181c34                TIM13_IRQHandler
                0x34181c34                CTI_INT1_IRQHandler
                0x34181c34                GPDMA1_Channel11_IRQHandler
                0x34181c34                GPU2D_ER_IRQHandler
                0x34181c34                SPI5_IRQHandler
                0x34181c34                TIM12_IRQHandler
                0x34181c34                TIM7_IRQHandler
                0x34181c34                FDCAN3_IT1_IRQHandler
                0x34181c34                HPDMA1_Channel10_IRQHandler
                0x34181c34                SDMMC1_IRQHandler
                0x34181c34                SAES_IRQHandler
                0x34181c34                TIM5_IRQHandler
                0x34181c34                UCPD1_IRQHandler
                0x34181c34                GPDMA1_Channel0_IRQHandler
                0x34181c34                I3C1_EV_IRQHandler
                0x34181c34                HPDMA1_Channel5_IRQHandler
                0x34181c34                TIM15_IRQHandler
                0x34181c34                I2C3_EV_IRQHandler
                0x34181c34                HPDMA1_Channel4_IRQHandler
                0x34181c34                HPDMA1_Channel15_IRQHandler
                0x34181c34                TIM9_IRQHandler
                0x34181c34                ETH1_IRQHandler
                0x34181c34                USB1_OTG_HS_IRQHandler
                0x34181c34                PVD_PVM_IRQHandler
                0x34181c34                SPI2_IRQHandler
                0x34181c34                TIM1_TRG_CCU_IRQHandler
                0x34181c34                HPDMA1_Channel11_IRQHandler
                0x34181c34                EXTI14_IRQHandler
                0x34181c34                EXTI11_IRQHandler
                0x34181c34                VENC_IRQHandler
                0x34181c34                GPDMA1_Channel14_IRQHandler
                0x34181c34                EXTI4_IRQHandler
                0x34181c34                RTC_S_IRQHandler
                0x34181c34                GPDMA1_Channel13_IRQHandler
                0x34181c34                RNG_IRQHandler
                0x34181c34                XSPI3_IRQHandler
                0x34181c34                FDCAN2_IT1_IRQHandler
                0x34181c34                TIM1_UP_IRQHandler
                0x34181c34                NPU0_IRQHandler
                0x34181c34                BCK_ECC_IRQHandler
                0x34181c34                WWDG_IRQHandler
                0x34181c34                SPI6_IRQHandler
                0x34181c34                MDIOS_IRQHandler
                0x34181c34                I2C4_EV_IRQHandler
                0x34181c34                FDCAN2_IT0_IRQHandler
                0x34181c34                IWDG_IRQHandler
                0x34181c34                HPDMA1_Channel14_IRQHandler
                0x34181c34                LPUART1_IRQHandler
                0x34181c34                FDCAN1_IT0_IRQHandler
                0x34181c34                MDF1_FLT0_IRQHandler
                0x34181c34                TIM2_IRQHandler
                0x34181c34                MCE3_IRQHandler
                0x34181c34                GPDMA1_Channel4_IRQHandler
                0x34181c34                EXTI7_IRQHandler
                0x34181c34                DMA2D_IRQHandler
                0x34181c34                TIM1_BRK_IRQHandler
                0x34181c34                EXTI1_IRQHandler
                0x34181c34                SDMMC2_IRQHandler
                0x34181c34                TIM11_IRQHandler
                0x34181c34                LTDC_UP_ERR_IRQHandler
                0x34181c34                UART7_IRQHandler
                0x34181c34                DTS_IRQHandler
                0x34181c34                MDF1_FLT3_IRQHandler
                0x34181c34                USART2_IRQHandler
                0x34181c34                GPDMA1_Channel6_IRQHandler
                0x34181c34                ADF1_FLT0_IRQHandler
                0x34181c34                I2C2_ER_IRQHandler
                0x34181c34                MCE1_IRQHandler
                0x34181c34                SPDIFRX_IRQHandler
                0x34181c34                TIM8_BRK_IRQHandler
                0x34181c34                HPDMA1_Channel12_IRQHandler
                0x34181c34                USART1_IRQHandler
                0x34181c34                EXTI10_IRQHandler
                0x34181c34                SPI3_IRQHandler
                0x34181c34                WAKEUP_PIN_IRQHandler
                0x34181c34                I2C1_ER_IRQHandler
                0x34181c34                FMC_IRQHandler
                0x34181c34                EXTI6_IRQHandler
                0x34181c34                LPTIM1_IRQHandler
                0x34181c34                DCMI_PSSI_IRQHandler
                0x34181c34                TIM8_TRG_CCU_IRQHandler
                0x34181c34                I2C4_ER_IRQHandler
                0x34181c34                GPDMA1_Channel10_IRQHandler
                0x34181c34                ICACHE_IRQHandler
                0x34181c34                HASH_IRQHandler
 *fill*         0x34181c36        0x2 
 .text.main     0x34181c38      0x1d8 ./Application/User/main.o
                0x34181c38                main
 .text.SystemClock_Config
                0x34181e10      0x166 ./Application/User/main.o
                0x34181e10                SystemClock_Config
 *fill*         0x34181f76        0x2 
 .text.MX_DCMIPP_Init
                0x34181f78      0x220 ./Application/User/main.o
 .text.LCD_Init
                0x34182198      0x108 ./Application/User/main.o
 .text.IMX335_Probe
                0x341822a0       0xa8 ./Application/User/main.o
 .text.GetSensorInfoHelper
                0x34182348       0x24 ./Application/User/main.o
 .text.SetSensorGainHelper
                0x3418236c       0x2c ./Application/User/main.o
 .text.GetSensorGainHelper
                0x34182398       0x24 ./Application/User/main.o
 .text.SetSensorExposureHelper
                0x341823bc       0x2c ./Application/User/main.o
 .text.GetSensorExposureHelper
                0x341823e8       0x24 ./Application/User/main.o
 .text.CleanDCacheForBuffer
                0x3418240c       0x80 ./Application/User/main.o
 .text.DrawPixelRGB565
                0x3418248c       0x4c ./Application/User/main.o
 .text.DrawFrameRGB565
                0x341824d8       0xfa ./Application/User/main.o
 .text.DrawCenteredGreenFrame
                0x341825d2       0x44 ./Application/User/main.o
 *fill*         0x34182616        0x2 
 .text.HAL_DCMIPP_PIPE_FrameEventCallback
                0x34182618       0x30 ./Application/User/main.o
                0x34182618                HAL_DCMIPP_PIPE_FrameEventCallback
 .text.HAL_DCMIPP_PIPE_VsyncEventCallback
                0x34182648       0x50 ./Application/User/main.o
                0x34182648                HAL_DCMIPP_PIPE_VsyncEventCallback
 .text.Error_Handler
                0x34182698       0x14 ./Application/User/main.o
                0x34182698                Error_Handler
 .text.assert_failed
                0x341826ac        0xe ./Application/User/main.o
                0x341826ac                assert_failed
 *fill*         0x341826ba        0x2 
 .text.LL_MEM_EnableClock
                0x341826bc       0x2c ./Application/User/stm32n6xx_hal_msp.o
 .text.LL_AHB3_GRP1_EnableClock
                0x341826e8       0x2c ./Application/User/stm32n6xx_hal_msp.o
 .text.LL_AHB4_GRP1_EnableClock
                0x34182714       0x2c ./Application/User/stm32n6xx_hal_msp.o
 .text.LL_APB5_GRP1_EnableClock
                0x34182740       0x2c ./Application/User/stm32n6xx_hal_msp.o
 .text.LL_APB5_GRP1_ForceReset
                0x3418276c       0x20 ./Application/User/stm32n6xx_hal_msp.o
 .text.LL_APB5_GRP1_ReleaseReset
                0x3418278c       0x28 ./Application/User/stm32n6xx_hal_msp.o
 .text.HAL_MspInit
                0x341827b4        0xe ./Application/User/stm32n6xx_hal_msp.o
                0x341827b4                HAL_MspInit
 *fill*         0x341827c2        0x2 
 .text.HAL_DCMIPP_MspInit
                0x341827c4      0x290 ./Application/User/stm32n6xx_hal_msp.o
                0x341827c4                HAL_DCMIPP_MspInit
 .text.HAL_LTDC_MspInit
                0x34182a54      0x25c ./Application/User/stm32n6xx_hal_msp.o
                0x34182a54                HAL_LTDC_MspInit
 .text.NMI_Handler
                0x34182cb0        0x8 ./Application/User/stm32n6xx_it.o
                0x34182cb0                NMI_Handler
 .text.HardFault_Handler
                0x34182cb8        0x8 ./Application/User/stm32n6xx_it.o
                0x34182cb8                HardFault_Handler
 .text.MemManage_Handler
                0x34182cc0        0x8 ./Application/User/stm32n6xx_it.o
                0x34182cc0                MemManage_Handler
 .text.BusFault_Handler
                0x34182cc8        0x8 ./Application/User/stm32n6xx_it.o
                0x34182cc8                BusFault_Handler
 .text.UsageFault_Handler
                0x34182cd0        0x8 ./Application/User/stm32n6xx_it.o
                0x34182cd0                UsageFault_Handler
 .text.SecureFault_Handler
                0x34182cd8        0x8 ./Application/User/stm32n6xx_it.o
                0x34182cd8                SecureFault_Handler
 .text.SVC_Handler
                0x34182ce0        0xe ./Application/User/stm32n6xx_it.o
                0x34182ce0                SVC_Handler
 .text.DebugMon_Handler
                0x34182cee        0xe ./Application/User/stm32n6xx_it.o
                0x34182cee                DebugMon_Handler
 .text.PendSV_Handler
                0x34182cfc        0xe ./Application/User/stm32n6xx_it.o
                0x34182cfc                PendSV_Handler
 .text.SysTick_Handler
                0x34182d0a        0xc ./Application/User/stm32n6xx_it.o
                0x34182d0a                SysTick_Handler
 *fill*         0x34182d16        0x2 
 .text.CSI_IRQHandler
                0x34182d18       0x14 ./Application/User/stm32n6xx_it.o
                0x34182d18                CSI_IRQHandler
 .text.DCMIPP_IRQHandler
                0x34182d2c       0x14 ./Application/User/stm32n6xx_it.o
                0x34182d2c                DCMIPP_IRQHandler
 .text._read    0x34182d40       0x3a ./Application/User/syscalls.o
                0x34182d40                _read
 .text._write   0x34182d7a       0x38 ./Application/User/syscalls.o
                0x34182d7a                _write
 .text._close   0x34182db2       0x18 ./Application/User/syscalls.o
                0x34182db2                _close
 .text._fstat   0x34182dca       0x20 ./Application/User/syscalls.o
                0x34182dca                _fstat
 .text._isatty  0x34182dea       0x16 ./Application/User/syscalls.o
                0x34182dea                _isatty
 .text._lseek   0x34182e00       0x1a ./Application/User/syscalls.o
                0x34182e00                _lseek
 *fill*         0x34182e1a        0x2 
 .text._sbrk    0x34182e1c       0x6c ./Application/User/sysmem.o
                0x34182e1c                _sbrk
 .text.IMX335_WriteTable
                0x34182e88       0x62 ./Drivers/BSP/Components/IMX335/imx335.o
 .text.IMX335_Delay
                0x34182eea       0x34 ./Drivers/BSP/Components/IMX335/imx335.o
 .text.IMX335_ReadRegWrap
                0x34182f1e       0x32 ./Drivers/BSP/Components/IMX335/imx335.o
 .text.IMX335_WriteRegWrap
                0x34182f50       0x32 ./Drivers/BSP/Components/IMX335/imx335.o
 *fill*         0x34182f82        0x2 
 .text.IMX335_RegisterBusIO
                0x34182f84       0x84 ./Drivers/BSP/Components/IMX335/imx335.o
                0x34182f84                IMX335_RegisterBusIO
 .text.IMX335_Init
                0x34183008       0xa8 ./Drivers/BSP/Components/IMX335/imx335.o
                0x34183008                IMX335_Init
 .text.IMX335_ReadID
                0x341830b0       0x48 ./Drivers/BSP/Components/IMX335/imx335.o
                0x341830b0                IMX335_ReadID
 .text.IMX335_GetSensorInfo
                0x341830f8       0x7c ./Drivers/BSP/Components/IMX335/imx335.o
                0x341830f8                IMX335_GetSensorInfo
 .text.IMX335_SetGain
                0x34183174       0xb0 ./Drivers/BSP/Components/IMX335/imx335.o
                0x34183174                IMX335_SetGain
 .text.IMX335_SetExposure
                0x34183224       0xd0 ./Drivers/BSP/Components/IMX335/imx335.o
                0x34183224                IMX335_SetExposure
 .text.IMX335_SetFrequency
                0x341832f4       0xd4 ./Drivers/BSP/Components/IMX335/imx335.o
                0x341832f4                IMX335_SetFrequency
 .text.imx335_read_reg
                0x341833c8       0x2e ./Drivers/BSP/Components/IMX335/imx335_reg.o
                0x341833c8                imx335_read_reg
 .text.imx335_write_reg
                0x341833f6       0x2e ./Drivers/BSP/Components/IMX335/imx335_reg.o
                0x341833f6                imx335_write_reg
 .text.LL_AHB4_GRP1_EnableClock
                0x34183424       0x2c ./Drivers/BSP/STM32N6570-DK/stm32n6570_discovery.o
 .text.LL_APB1_GRP1_EnableClock
                0x34183450       0x2c ./Drivers/BSP/STM32N6570-DK/stm32n6570_discovery.o
 .text.LL_APB2_GRP1_EnableClock
                0x3418347c       0x2c ./Drivers/BSP/STM32N6570-DK/stm32n6570_discovery.o
 .text.BSP_LED_Init
                0x341834a8       0x84 ./Drivers/BSP/STM32N6570-DK/stm32n6570_discovery.o
                0x341834a8                BSP_LED_Init
 .text.BSP_LED_Off
                0x3418352c       0x58 ./Drivers/BSP/STM32N6570-DK/stm32n6570_discovery.o
                0x3418352c                BSP_LED_Off
 .text.BSP_LED_Toggle
                0x34183584       0x34 ./Drivers/BSP/STM32N6570-DK/stm32n6570_discovery.o
                0x34183584                BSP_LED_Toggle
 .text.BSP_COM_Init
                0x341835b8       0xb4 ./Drivers/BSP/STM32N6570-DK/stm32n6570_discovery.o
                0x341835b8                BSP_COM_Init
 .text.BSP_COM_SelectLogPort
                0x3418366c       0x2c ./Drivers/BSP/STM32N6570-DK/stm32n6570_discovery.o
                0x3418366c                BSP_COM_SelectLogPort
 .text.__io_putchar
                0x34183698       0x38 ./Drivers/BSP/STM32N6570-DK/stm32n6570_discovery.o
                0x34183698                __io_putchar
 .text.MX_USART1_Init
                0x341836d0       0x64 ./Drivers/BSP/STM32N6570-DK/stm32n6570_discovery.o
                0x341836d0                MX_USART1_Init
 .text.MX_USART2_Init
                0x34183734       0x64 ./Drivers/BSP/STM32N6570-DK/stm32n6570_discovery.o
                0x34183734                MX_USART2_Init
 .text.UART_MspInit
                0x34183798      0x124 ./Drivers/BSP/STM32N6570-DK/stm32n6570_discovery.o
 .text.LL_AHB4_GRP1_EnableClock
                0x341838bc       0x2c ./Drivers/BSP/STM32N6570-DK/stm32n6570_discovery_bus.o
 .text.LL_APB1_GRP1_EnableClock
                0x341838e8       0x2c ./Drivers/BSP/STM32N6570-DK/stm32n6570_discovery_bus.o
 .text.LL_APB1_GRP1_DisableClock
                0x34183914       0x28 ./Drivers/BSP/STM32N6570-DK/stm32n6570_discovery_bus.o
 .text.LL_APB1_GRP1_ForceReset
                0x3418393c       0x20 ./Drivers/BSP/STM32N6570-DK/stm32n6570_discovery_bus.o
 .text.LL_APB1_GRP1_ReleaseReset
                0x3418395c       0x28 ./Drivers/BSP/STM32N6570-DK/stm32n6570_discovery_bus.o
 .text.BSP_I2C1_Init
                0x34183984       0x74 ./Drivers/BSP/STM32N6570-DK/stm32n6570_discovery_bus.o
                0x34183984                BSP_I2C1_Init
 .text.BSP_I2C1_DeInit
                0x341839f8       0x48 ./Drivers/BSP/STM32N6570-DK/stm32n6570_discovery_bus.o
                0x341839f8                BSP_I2C1_DeInit
 .text.MX_I2C1_Init
                0x34183a40       0x84 ./Drivers/BSP/STM32N6570-DK/stm32n6570_discovery_bus.o
                0x34183a40                MX_I2C1_Init
 .text.BSP_I2C1_WriteReg16
                0x34183ac4       0x5c ./Drivers/BSP/STM32N6570-DK/stm32n6570_discovery_bus.o
                0x34183ac4                BSP_I2C1_WriteReg16
 .text.BSP_I2C1_ReadReg16
                0x34183b20       0x5c ./Drivers/BSP/STM32N6570-DK/stm32n6570_discovery_bus.o
                0x34183b20                BSP_I2C1_ReadReg16
 .text.I2C1_MspInit
                0x34183b7c       0x84 ./Drivers/BSP/STM32N6570-DK/stm32n6570_discovery_bus.o
 .text.I2C1_MspDeInit
                0x34183c00       0x40 ./Drivers/BSP/STM32N6570-DK/stm32n6570_discovery_bus.o
 .text.I2C1_WriteReg
                0x34183c40       0x4c ./Drivers/BSP/STM32N6570-DK/stm32n6570_discovery_bus.o
 .text.I2C1_ReadReg
                0x34183c8c       0x4c ./Drivers/BSP/STM32N6570-DK/stm32n6570_discovery_bus.o
 .text.BSP_GetTick
                0x34183cd8        0xe ./Drivers/BSP/STM32N6570-DK/stm32n6570_discovery_bus.o
                0x34183cd8                BSP_GetTick
 *fill*         0x34183ce6        0x2 
 .text.I2C_GetTiming
                0x34183ce8      0x100 ./Drivers/BSP/STM32N6570-DK/stm32n6570_discovery_bus.o
 .text.I2C_Compute_PRESC_SCLDEL_SDADEL
                0x34183de8      0x1dc ./Drivers/BSP/STM32N6570-DK/stm32n6570_discovery_bus.o
 .text.I2C_Compute_SCLL_SCLH
                0x34183fc4      0x210 ./Drivers/BSP/STM32N6570-DK/stm32n6570_discovery_bus.o
 .text.SystemInit
                0x341841d4      0x218 ./Drivers/CMSIS/system_stm32n6xx_fsbl.o
                0x341841d4                SystemInit
 .text.SystemCoreClockUpdate
                0x341843ec      0x350 ./Drivers/CMSIS/system_stm32n6xx_fsbl.o
                0x341843ec                SystemCoreClockUpdate
 .text.SECURE_SystemCoreClockUpdate
                0x3418473c       0x2c ./Drivers/CMSIS/system_stm32n6xx_fsbl.o
                0x3418473c                __acle_se_SECURE_SystemCoreClockUpdate
 .text.HAL_Init
                0x34184768       0x28 ./Drivers/STM32N6xx_HAL_Driver/stm32n6xx_hal.o
                0x34184768                HAL_Init
 .text.HAL_InitTick
                0x34184790       0x6c ./Drivers/STM32N6xx_HAL_Driver/stm32n6xx_hal.o
                0x34184790                HAL_InitTick
 .text.HAL_IncTick
                0x341847fc       0x28 ./Drivers/STM32N6xx_HAL_Driver/stm32n6xx_hal.o
                0x341847fc                HAL_IncTick
 .text.HAL_GetTick
                0x34184824       0x18 ./Drivers/STM32N6xx_HAL_Driver/stm32n6xx_hal.o
                0x34184824                HAL_GetTick
 .text.HAL_Delay
                0x3418483c       0x48 ./Drivers/STM32N6xx_HAL_Driver/stm32n6xx_hal.o
                0x3418483c                HAL_Delay
 .text.__NVIC_SetPriorityGrouping
                0x34184884       0x48 ./Drivers/STM32N6xx_HAL_Driver/stm32n6xx_hal_cortex.o
 .text.__NVIC_GetPriorityGrouping
                0x341848cc       0x1c ./Drivers/STM32N6xx_HAL_Driver/stm32n6xx_hal_cortex.o
 .text.__NVIC_EnableIRQ
                0x341848e8       0x3c ./Drivers/STM32N6xx_HAL_Driver/stm32n6xx_hal_cortex.o
 .text.__NVIC_SetPriority
                0x34184924       0x54 ./Drivers/STM32N6xx_HAL_Driver/stm32n6xx_hal_cortex.o
 .text.NVIC_EncodePriority
                0x34184978       0x66 ./Drivers/STM32N6xx_HAL_Driver/stm32n6xx_hal_cortex.o
 *fill*         0x341849de        0x2 
 .text.SysTick_Config
                0x341849e0       0x44 ./Drivers/STM32N6xx_HAL_Driver/stm32n6xx_hal_cortex.o
 .text.HAL_NVIC_SetPriorityGrouping
                0x34184a24       0x40 ./Drivers/STM32N6xx_HAL_Driver/stm32n6xx_hal_cortex.o
                0x34184a24                HAL_NVIC_SetPriorityGrouping
 .text.HAL_NVIC_SetPriority
                0x34184a64       0xb4 ./Drivers/STM32N6xx_HAL_Driver/stm32n6xx_hal_cortex.o
                0x34184a64                HAL_NVIC_SetPriority
 .text.HAL_NVIC_EnableIRQ
                0x34184b18       0x34 ./Drivers/STM32N6xx_HAL_Driver/stm32n6xx_hal_cortex.o
                0x34184b18                HAL_NVIC_EnableIRQ
 .text.HAL_SYSTICK_Config
                0x34184b4c       0x18 ./Drivers/STM32N6xx_HAL_Driver/stm32n6xx_hal_cortex.o
                0x34184b4c                HAL_SYSTICK_Config
 .text.HAL_DCMIPP_Init
                0x34184b64       0x88 ./Drivers/STM32N6xx_HAL_Driver/stm32n6xx_hal_dcmipp.o
                0x34184b64                HAL_DCMIPP_Init
 .text.HAL_DCMIPP_CSI_SetConfig
                0x34184bec      0x374 ./Drivers/STM32N6xx_HAL_Driver/stm32n6xx_hal_dcmipp.o
                0x34184bec                HAL_DCMIPP_CSI_SetConfig
 .text.HAL_DCMIPP_CSI_PIPE_SetConfig
                0x34184f60      0x2e0 ./Drivers/STM32N6xx_HAL_Driver/stm32n6xx_hal_dcmipp.o
                0x34184f60                HAL_DCMIPP_CSI_PIPE_SetConfig
 .text.HAL_DCMIPP_CSI_SetVCConfig
                0x34185240       0xd8 ./Drivers/STM32N6xx_HAL_Driver/stm32n6xx_hal_dcmipp.o
                0x34185240                HAL_DCMIPP_CSI_SetVCConfig
 .text.HAL_DCMIPP_PIPE_SetConfig
                0x34185318      0x184 ./Drivers/STM32N6xx_HAL_Driver/stm32n6xx_hal_dcmipp.o
                0x34185318                HAL_DCMIPP_PIPE_SetConfig
 .text.HAL_DCMIPP_CSI_PIPE_Start
                0x3418549c       0xd4 ./Drivers/STM32N6xx_HAL_Driver/stm32n6xx_hal_dcmipp.o
                0x3418549c                HAL_DCMIPP_CSI_PIPE_Start
 .text.HAL_DCMIPP_IRQHandler
                0x34185570      0x3c8 ./Drivers/STM32N6xx_HAL_Driver/stm32n6xx_hal_dcmipp.o
                0x34185570                HAL_DCMIPP_IRQHandler
 .text.HAL_DCMIPP_CSI_IRQHandler
                0x34185938      0x954 ./Drivers/STM32N6xx_HAL_Driver/stm32n6xx_hal_dcmipp.o
                0x34185938                HAL_DCMIPP_CSI_IRQHandler
 .text.HAL_DCMIPP_PIPE_LineEventCallback
                0x3418628c       0x16 ./Drivers/STM32N6xx_HAL_Driver/stm32n6xx_hal_dcmipp.o
                0x3418628c                HAL_DCMIPP_PIPE_LineEventCallback
 .text.HAL_DCMIPP_PIPE_LimitEventCallback
                0x341862a2       0x16 ./Drivers/STM32N6xx_HAL_Driver/stm32n6xx_hal_dcmipp.o
                0x341862a2                HAL_DCMIPP_PIPE_LimitEventCallback
 .text.HAL_DCMIPP_PIPE_ErrorCallback
                0x341862b8       0x16 ./Drivers/STM32N6xx_HAL_Driver/stm32n6xx_hal_dcmipp.o
                0x341862b8                HAL_DCMIPP_PIPE_ErrorCallback
 .text.HAL_DCMIPP_ErrorCallback
                0x341862ce       0x14 ./Drivers/STM32N6xx_HAL_Driver/stm32n6xx_hal_dcmipp.o
                0x341862ce                HAL_DCMIPP_ErrorCallback
 .text.HAL_DCMIPP_CSI_LineErrorCallback
                0x341862e2       0x16 ./Drivers/STM32N6xx_HAL_Driver/stm32n6xx_hal_dcmipp.o
                0x341862e2                HAL_DCMIPP_CSI_LineErrorCallback
 .text.HAL_DCMIPP_CSI_ClockChangerFifoFullEventCallback
                0x341862f8       0x14 ./Drivers/STM32N6xx_HAL_Driver/stm32n6xx_hal_dcmipp.o
                0x341862f8                HAL_DCMIPP_CSI_ClockChangerFifoFullEventCallback
 .text.HAL_DCMIPP_CSI_ShortPacketDetectionEventCallback
                0x3418630c       0x14 ./Drivers/STM32N6xx_HAL_Driver/stm32n6xx_hal_dcmipp.o
                0x3418630c                HAL_DCMIPP_CSI_ShortPacketDetectionEventCallback
 .text.HAL_DCMIPP_CSI_EndOfFrameEventCallback
                0x34186320       0x16 ./Drivers/STM32N6xx_HAL_Driver/stm32n6xx_hal_dcmipp.o
                0x34186320                HAL_DCMIPP_CSI_EndOfFrameEventCallback
 .text.HAL_DCMIPP_CSI_StartOfFrameEventCallback
                0x34186336       0x16 ./Drivers/STM32N6xx_HAL_Driver/stm32n6xx_hal_dcmipp.o
                0x34186336                HAL_DCMIPP_CSI_StartOfFrameEventCallback
 .text.HAL_DCMIPP_CSI_TimerCounterEventCallback
                0x3418634c       0x16 ./Drivers/STM32N6xx_HAL_Driver/stm32n6xx_hal_dcmipp.o
                0x3418634c                HAL_DCMIPP_CSI_TimerCounterEventCallback
 .text.HAL_DCMIPP_CSI_LineByteEventCallback
                0x34186362       0x16 ./Drivers/STM32N6xx_HAL_Driver/stm32n6xx_hal_dcmipp.o
                0x34186362                HAL_DCMIPP_CSI_LineByteEventCallback
 .text.HAL_DCMIPP_PIPE_SetISPDecimationConfig
                0x34186378       0xd4 ./Drivers/STM32N6xx_HAL_Driver/stm32n6xx_hal_dcmipp.o
                0x34186378                HAL_DCMIPP_PIPE_SetISPDecimationConfig
 .text.HAL_DCMIPP_PIPE_EnableISPDecimation
                0x3418644c       0x5c ./Drivers/STM32N6xx_HAL_Driver/stm32n6xx_hal_dcmipp.o
                0x3418644c                HAL_DCMIPP_PIPE_EnableISPDecimation
 .text.HAL_DCMIPP_PIPE_SetDownsizeConfig
                0x341864a8      0x1a0 ./Drivers/STM32N6xx_HAL_Driver/stm32n6xx_hal_dcmipp.o
                0x341864a8                HAL_DCMIPP_PIPE_SetDownsizeConfig
 .text.HAL_DCMIPP_PIPE_EnableDownsize
                0x34186648       0x7c ./Drivers/STM32N6xx_HAL_Driver/stm32n6xx_hal_dcmipp.o
                0x34186648                HAL_DCMIPP_PIPE_EnableDownsize
 .text.HAL_DCMIPP_PIPE_EnableGammaConversion
                0x341866c4       0x7c ./Drivers/STM32N6xx_HAL_Driver/stm32n6xx_hal_dcmipp.o
                0x341866c4                HAL_DCMIPP_PIPE_EnableGammaConversion
 .text.HAL_DCMIPP_PIPE_DisableGammaConversion
                0x34186740       0x7c ./Drivers/STM32N6xx_HAL_Driver/stm32n6xx_hal_dcmipp.o
                0x34186740                HAL_DCMIPP_PIPE_DisableGammaConversion
 .text.HAL_DCMIPP_PIPE_IsEnabledGammaConversion
                0x341867bc       0x98 ./Drivers/STM32N6xx_HAL_Driver/stm32n6xx_hal_dcmipp.o
                0x341867bc                HAL_DCMIPP_PIPE_IsEnabledGammaConversion
 .text.HAL_DCMIPP_PIPE_SetISPRawBayer2RGBConfig
                0x34186854      0x1e4 ./Drivers/STM32N6xx_HAL_Driver/stm32n6xx_hal_dcmipp.o
                0x34186854                HAL_DCMIPP_PIPE_SetISPRawBayer2RGBConfig
 .text.HAL_DCMIPP_PIPE_EnableISPRawBayer2RGB
                0x34186a38       0x5c ./Drivers/STM32N6xx_HAL_Driver/stm32n6xx_hal_dcmipp.o
                0x34186a38                HAL_DCMIPP_PIPE_EnableISPRawBayer2RGB
 .text.HAL_DCMIPP_PIPE_DisableISPRawBayer2RGB
                0x34186a94       0x5c ./Drivers/STM32N6xx_HAL_Driver/stm32n6xx_hal_dcmipp.o
                0x34186a94                HAL_DCMIPP_PIPE_DisableISPRawBayer2RGB
 .text.HAL_DCMIPP_PIPE_SetISPRemovalStatisticConfig
                0x34186af0       0x94 ./Drivers/STM32N6xx_HAL_Driver/stm32n6xx_hal_dcmipp.o
                0x34186af0                HAL_DCMIPP_PIPE_SetISPRemovalStatisticConfig
 .text.HAL_DCMIPP_PIPE_EnableISPRemovalStatistic
                0x34186b84       0x40 ./Drivers/STM32N6xx_HAL_Driver/stm32n6xx_hal_dcmipp.o
                0x34186b84                HAL_DCMIPP_PIPE_EnableISPRemovalStatistic
 .text.HAL_DCMIPP_PIPE_DisableISPRemovalStatistic
                0x34186bc4       0x40 ./Drivers/STM32N6xx_HAL_Driver/stm32n6xx_hal_dcmipp.o
                0x34186bc4                HAL_DCMIPP_PIPE_DisableISPRemovalStatistic
 .text.HAL_DCMIPP_PIPE_SetISPBadPixelRemovalConfig
                0x34186c04       0xa0 ./Drivers/STM32N6xx_HAL_Driver/stm32n6xx_hal_dcmipp.o
                0x34186c04                HAL_DCMIPP_PIPE_SetISPBadPixelRemovalConfig
 .text.HAL_DCMIPP_PIPE_EnableISPBadPixelRemoval
                0x34186ca4       0x5c ./Drivers/STM32N6xx_HAL_Driver/stm32n6xx_hal_dcmipp.o
                0x34186ca4                HAL_DCMIPP_PIPE_EnableISPBadPixelRemoval
 .text.HAL_DCMIPP_PIPE_DisableISPBadPixelRemoval
                0x34186d00       0x5c ./Drivers/STM32N6xx_HAL_Driver/stm32n6xx_hal_dcmipp.o
                0x34186d00                HAL_DCMIPP_PIPE_DisableISPBadPixelRemoval
 .text.HAL_DCMIPP_PIPE_GetISPBadPixelRemovalConfig
                0x34186d5c       0x40 ./Drivers/STM32N6xx_HAL_Driver/stm32n6xx_hal_dcmipp.o
                0x34186d5c                HAL_DCMIPP_PIPE_GetISPBadPixelRemovalConfig
 .text.HAL_DCMIPP_PIPE_IsEnabledISPBadPixelRemoval
                0x34186d9c       0x78 ./Drivers/STM32N6xx_HAL_Driver/stm32n6xx_hal_dcmipp.o
                0x34186d9c                HAL_DCMIPP_PIPE_IsEnabledISPBadPixelRemoval
 .text.HAL_DCMIPP_PIPE_GetISPRemovedBadPixelCounter
                0x34186e14       0x64 ./Drivers/STM32N6xx_HAL_Driver/stm32n6xx_hal_dcmipp.o
                0x34186e14                HAL_DCMIPP_PIPE_GetISPRemovedBadPixelCounter
 .text.HAL_DCMIPP_PIPE_SetISPColorConversionConfig
                0x34186e78      0x420 ./Drivers/STM32N6xx_HAL_Driver/stm32n6xx_hal_dcmipp.o
                0x34186e78                HAL_DCMIPP_PIPE_SetISPColorConversionConfig
 .text.HAL_DCMIPP_PIPE_EnableISPColorConversion
                0x34187298       0x5c ./Drivers/STM32N6xx_HAL_Driver/stm32n6xx_hal_dcmipp.o
                0x34187298                HAL_DCMIPP_PIPE_EnableISPColorConversion
 .text.HAL_DCMIPP_PIPE_DisableISPColorConversion
                0x341872f4       0x5c ./Drivers/STM32N6xx_HAL_Driver/stm32n6xx_hal_dcmipp.o
                0x341872f4                HAL_DCMIPP_PIPE_DisableISPColorConversion
 .text.HAL_DCMIPP_PIPE_SetISPBlackLevelCalibrationConfig
                0x34187350       0x7c ./Drivers/STM32N6xx_HAL_Driver/stm32n6xx_hal_dcmipp.o
                0x34187350                HAL_DCMIPP_PIPE_SetISPBlackLevelCalibrationConfig
 .text.HAL_DCMIPP_PIPE_EnableISPBlackLevelCalibration
                0x341873cc       0x5c ./Drivers/STM32N6xx_HAL_Driver/stm32n6xx_hal_dcmipp.o
                0x341873cc                HAL_DCMIPP_PIPE_EnableISPBlackLevelCalibration
 .text.HAL_DCMIPP_PIPE_DisableISPBlackLevelCalibration
                0x34187428       0x5c ./Drivers/STM32N6xx_HAL_Driver/stm32n6xx_hal_dcmipp.o
                0x34187428                HAL_DCMIPP_PIPE_DisableISPBlackLevelCalibration
 .text.HAL_DCMIPP_PIPE_GetISPBlackLevelCalibrationConfig
                0x34187484       0x64 ./Drivers/STM32N6xx_HAL_Driver/stm32n6xx_hal_dcmipp.o
                0x34187484                HAL_DCMIPP_PIPE_GetISPBlackLevelCalibrationConfig
 .text.HAL_DCMIPP_PIPE_IsEnabledISPBlackLevelCalibration
                0x341874e8       0x78 ./Drivers/STM32N6xx_HAL_Driver/stm32n6xx_hal_dcmipp.o
                0x341874e8                HAL_DCMIPP_PIPE_IsEnabledISPBlackLevelCalibration
 .text.HAL_DCMIPP_PIPE_SetISPStatisticExtractionConfig
                0x34187560      0x18c ./Drivers/STM32N6xx_HAL_Driver/stm32n6xx_hal_dcmipp.o
                0x34187560                HAL_DCMIPP_PIPE_SetISPStatisticExtractionConfig
 .text.HAL_DCMIPP_PIPE_SetISPAreaStatisticExtractionConfig
                0x341876ec       0xe4 ./Drivers/STM32N6xx_HAL_Driver/stm32n6xx_hal_dcmipp.o
                0x341876ec                HAL_DCMIPP_PIPE_SetISPAreaStatisticExtractionConfig
 .text.HAL_DCMIPP_PIPE_EnableISPStatisticExtraction
                0x341877d0       0xb8 ./Drivers/STM32N6xx_HAL_Driver/stm32n6xx_hal_dcmipp.o
                0x341877d0                HAL_DCMIPP_PIPE_EnableISPStatisticExtraction
 .text.HAL_DCMIPP_PIPE_EnableISPAreaStatisticExtraction
                0x34187888       0x5c ./Drivers/STM32N6xx_HAL_Driver/stm32n6xx_hal_dcmipp.o
                0x34187888                HAL_DCMIPP_PIPE_EnableISPAreaStatisticExtraction
 .text.HAL_DCMIPP_PIPE_SetISPExposureConfig
                0x341878e4       0xd8 ./Drivers/STM32N6xx_HAL_Driver/stm32n6xx_hal_dcmipp.o
                0x341878e4                HAL_DCMIPP_PIPE_SetISPExposureConfig
 .text.HAL_DCMIPP_PIPE_EnableISPExposure
                0x341879bc       0x5c ./Drivers/STM32N6xx_HAL_Driver/stm32n6xx_hal_dcmipp.o
                0x341879bc                HAL_DCMIPP_PIPE_EnableISPExposure
 .text.HAL_DCMIPP_PIPE_DisableISPExposure
                0x34187a18       0x5c ./Drivers/STM32N6xx_HAL_Driver/stm32n6xx_hal_dcmipp.o
                0x34187a18                HAL_DCMIPP_PIPE_DisableISPExposure
 .text.HAL_DCMIPP_PIPE_SetISPCtrlContrastConfig
                0x34187a74      0x160 ./Drivers/STM32N6xx_HAL_Driver/stm32n6xx_hal_dcmipp.o
                0x34187a74                HAL_DCMIPP_PIPE_SetISPCtrlContrastConfig
 .text.HAL_DCMIPP_PIPE_EnableISPCtrlContrast
                0x34187bd4       0x5c ./Drivers/STM32N6xx_HAL_Driver/stm32n6xx_hal_dcmipp.o
                0x34187bd4                HAL_DCMIPP_PIPE_EnableISPCtrlContrast
 .text.HAL_DCMIPP_PIPE_DisableISPCtrlContrast
                0x34187c30       0x5c ./Drivers/STM32N6xx_HAL_Driver/stm32n6xx_hal_dcmipp.o
                0x34187c30                HAL_DCMIPP_PIPE_DisableISPCtrlContrast
 .text.HAL_DCMIPP_PIPE_GetISPAccumulatedStatisticsCounter
                0x34187c8c       0xbc ./Drivers/STM32N6xx_HAL_Driver/stm32n6xx_hal_dcmipp.o
                0x34187c8c                HAL_DCMIPP_PIPE_GetISPAccumulatedStatisticsCounter
 .text.HAL_DCMIPP_PIPE_GetISPExposureConfig
                0x34187d48       0x9c ./Drivers/STM32N6xx_HAL_Driver/stm32n6xx_hal_dcmipp.o
                0x34187d48                HAL_DCMIPP_PIPE_GetISPExposureConfig
 .text.HAL_DCMIPP_PIPE_GetISPColorConversionConfig
                0x34187de4      0x2c8 ./Drivers/STM32N6xx_HAL_Driver/stm32n6xx_hal_dcmipp.o
                0x34187de4                HAL_DCMIPP_PIPE_GetISPColorConversionConfig
 .text.HAL_DCMIPP_PIPE_IsEnabledISPExposure
                0x341880ac       0x78 ./Drivers/STM32N6xx_HAL_Driver/stm32n6xx_hal_dcmipp.o
                0x341880ac                HAL_DCMIPP_PIPE_IsEnabledISPExposure
 .text.HAL_DCMIPP_PIPE_IsEnabledISPColorConversion
                0x34188124       0x78 ./Drivers/STM32N6xx_HAL_Driver/stm32n6xx_hal_dcmipp.o
                0x34188124                HAL_DCMIPP_PIPE_IsEnabledISPColorConversion
 .text.HAL_DCMIPP_GetState
                0x3418819c       0x1a ./Drivers/STM32N6xx_HAL_Driver/stm32n6xx_hal_dcmipp.o
                0x3418819c                HAL_DCMIPP_GetState
 .text.Pipe_Config
                0x341881b6      0x13e ./Drivers/STM32N6xx_HAL_Driver/stm32n6xx_hal_dcmipp.o
 .text.DCMIPP_CSI_WritePHYReg
                0x341882f4      0x134 ./Drivers/STM32N6xx_HAL_Driver/stm32n6xx_hal_dcmipp.o
 .text.DCMIPP_SetConfig
                0x34188428       0xf0 ./Drivers/STM32N6xx_HAL_Driver/stm32n6xx_hal_dcmipp.o
 .text.DCMIPP_EnableCapture
                0x34188518       0xaa ./Drivers/STM32N6xx_HAL_Driver/stm32n6xx_hal_dcmipp.o
 *fill*         0x341885c2        0x2 
 .text.DCMIPP_CSI_SetVCConfig
                0x341885c4      0x134 ./Drivers/STM32N6xx_HAL_Driver/stm32n6xx_hal_dcmipp.o
 .text.HAL_GPIO_Init
                0x341886f8      0x6c0 ./Drivers/STM32N6xx_HAL_Driver/stm32n6xx_hal_gpio.o
                0x341886f8                HAL_GPIO_Init
 .text.HAL_GPIO_DeInit
                0x34188db8      0x39c ./Drivers/STM32N6xx_HAL_Driver/stm32n6xx_hal_gpio.o
                0x34188db8                HAL_GPIO_DeInit
 .text.HAL_GPIO_WritePin
                0x34189154       0x58 ./Drivers/STM32N6xx_HAL_Driver/stm32n6xx_hal_gpio.o
                0x34189154                HAL_GPIO_WritePin
 .text.HAL_GPIO_TogglePin
                0x341891ac       0x44 ./Drivers/STM32N6xx_HAL_Driver/stm32n6xx_hal_gpio.o
                0x341891ac                HAL_GPIO_TogglePin
 .text.HAL_I2C_Init
                0x341891f0      0x294 ./Drivers/STM32N6xx_HAL_Driver/stm32n6xx_hal_i2c.o
                0x341891f0                HAL_I2C_Init
 .text.HAL_I2C_DeInit
                0x34189484       0xdc ./Drivers/STM32N6xx_HAL_Driver/stm32n6xx_hal_i2c.o
                0x34189484                HAL_I2C_DeInit
 .text.HAL_I2C_MspInit
                0x34189560       0x14 ./Drivers/STM32N6xx_HAL_Driver/stm32n6xx_hal_i2c.o
                0x34189560                HAL_I2C_MspInit
 .text.HAL_I2C_MspDeInit
                0x34189574       0x14 ./Drivers/STM32N6xx_HAL_Driver/stm32n6xx_hal_i2c.o
                0x34189574                HAL_I2C_MspDeInit
 .text.HAL_I2C_Mem_Write
                0x34189588      0x244 ./Drivers/STM32N6xx_HAL_Driver/stm32n6xx_hal_i2c.o
                0x34189588                HAL_I2C_Mem_Write
 .text.HAL_I2C_Mem_Read
                0x341897cc      0x250 ./Drivers/STM32N6xx_HAL_Driver/stm32n6xx_hal_i2c.o
                0x341897cc                HAL_I2C_Mem_Read
 .text.HAL_I2C_GetState
                0x34189a1c       0x1c ./Drivers/STM32N6xx_HAL_Driver/stm32n6xx_hal_i2c.o
                0x34189a1c                HAL_I2C_GetState
 .text.HAL_I2C_GetError
                0x34189a38       0x18 ./Drivers/STM32N6xx_HAL_Driver/stm32n6xx_hal_i2c.o
                0x34189a38                HAL_I2C_GetError
 .text.I2C_RequestMemoryWrite
                0x34189a50       0xa8 ./Drivers/STM32N6xx_HAL_Driver/stm32n6xx_hal_i2c.o
 .text.I2C_RequestMemoryRead
                0x34189af8       0xa8 ./Drivers/STM32N6xx_HAL_Driver/stm32n6xx_hal_i2c.o
 .text.I2C_Flush_TXDR
                0x34189ba0       0x48 ./Drivers/STM32N6xx_HAL_Driver/stm32n6xx_hal_i2c.o
 .text.I2C_WaitOnFlagUntilTimeout
                0x34189be8       0xb2 ./Drivers/STM32N6xx_HAL_Driver/stm32n6xx_hal_i2c.o
 .text.I2C_WaitOnTXISFlagUntilTimeout
                0x34189c9a       0x8e ./Drivers/STM32N6xx_HAL_Driver/stm32n6xx_hal_i2c.o
 .text.I2C_WaitOnSTOPFlagUntilTimeout
                0x34189d28       0x86 ./Drivers/STM32N6xx_HAL_Driver/stm32n6xx_hal_i2c.o
 *fill*         0x34189dae        0x2 
 .text.I2C_IsErrorOccurred
                0x34189db0      0x1c0 ./Drivers/STM32N6xx_HAL_Driver/stm32n6xx_hal_i2c.o
 .text.I2C_TransferConfig
                0x34189f70      0x130 ./Drivers/STM32N6xx_HAL_Driver/stm32n6xx_hal_i2c.o
 .text.HAL_I2CEx_ConfigAnalogFilter
                0x3418a0a0      0x124 ./Drivers/STM32N6xx_HAL_Driver/stm32n6xx_hal_i2c_ex.o
                0x3418a0a0                HAL_I2CEx_ConfigAnalogFilter
 .text.HAL_I2CEx_ConfigDigitalFilter
                0x3418a1c4      0x120 ./Drivers/STM32N6xx_HAL_Driver/stm32n6xx_hal_i2c_ex.o
                0x3418a1c4                HAL_I2CEx_ConfigDigitalFilter
 .text.HAL_LTDC_Init
                0x3418a2e4      0x280 ./Drivers/STM32N6xx_HAL_Driver/stm32n6xx_hal_ltdc.o
                0x3418a2e4                HAL_LTDC_Init
 .text.HAL_LTDC_ConfigLayer
                0x3418a564      0x21c ./Drivers/STM32N6xx_HAL_Driver/stm32n6xx_hal_ltdc.o
                0x3418a564                HAL_LTDC_ConfigLayer
 .text.LTDC_SetConfig
                0x3418a780      0xd18 ./Drivers/STM32N6xx_HAL_Driver/stm32n6xx_hal_ltdc.o
 .text.LTDC_SetCompositionConfig
                0x3418b498      0x154 ./Drivers/STM32N6xx_HAL_Driver/stm32n6xx_hal_ltdc.o
 .text.LTDC_SetPredefFormat
                0x3418b5ec      0x20c ./Drivers/STM32N6xx_HAL_Driver/stm32n6xx_hal_ltdc.o
 .text.HAL_PWREx_ConfigSupply
                0x3418b7f8       0x68 ./Drivers/STM32N6xx_HAL_Driver/stm32n6xx_hal_pwr_ex.o
                0x3418b7f8                HAL_PWREx_ConfigSupply
 .text.HAL_PWREx_EnableVddIO2
                0x3418b860       0x20 ./Drivers/STM32N6xx_HAL_Driver/stm32n6xx_hal_pwr_ex.o
                0x3418b860                HAL_PWREx_EnableVddIO2
 .text.HAL_PWREx_EnableVddIO4
                0x3418b880       0x20 ./Drivers/STM32N6xx_HAL_Driver/stm32n6xx_hal_pwr_ex.o
                0x3418b880                HAL_PWREx_EnableVddIO4
 .text.HAL_RAMCFG_EnableAXISRAM
                0x3418b8a0       0xbc ./Drivers/STM32N6xx_HAL_Driver/stm32n6xx_hal_ramcfg.o
                0x3418b8a0                HAL_RAMCFG_EnableAXISRAM
 .text.LL_RCC_HSE_IsReady
                0x3418b95c       0x24 ./Drivers/STM32N6xx_HAL_Driver/stm32n6xx_hal_rcc.o
 .text.LL_RCC_HSI_Enable
                0x3418b980       0x1c ./Drivers/STM32N6xx_HAL_Driver/stm32n6xx_hal_rcc.o
 .text.LL_RCC_HSI_Disable
                0x3418b99c       0x20 ./Drivers/STM32N6xx_HAL_Driver/stm32n6xx_hal_rcc.o
 .text.LL_RCC_HSI_IsReady
                0x3418b9bc       0x24 ./Drivers/STM32N6xx_HAL_Driver/stm32n6xx_hal_rcc.o
 .text.LL_RCC_HSI_SetDivider
                0x3418b9e0       0x28 ./Drivers/STM32N6xx_HAL_Driver/stm32n6xx_hal_rcc.o
 .text.LL_RCC_HSI_GetDivider
                0x3418ba08       0x1c ./Drivers/STM32N6xx_HAL_Driver/stm32n6xx_hal_rcc.o
 .text.LL_RCC_HSI_SetCalibTrimming
                0x3418ba24       0x2c ./Drivers/STM32N6xx_HAL_Driver/stm32n6xx_hal_rcc.o
 .text.LL_RCC_MSI_Enable
                0x3418ba50       0x1c ./Drivers/STM32N6xx_HAL_Driver/stm32n6xx_hal_rcc.o
 .text.LL_RCC_MSI_Disable
                0x3418ba6c       0x20 ./Drivers/STM32N6xx_HAL_Driver/stm32n6xx_hal_rcc.o
 .text.LL_RCC_MSI_IsReady
                0x3418ba8c       0x24 ./Drivers/STM32N6xx_HAL_Driver/stm32n6xx_hal_rcc.o
 .text.LL_RCC_MSI_SetFrequency
                0x3418bab0       0x28 ./Drivers/STM32N6xx_HAL_Driver/stm32n6xx_hal_rcc.o
 .text.LL_RCC_MSI_SetCalibTrimming
                0x3418bad8       0x2c ./Drivers/STM32N6xx_HAL_Driver/stm32n6xx_hal_rcc.o
 .text.LL_RCC_LSE_IsReady
                0x3418bb04       0x24 ./Drivers/STM32N6xx_HAL_Driver/stm32n6xx_hal_rcc.o
 .text.LL_RCC_LSI_Enable
                0x3418bb28       0x1c ./Drivers/STM32N6xx_HAL_Driver/stm32n6xx_hal_rcc.o
 .text.LL_RCC_LSI_Disable
                0x3418bb44       0x20 ./Drivers/STM32N6xx_HAL_Driver/stm32n6xx_hal_rcc.o
 .text.LL_RCC_LSI_IsReady
                0x3418bb64       0x1c ./Drivers/STM32N6xx_HAL_Driver/stm32n6xx_hal_rcc.o
 .text.LL_RCC_GetCpuClkSource
                0x3418bb80       0x1c ./Drivers/STM32N6xx_HAL_Driver/stm32n6xx_hal_rcc.o
 .text.LL_RCC_GetSysClkSource
                0x3418bb9c       0x1c ./Drivers/STM32N6xx_HAL_Driver/stm32n6xx_hal_rcc.o
 .text.LL_RCC_GetAHBPrescaler
                0x3418bbb8       0x1c ./Drivers/STM32N6xx_HAL_Driver/stm32n6xx_hal_rcc.o
 .text.LL_RCC_GetAPB1Prescaler
                0x3418bbd4       0x1c ./Drivers/STM32N6xx_HAL_Driver/stm32n6xx_hal_rcc.o
 .text.LL_RCC_PLL1_GetSource
                0x3418bbf0       0x1c ./Drivers/STM32N6xx_HAL_Driver/stm32n6xx_hal_rcc.o
 .text.LL_RCC_PLL1_IsReady
                0x3418bc0c       0x28 ./Drivers/STM32N6xx_HAL_Driver/stm32n6xx_hal_rcc.o
 .text.LL_RCC_PLL1_IsEnabledBypass
                0x3418bc34       0x28 ./Drivers/STM32N6xx_HAL_Driver/stm32n6xx_hal_rcc.o
 .text.LL_RCC_PLL2_GetSource
                0x3418bc5c       0x1c ./Drivers/STM32N6xx_HAL_Driver/stm32n6xx_hal_rcc.o
 .text.LL_RCC_PLL2_IsReady
                0x3418bc78       0x28 ./Drivers/STM32N6xx_HAL_Driver/stm32n6xx_hal_rcc.o
 .text.LL_RCC_PLL2_IsEnabledBypass
                0x3418bca0       0x28 ./Drivers/STM32N6xx_HAL_Driver/stm32n6xx_hal_rcc.o
 .text.LL_RCC_PLL3_GetSource
                0x3418bcc8       0x1c ./Drivers/STM32N6xx_HAL_Driver/stm32n6xx_hal_rcc.o
 .text.LL_RCC_PLL3_IsReady
                0x3418bce4       0x28 ./Drivers/STM32N6xx_HAL_Driver/stm32n6xx_hal_rcc.o
 .text.LL_RCC_PLL3_IsEnabledBypass
                0x3418bd0c       0x28 ./Drivers/STM32N6xx_HAL_Driver/stm32n6xx_hal_rcc.o
 .text.LL_RCC_PLL4_GetSource
                0x3418bd34       0x1c ./Drivers/STM32N6xx_HAL_Driver/stm32n6xx_hal_rcc.o
 .text.LL_RCC_PLL4_IsReady
                0x3418bd50       0x28 ./Drivers/STM32N6xx_HAL_Driver/stm32n6xx_hal_rcc.o
 .text.LL_RCC_PLL4_IsEnabledBypass
                0x3418bd78       0x28 ./Drivers/STM32N6xx_HAL_Driver/stm32n6xx_hal_rcc.o
 .text.LL_RCC_IC1_Enable
                0x3418bda0       0x1c ./Drivers/STM32N6xx_HAL_Driver/stm32n6xx_hal_rcc.o
 .text.LL_RCC_IC1_GetSource
                0x3418bdbc       0x1c ./Drivers/STM32N6xx_HAL_Driver/stm32n6xx_hal_rcc.o
 .text.LL_RCC_IC1_GetDivider
                0x3418bdd8       0x20 ./Drivers/STM32N6xx_HAL_Driver/stm32n6xx_hal_rcc.o
 .text.LL_RCC_IC2_GetSource
                0x3418bdf8       0x1c ./Drivers/STM32N6xx_HAL_Driver/stm32n6xx_hal_rcc.o
 .text.LL_RCC_IC2_GetDivider
                0x3418be14       0x20 ./Drivers/STM32N6xx_HAL_Driver/stm32n6xx_hal_rcc.o
 .text.LL_RCC_IC6_GetSource
                0x3418be34       0x1c ./Drivers/STM32N6xx_HAL_Driver/stm32n6xx_hal_rcc.o
 .text.LL_RCC_IC11_GetSource
                0x3418be50       0x1c ./Drivers/STM32N6xx_HAL_Driver/stm32n6xx_hal_rcc.o
 .text.HAL_RCC_OscConfig
                0x3418be6c      0xa40 ./Drivers/STM32N6xx_HAL_Driver/stm32n6xx_hal_rcc.o
                0x3418be6c                HAL_RCC_OscConfig
 .text.HAL_RCC_ClockConfig
                0x3418c8ac      0x904 ./Drivers/STM32N6xx_HAL_Driver/stm32n6xx_hal_rcc.o
                0x3418c8ac                HAL_RCC_ClockConfig
 .text.HAL_RCC_GetCpuClockFreq
                0x3418d1b0      0x100 ./Drivers/STM32N6xx_HAL_Driver/stm32n6xx_hal_rcc.o
                0x3418d1b0                HAL_RCC_GetCpuClockFreq
 .text.HAL_RCC_GetSysClockFreq
                0x3418d2b0       0x1e ./Drivers/STM32N6xx_HAL_Driver/stm32n6xx_hal_rcc.o
                0x3418d2b0                HAL_RCC_GetSysClockFreq
 .text.HAL_RCC_GetPCLK1Freq
                0x3418d2ce       0x2a ./Drivers/STM32N6xx_HAL_Driver/stm32n6xx_hal_rcc.o
                0x3418d2ce                HAL_RCC_GetPCLK1Freq
 .text.HAL_RCC_GetClockConfig
                0x3418d2f8       0xec ./Drivers/STM32N6xx_HAL_Driver/stm32n6xx_hal_rcc.o
                0x3418d2f8                HAL_RCC_GetClockConfig
 .text.RCC_GetSysClockFreq
                0x3418d3e4      0x104 ./Drivers/STM32N6xx_HAL_Driver/stm32n6xx_hal_rcc.o
 .text.RCC_PLL_Config
                0x3418d4e8      0x348 ./Drivers/STM32N6xx_HAL_Driver/stm32n6xx_hal_rcc.o
 .text.RCC_PLL_Enable
                0x3418d830       0x58 ./Drivers/STM32N6xx_HAL_Driver/stm32n6xx_hal_rcc.o
 .text.RCC_PLL_IsNewConfig
                0x3418d888       0xf4 ./Drivers/STM32N6xx_HAL_Driver/stm32n6xx_hal_rcc.o
 .text.RCC_PLL_Source_IsReady
                0x3418d97c       0x74 ./Drivers/STM32N6xx_HAL_Driver/stm32n6xx_hal_rcc.o
 .text.RCC_IC_CheckPLLSources
                0x3418d9f0      0x170 ./Drivers/STM32N6xx_HAL_Driver/stm32n6xx_hal_rcc.o
 .text.LL_RCC_HSE_SelectHSEAsDiv2Clock
                0x3418db60       0x20 ./Drivers/STM32N6xx_HAL_Driver/stm32n6xx_hal_rcc_ex.o
 .text.LL_RCC_HSE_SelectHSEDiv2AsDiv2Clock
                0x3418db80       0x20 ./Drivers/STM32N6xx_HAL_Driver/stm32n6xx_hal_rcc_ex.o
 .text.LL_RCC_HSE_IsSelectedHSEDiv2AsDiv2Clock
                0x3418dba0       0x24 ./Drivers/STM32N6xx_HAL_Driver/stm32n6xx_hal_rcc_ex.o
 .text.LL_RCC_HSE_IsReady
                0x3418dbc4       0x24 ./Drivers/STM32N6xx_HAL_Driver/stm32n6xx_hal_rcc_ex.o
 .text.LL_RCC_HSI_IsReady
                0x3418dbe8       0x24 ./Drivers/STM32N6xx_HAL_Driver/stm32n6xx_hal_rcc_ex.o
 .text.LL_RCC_HSI_GetDivider
                0x3418dc0c       0x1c ./Drivers/STM32N6xx_HAL_Driver/stm32n6xx_hal_rcc_ex.o
 .text.LL_RCC_MSI_IsReady
                0x3418dc28       0x24 ./Drivers/STM32N6xx_HAL_Driver/stm32n6xx_hal_rcc_ex.o
 .text.LL_RCC_MSI_GetFrequency
                0x3418dc4c       0x1c ./Drivers/STM32N6xx_HAL_Driver/stm32n6xx_hal_rcc_ex.o
 .text.LL_RCC_LSE_IsReady
                0x3418dc68       0x24 ./Drivers/STM32N6xx_HAL_Driver/stm32n6xx_hal_rcc_ex.o
 .text.LL_RCC_LSI_IsReady
                0x3418dc8c       0x1c ./Drivers/STM32N6xx_HAL_Driver/stm32n6xx_hal_rcc_ex.o
 .text.LL_RCC_GetAHBPrescaler
                0x3418dca8       0x1c ./Drivers/STM32N6xx_HAL_Driver/stm32n6xx_hal_rcc_ex.o
 .text.LL_RCC_GetAPB1Prescaler
                0x3418dcc4       0x1c ./Drivers/STM32N6xx_HAL_Driver/stm32n6xx_hal_rcc_ex.o
 .text.LL_RCC_GetAPB2Prescaler
                0x3418dce0       0x1c ./Drivers/STM32N6xx_HAL_Driver/stm32n6xx_hal_rcc_ex.o
 .text.LL_RCC_GetAPB4Prescaler
                0x3418dcfc       0x1c ./Drivers/STM32N6xx_HAL_Driver/stm32n6xx_hal_rcc_ex.o
 .text.LL_RCC_GetAPB5Prescaler
                0x3418dd18       0x1c ./Drivers/STM32N6xx_HAL_Driver/stm32n6xx_hal_rcc_ex.o
 .text.LL_RCC_SetClockSource
                0x3418dd34       0x54 ./Drivers/STM32N6xx_HAL_Driver/stm32n6xx_hal_rcc_ex.o
 .text.LL_RCC_GetADCPrescaler
                0x3418dd88       0x1c ./Drivers/STM32N6xx_HAL_Driver/stm32n6xx_hal_rcc_ex.o
 .text.LL_RCC_SetADFClockSource
                0x3418dda4       0x2c ./Drivers/STM32N6xx_HAL_Driver/stm32n6xx_hal_rcc_ex.o
 .text.LL_RCC_SetCLKPClockSource
                0x3418ddd0       0x2c ./Drivers/STM32N6xx_HAL_Driver/stm32n6xx_hal_rcc_ex.o
 .text.LL_RCC_SetDCMIPPClockSource
                0x3418ddfc       0x2c ./Drivers/STM32N6xx_HAL_Driver/stm32n6xx_hal_rcc_ex.o
 .text.LL_RCC_SetETHClockSource
                0x3418de28       0x2c ./Drivers/STM32N6xx_HAL_Driver/stm32n6xx_hal_rcc_ex.o
 .text.LL_RCC_SetETHPHYInterface
                0x3418de54       0x2c ./Drivers/STM32N6xx_HAL_Driver/stm32n6xx_hal_rcc_ex.o
 .text.LL_RCC_GetETH1PTPDivider
                0x3418de80       0x1c ./Drivers/STM32N6xx_HAL_Driver/stm32n6xx_hal_rcc_ex.o
 .text.LL_RCC_SetETHREFRXClockSource
                0x3418de9c       0x2c ./Drivers/STM32N6xx_HAL_Driver/stm32n6xx_hal_rcc_ex.o
 .text.LL_RCC_SetETHREFTXClockSource
                0x3418dec8       0x2c ./Drivers/STM32N6xx_HAL_Driver/stm32n6xx_hal_rcc_ex.o
 .text.LL_RCC_SetFDCANClockSource
                0x3418def4       0x2c ./Drivers/STM32N6xx_HAL_Driver/stm32n6xx_hal_rcc_ex.o
 .text.LL_RCC_SetFMCClockSource
                0x3418df20       0x2c ./Drivers/STM32N6xx_HAL_Driver/stm32n6xx_hal_rcc_ex.o
 .text.LL_RCC_SetI2CClockSource
                0x3418df4c       0x16 ./Drivers/STM32N6xx_HAL_Driver/stm32n6xx_hal_rcc_ex.o
 .text.LL_RCC_SetI3CClockSource
                0x3418df62       0x16 ./Drivers/STM32N6xx_HAL_Driver/stm32n6xx_hal_rcc_ex.o
 .text.LL_RCC_SetLPTIMClockSource
                0x3418df78       0x16 ./Drivers/STM32N6xx_HAL_Driver/stm32n6xx_hal_rcc_ex.o
 *fill*         0x3418df8e        0x2 
 .text.LL_RCC_SetLPUARTClockSource
                0x3418df90       0x2c ./Drivers/STM32N6xx_HAL_Driver/stm32n6xx_hal_rcc_ex.o
 .text.LL_RCC_SetLTDCClockSource
                0x3418dfbc       0x2c ./Drivers/STM32N6xx_HAL_Driver/stm32n6xx_hal_rcc_ex.o
 .text.LL_RCC_SetMDFClockSource
                0x3418dfe8       0x2c ./Drivers/STM32N6xx_HAL_Driver/stm32n6xx_hal_rcc_ex.o
 .text.LL_RCC_SetOTGPHYClockSource
                0x3418e014       0x16 ./Drivers/STM32N6xx_HAL_Driver/stm32n6xx_hal_rcc_ex.o
 .text.LL_RCC_SetOTGPHYCKREFClockSource
                0x3418e02a       0x16 ./Drivers/STM32N6xx_HAL_Driver/stm32n6xx_hal_rcc_ex.o
 .text.LL_RCC_SetPSSIClockSource
                0x3418e040       0x2c ./Drivers/STM32N6xx_HAL_Driver/stm32n6xx_hal_rcc_ex.o
 .text.LL_RCC_SetSAIClockSource
                0x3418e06c       0x16 ./Drivers/STM32N6xx_HAL_Driver/stm32n6xx_hal_rcc_ex.o
 .text.LL_RCC_SetSDMMCClockSource
                0x3418e082       0x16 ./Drivers/STM32N6xx_HAL_Driver/stm32n6xx_hal_rcc_ex.o
 .text.LL_RCC_SetSPDIFRXClockSource
                0x3418e098       0x2c ./Drivers/STM32N6xx_HAL_Driver/stm32n6xx_hal_rcc_ex.o
 .text.LL_RCC_SetSPIClockSource
                0x3418e0c4       0x16 ./Drivers/STM32N6xx_HAL_Driver/stm32n6xx_hal_rcc_ex.o
 .text.LL_RCC_SetUSARTClockSource
                0x3418e0da       0x16 ./Drivers/STM32N6xx_HAL_Driver/stm32n6xx_hal_rcc_ex.o
 .text.LL_RCC_SetXSPIClockSource
                0x3418e0f0       0x16 ./Drivers/STM32N6xx_HAL_Driver/stm32n6xx_hal_rcc_ex.o
 *fill*         0x3418e106        0x2 
 .text.LL_RCC_GetClockSource
                0x3418e108       0x4c ./Drivers/STM32N6xx_HAL_Driver/stm32n6xx_hal_rcc_ex.o
 .text.LL_RCC_GetADCClockSource
                0x3418e154       0x24 ./Drivers/STM32N6xx_HAL_Driver/stm32n6xx_hal_rcc_ex.o
 .text.LL_RCC_GetADFClockSource
                0x3418e178       0x24 ./Drivers/STM32N6xx_HAL_Driver/stm32n6xx_hal_rcc_ex.o
 .text.LL_RCC_GetCLKPClockSource
                0x3418e19c       0x24 ./Drivers/STM32N6xx_HAL_Driver/stm32n6xx_hal_rcc_ex.o
 .text.LL_RCC_GetDCMIPPClockSource
                0x3418e1c0       0x24 ./Drivers/STM32N6xx_HAL_Driver/stm32n6xx_hal_rcc_ex.o
 .text.LL_RCC_GetETHClockSource
                0x3418e1e4       0x24 ./Drivers/STM32N6xx_HAL_Driver/stm32n6xx_hal_rcc_ex.o
 .text.LL_RCC_GetETHPTPClockSource
                0x3418e208       0x24 ./Drivers/STM32N6xx_HAL_Driver/stm32n6xx_hal_rcc_ex.o
 .text.LL_RCC_GetFDCANClockSource
                0x3418e22c       0x24 ./Drivers/STM32N6xx_HAL_Driver/stm32n6xx_hal_rcc_ex.o
 .text.LL_RCC_GetFMCClockSource
                0x3418e250       0x24 ./Drivers/STM32N6xx_HAL_Driver/stm32n6xx_hal_rcc_ex.o
 .text.LL_RCC_GetI2CClockSource
                0x3418e274       0x18 ./Drivers/STM32N6xx_HAL_Driver/stm32n6xx_hal_rcc_ex.o
 .text.LL_RCC_GetI3CClockSource
                0x3418e28c       0x18 ./Drivers/STM32N6xx_HAL_Driver/stm32n6xx_hal_rcc_ex.o
 .text.LL_RCC_GetLPTIMClockSource
                0x3418e2a4       0x18 ./Drivers/STM32N6xx_HAL_Driver/stm32n6xx_hal_rcc_ex.o
 .text.LL_RCC_GetLPUARTClockSource
                0x3418e2bc       0x24 ./Drivers/STM32N6xx_HAL_Driver/stm32n6xx_hal_rcc_ex.o
 .text.LL_RCC_GetLTDCClockSource
                0x3418e2e0       0x24 ./Drivers/STM32N6xx_HAL_Driver/stm32n6xx_hal_rcc_ex.o
 .text.LL_RCC_GetMDFClockSource
                0x3418e304       0x24 ./Drivers/STM32N6xx_HAL_Driver/stm32n6xx_hal_rcc_ex.o
 .text.LL_RCC_GetPSSIClockSource
                0x3418e328       0x24 ./Drivers/STM32N6xx_HAL_Driver/stm32n6xx_hal_rcc_ex.o
 .text.LL_RCC_GetSAIClockSource
                0x3418e34c       0x18 ./Drivers/STM32N6xx_HAL_Driver/stm32n6xx_hal_rcc_ex.o
 .text.LL_RCC_GetSDMMCClockSource
                0x3418e364       0x18 ./Drivers/STM32N6xx_HAL_Driver/stm32n6xx_hal_rcc_ex.o
 .text.LL_RCC_GetSPDIFRXClockSource
                0x3418e37c       0x24 ./Drivers/STM32N6xx_HAL_Driver/stm32n6xx_hal_rcc_ex.o
 .text.LL_RCC_GetSPIClockSource
                0x3418e3a0       0x18 ./Drivers/STM32N6xx_HAL_Driver/stm32n6xx_hal_rcc_ex.o
 .text.LL_RCC_GetUSARTClockSource
                0x3418e3b8       0x18 ./Drivers/STM32N6xx_HAL_Driver/stm32n6xx_hal_rcc_ex.o
 .text.LL_RCC_GetUARTClockSource
                0x3418e3d0       0x18 ./Drivers/STM32N6xx_HAL_Driver/stm32n6xx_hal_rcc_ex.o
 .text.LL_RCC_GetUSBClockSource
                0x3418e3e8       0x18 ./Drivers/STM32N6xx_HAL_Driver/stm32n6xx_hal_rcc_ex.o
 .text.LL_RCC_GetXSPIClockSource
                0x3418e400       0x18 ./Drivers/STM32N6xx_HAL_Driver/stm32n6xx_hal_rcc_ex.o
 .text.LL_RCC_SetRTCClockSource
                0x3418e418       0x2c ./Drivers/STM32N6xx_HAL_Driver/stm32n6xx_hal_rcc_ex.o
 .text.LL_RCC_GetRTCClockSource
                0x3418e444       0x1c ./Drivers/STM32N6xx_HAL_Driver/stm32n6xx_hal_rcc_ex.o
 .text.LL_RCC_SetRTC_HSEPrescaler
                0x3418e460       0x2c ./Drivers/STM32N6xx_HAL_Driver/stm32n6xx_hal_rcc_ex.o
 .text.LL_RCC_SetTIMPrescaler
                0x3418e48c       0x2c ./Drivers/STM32N6xx_HAL_Driver/stm32n6xx_hal_rcc_ex.o
 .text.LL_RCC_GetTIMPrescaler
                0x3418e4b8       0x1c ./Drivers/STM32N6xx_HAL_Driver/stm32n6xx_hal_rcc_ex.o
 .text.LL_RCC_PLL1_GetSource
                0x3418e4d4       0x1c ./Drivers/STM32N6xx_HAL_Driver/stm32n6xx_hal_rcc_ex.o
 .text.LL_RCC_PLL1_IsReady
                0x3418e4f0       0x28 ./Drivers/STM32N6xx_HAL_Driver/stm32n6xx_hal_rcc_ex.o
 .text.LL_RCC_PLL1_IsEnabledBypass
                0x3418e518       0x28 ./Drivers/STM32N6xx_HAL_Driver/stm32n6xx_hal_rcc_ex.o
 .text.LL_RCC_PLL1_GetN
                0x3418e540       0x20 ./Drivers/STM32N6xx_HAL_Driver/stm32n6xx_hal_rcc_ex.o
 .text.LL_RCC_PLL1_GetM
                0x3418e560       0x20 ./Drivers/STM32N6xx_HAL_Driver/stm32n6xx_hal_rcc_ex.o
 .text.LL_RCC_PLL1_GetP1
                0x3418e580       0x20 ./Drivers/STM32N6xx_HAL_Driver/stm32n6xx_hal_rcc_ex.o
 .text.LL_RCC_PLL1_GetP2
                0x3418e5a0       0x20 ./Drivers/STM32N6xx_HAL_Driver/stm32n6xx_hal_rcc_ex.o
 .text.LL_RCC_PLL1P_IsEnabled
                0x3418e5c0       0x28 ./Drivers/STM32N6xx_HAL_Driver/stm32n6xx_hal_rcc_ex.o
 .text.LL_RCC_PLL1_GetFRACN
                0x3418e5e8       0x1c ./Drivers/STM32N6xx_HAL_Driver/stm32n6xx_hal_rcc_ex.o
 .text.LL_RCC_PLL2_GetSource
                0x3418e604       0x1c ./Drivers/STM32N6xx_HAL_Driver/stm32n6xx_hal_rcc_ex.o
 .text.LL_RCC_PLL2_IsReady
                0x3418e620       0x28 ./Drivers/STM32N6xx_HAL_Driver/stm32n6xx_hal_rcc_ex.o
 .text.LL_RCC_PLL2_IsEnabledBypass
                0x3418e648       0x28 ./Drivers/STM32N6xx_HAL_Driver/stm32n6xx_hal_rcc_ex.o
 .text.LL_RCC_PLL2_GetN
                0x3418e670       0x20 ./Drivers/STM32N6xx_HAL_Driver/stm32n6xx_hal_rcc_ex.o
 .text.LL_RCC_PLL2_GetM
                0x3418e690       0x20 ./Drivers/STM32N6xx_HAL_Driver/stm32n6xx_hal_rcc_ex.o
 .text.LL_RCC_PLL2_GetP1
                0x3418e6b0       0x20 ./Drivers/STM32N6xx_HAL_Driver/stm32n6xx_hal_rcc_ex.o
 .text.LL_RCC_PLL2_GetP2
                0x3418e6d0       0x20 ./Drivers/STM32N6xx_HAL_Driver/stm32n6xx_hal_rcc_ex.o
 .text.LL_RCC_PLL2P_IsEnabled
                0x3418e6f0       0x28 ./Drivers/STM32N6xx_HAL_Driver/stm32n6xx_hal_rcc_ex.o
 .text.LL_RCC_PLL2_GetFRACN
                0x3418e718       0x1c ./Drivers/STM32N6xx_HAL_Driver/stm32n6xx_hal_rcc_ex.o
 .text.LL_RCC_PLL3_GetSource
                0x3418e734       0x1c ./Drivers/STM32N6xx_HAL_Driver/stm32n6xx_hal_rcc_ex.o
 .text.LL_RCC_PLL3_IsReady
                0x3418e750       0x28 ./Drivers/STM32N6xx_HAL_Driver/stm32n6xx_hal_rcc_ex.o
 .text.LL_RCC_PLL3_IsEnabledBypass
                0x3418e778       0x28 ./Drivers/STM32N6xx_HAL_Driver/stm32n6xx_hal_rcc_ex.o
 .text.LL_RCC_PLL3_GetN
                0x3418e7a0       0x20 ./Drivers/STM32N6xx_HAL_Driver/stm32n6xx_hal_rcc_ex.o
 .text.LL_RCC_PLL3_GetM
                0x3418e7c0       0x20 ./Drivers/STM32N6xx_HAL_Driver/stm32n6xx_hal_rcc_ex.o
 .text.LL_RCC_PLL3_GetP1
                0x3418e7e0       0x20 ./Drivers/STM32N6xx_HAL_Driver/stm32n6xx_hal_rcc_ex.o
 .text.LL_RCC_PLL3_GetP2
                0x3418e800       0x20 ./Drivers/STM32N6xx_HAL_Driver/stm32n6xx_hal_rcc_ex.o
 .text.LL_RCC_PLL3P_IsEnabled
                0x3418e820       0x28 ./Drivers/STM32N6xx_HAL_Driver/stm32n6xx_hal_rcc_ex.o
 .text.LL_RCC_PLL3_GetFRACN
                0x3418e848       0x1c ./Drivers/STM32N6xx_HAL_Driver/stm32n6xx_hal_rcc_ex.o
 .text.LL_RCC_PLL4_GetSource
                0x3418e864       0x1c ./Drivers/STM32N6xx_HAL_Driver/stm32n6xx_hal_rcc_ex.o
 .text.LL_RCC_PLL4_IsReady
                0x3418e880       0x28 ./Drivers/STM32N6xx_HAL_Driver/stm32n6xx_hal_rcc_ex.o
 .text.LL_RCC_PLL4_IsEnabledBypass
                0x3418e8a8       0x28 ./Drivers/STM32N6xx_HAL_Driver/stm32n6xx_hal_rcc_ex.o
 .text.LL_RCC_PLL4_GetN
                0x3418e8d0       0x20 ./Drivers/STM32N6xx_HAL_Driver/stm32n6xx_hal_rcc_ex.o
 .text.LL_RCC_PLL4_GetM
                0x3418e8f0       0x20 ./Drivers/STM32N6xx_HAL_Driver/stm32n6xx_hal_rcc_ex.o
 .text.LL_RCC_PLL4_GetP1
                0x3418e910       0x20 ./Drivers/STM32N6xx_HAL_Driver/stm32n6xx_hal_rcc_ex.o
 .text.LL_RCC_PLL4_GetP2
                0x3418e930       0x20 ./Drivers/STM32N6xx_HAL_Driver/stm32n6xx_hal_rcc_ex.o
 .text.LL_RCC_PLL4P_IsEnabled
                0x3418e950       0x28 ./Drivers/STM32N6xx_HAL_Driver/stm32n6xx_hal_rcc_ex.o
 .text.LL_RCC_PLL4_GetFRACN
                0x3418e978       0x1c ./Drivers/STM32N6xx_HAL_Driver/stm32n6xx_hal_rcc_ex.o
 .text.LL_RCC_IC3_Enable
                0x3418e994       0x1c ./Drivers/STM32N6xx_HAL_Driver/stm32n6xx_hal_rcc_ex.o
 .text.LL_RCC_IC3_IsEnabled
                0x3418e9b0       0x28 ./Drivers/STM32N6xx_HAL_Driver/stm32n6xx_hal_rcc_ex.o
 .text.LL_RCC_IC3_GetSource
                0x3418e9d8       0x1c ./Drivers/STM32N6xx_HAL_Driver/stm32n6xx_hal_rcc_ex.o
 .text.LL_RCC_IC3_GetDivider
                0x3418e9f4       0x20 ./Drivers/STM32N6xx_HAL_Driver/stm32n6xx_hal_rcc_ex.o
 .text.LL_RCC_IC4_Enable
                0x3418ea14       0x1c ./Drivers/STM32N6xx_HAL_Driver/stm32n6xx_hal_rcc_ex.o
 .text.LL_RCC_IC4_IsEnabled
                0x3418ea30       0x28 ./Drivers/STM32N6xx_HAL_Driver/stm32n6xx_hal_rcc_ex.o
 .text.LL_RCC_IC4_GetSource
                0x3418ea58       0x1c ./Drivers/STM32N6xx_HAL_Driver/stm32n6xx_hal_rcc_ex.o
 .text.LL_RCC_IC4_GetDivider
                0x3418ea74       0x20 ./Drivers/STM32N6xx_HAL_Driver/stm32n6xx_hal_rcc_ex.o
 .text.LL_RCC_IC5_Enable
                0x3418ea94       0x1c ./Drivers/STM32N6xx_HAL_Driver/stm32n6xx_hal_rcc_ex.o
 .text.LL_RCC_IC5_IsEnabled
                0x3418eab0       0x28 ./Drivers/STM32N6xx_HAL_Driver/stm32n6xx_hal_rcc_ex.o
 .text.LL_RCC_IC5_GetSource
                0x3418ead8       0x1c ./Drivers/STM32N6xx_HAL_Driver/stm32n6xx_hal_rcc_ex.o
 .text.LL_RCC_IC5_GetDivider
                0x3418eaf4       0x20 ./Drivers/STM32N6xx_HAL_Driver/stm32n6xx_hal_rcc_ex.o
 .text.LL_RCC_IC7_Enable
                0x3418eb14       0x1c ./Drivers/STM32N6xx_HAL_Driver/stm32n6xx_hal_rcc_ex.o
 .text.LL_RCC_IC7_IsEnabled
                0x3418eb30       0x28 ./Drivers/STM32N6xx_HAL_Driver/stm32n6xx_hal_rcc_ex.o
 .text.LL_RCC_IC7_GetSource
                0x3418eb58       0x1c ./Drivers/STM32N6xx_HAL_Driver/stm32n6xx_hal_rcc_ex.o
 .text.LL_RCC_IC7_GetDivider
                0x3418eb74       0x20 ./Drivers/STM32N6xx_HAL_Driver/stm32n6xx_hal_rcc_ex.o
 .text.LL_RCC_IC8_Enable
                0x3418eb94       0x1c ./Drivers/STM32N6xx_HAL_Driver/stm32n6xx_hal_rcc_ex.o
 .text.LL_RCC_IC8_IsEnabled
                0x3418ebb0       0x28 ./Drivers/STM32N6xx_HAL_Driver/stm32n6xx_hal_rcc_ex.o
 .text.LL_RCC_IC8_GetSource
                0x3418ebd8       0x1c ./Drivers/STM32N6xx_HAL_Driver/stm32n6xx_hal_rcc_ex.o
 .text.LL_RCC_IC8_GetDivider
                0x3418ebf4       0x20 ./Drivers/STM32N6xx_HAL_Driver/stm32n6xx_hal_rcc_ex.o
 .text.LL_RCC_IC9_Enable
                0x3418ec14       0x1c ./Drivers/STM32N6xx_HAL_Driver/stm32n6xx_hal_rcc_ex.o
 .text.LL_RCC_IC9_IsEnabled
                0x3418ec30       0x28 ./Drivers/STM32N6xx_HAL_Driver/stm32n6xx_hal_rcc_ex.o
 .text.LL_RCC_IC9_GetSource
                0x3418ec58       0x1c ./Drivers/STM32N6xx_HAL_Driver/stm32n6xx_hal_rcc_ex.o
 .text.LL_RCC_IC9_GetDivider
                0x3418ec74       0x20 ./Drivers/STM32N6xx_HAL_Driver/stm32n6xx_hal_rcc_ex.o
 .text.LL_RCC_IC10_Enable
                0x3418ec94       0x1c ./Drivers/STM32N6xx_HAL_Driver/stm32n6xx_hal_rcc_ex.o
 .text.LL_RCC_IC10_IsEnabled
                0x3418ecb0       0x28 ./Drivers/STM32N6xx_HAL_Driver/stm32n6xx_hal_rcc_ex.o
 .text.LL_RCC_IC10_GetSource
                0x3418ecd8       0x1c ./Drivers/STM32N6xx_HAL_Driver/stm32n6xx_hal_rcc_ex.o
 .text.LL_RCC_IC10_GetDivider
                0x3418ecf4       0x20 ./Drivers/STM32N6xx_HAL_Driver/stm32n6xx_hal_rcc_ex.o
 .text.LL_RCC_IC12_Enable
                0x3418ed14       0x1c ./Drivers/STM32N6xx_HAL_Driver/stm32n6xx_hal_rcc_ex.o
 .text.LL_RCC_IC12_IsEnabled
                0x3418ed30       0x28 ./Drivers/STM32N6xx_HAL_Driver/stm32n6xx_hal_rcc_ex.o
 .text.LL_RCC_IC12_GetSource
                0x3418ed58       0x1c ./Drivers/STM32N6xx_HAL_Driver/stm32n6xx_hal_rcc_ex.o
 .text.LL_RCC_IC12_GetDivider
                0x3418ed74       0x20 ./Drivers/STM32N6xx_HAL_Driver/stm32n6xx_hal_rcc_ex.o
 .text.LL_RCC_IC13_Enable
                0x3418ed94       0x1c ./Drivers/STM32N6xx_HAL_Driver/stm32n6xx_hal_rcc_ex.o
 .text.LL_RCC_IC13_IsEnabled
                0x3418edb0       0x28 ./Drivers/STM32N6xx_HAL_Driver/stm32n6xx_hal_rcc_ex.o
 .text.LL_RCC_IC13_GetSource
                0x3418edd8       0x1c ./Drivers/STM32N6xx_HAL_Driver/stm32n6xx_hal_rcc_ex.o
 .text.LL_RCC_IC13_GetDivider
                0x3418edf4       0x20 ./Drivers/STM32N6xx_HAL_Driver/stm32n6xx_hal_rcc_ex.o
 .text.LL_RCC_IC14_Enable
                0x3418ee14       0x1c ./Drivers/STM32N6xx_HAL_Driver/stm32n6xx_hal_rcc_ex.o
 .text.LL_RCC_IC14_IsEnabled
                0x3418ee30       0x28 ./Drivers/STM32N6xx_HAL_Driver/stm32n6xx_hal_rcc_ex.o
 .text.LL_RCC_IC14_GetSource
                0x3418ee58       0x1c ./Drivers/STM32N6xx_HAL_Driver/stm32n6xx_hal_rcc_ex.o
 .text.LL_RCC_IC14_GetDivider
                0x3418ee74       0x20 ./Drivers/STM32N6xx_HAL_Driver/stm32n6xx_hal_rcc_ex.o
 .text.LL_RCC_IC15_Enable
                0x3418ee94       0x1c ./Drivers/STM32N6xx_HAL_Driver/stm32n6xx_hal_rcc_ex.o
 .text.LL_RCC_IC15_IsEnabled
                0x3418eeb0       0x28 ./Drivers/STM32N6xx_HAL_Driver/stm32n6xx_hal_rcc_ex.o
 .text.LL_RCC_IC15_GetSource
                0x3418eed8       0x1c ./Drivers/STM32N6xx_HAL_Driver/stm32n6xx_hal_rcc_ex.o
 .text.LL_RCC_IC15_GetDivider
                0x3418eef4       0x20 ./Drivers/STM32N6xx_HAL_Driver/stm32n6xx_hal_rcc_ex.o
 .text.LL_RCC_IC16_Enable
                0x3418ef14       0x1c ./Drivers/STM32N6xx_HAL_Driver/stm32n6xx_hal_rcc_ex.o
 .text.LL_RCC_IC16_IsEnabled
                0x3418ef30       0x28 ./Drivers/STM32N6xx_HAL_Driver/stm32n6xx_hal_rcc_ex.o
 .text.LL_RCC_IC16_GetSource
                0x3418ef58       0x1c ./Drivers/STM32N6xx_HAL_Driver/stm32n6xx_hal_rcc_ex.o
 .text.LL_RCC_IC16_GetDivider
                0x3418ef74       0x20 ./Drivers/STM32N6xx_HAL_Driver/stm32n6xx_hal_rcc_ex.o
 .text.LL_RCC_IC17_Enable
                0x3418ef94       0x1c ./Drivers/STM32N6xx_HAL_Driver/stm32n6xx_hal_rcc_ex.o
 .text.LL_RCC_IC17_IsEnabled
                0x3418efb0       0x28 ./Drivers/STM32N6xx_HAL_Driver/stm32n6xx_hal_rcc_ex.o
 .text.LL_RCC_IC17_GetSource
                0x3418efd8       0x1c ./Drivers/STM32N6xx_HAL_Driver/stm32n6xx_hal_rcc_ex.o
 .text.LL_RCC_IC17_GetDivider
                0x3418eff4       0x20 ./Drivers/STM32N6xx_HAL_Driver/stm32n6xx_hal_rcc_ex.o
 .text.LL_RCC_IC18_Enable
                0x3418f014       0x1c ./Drivers/STM32N6xx_HAL_Driver/stm32n6xx_hal_rcc_ex.o
 .text.LL_RCC_IC18_IsEnabled
                0x3418f030       0x28 ./Drivers/STM32N6xx_HAL_Driver/stm32n6xx_hal_rcc_ex.o
 .text.LL_RCC_IC18_GetSource
                0x3418f058       0x1c ./Drivers/STM32N6xx_HAL_Driver/stm32n6xx_hal_rcc_ex.o
 .text.LL_RCC_IC18_GetDivider
                0x3418f074       0x20 ./Drivers/STM32N6xx_HAL_Driver/stm32n6xx_hal_rcc_ex.o
 .text.LL_RCC_IC19_Enable
                0x3418f094       0x1c ./Drivers/STM32N6xx_HAL_Driver/stm32n6xx_hal_rcc_ex.o
 .text.LL_RCC_IC19_IsEnabled
                0x3418f0b0       0x28 ./Drivers/STM32N6xx_HAL_Driver/stm32n6xx_hal_rcc_ex.o
 .text.LL_RCC_IC19_GetSource
                0x3418f0d8       0x1c ./Drivers/STM32N6xx_HAL_Driver/stm32n6xx_hal_rcc_ex.o
 .text.LL_RCC_IC19_GetDivider
                0x3418f0f4       0x20 ./Drivers/STM32N6xx_HAL_Driver/stm32n6xx_hal_rcc_ex.o
 .text.LL_RCC_IC20_Enable
                0x3418f114       0x1c ./Drivers/STM32N6xx_HAL_Driver/stm32n6xx_hal_rcc_ex.o
 .text.LL_RCC_IC20_IsEnabled
                0x3418f130       0x28 ./Drivers/STM32N6xx_HAL_Driver/stm32n6xx_hal_rcc_ex.o
 .text.LL_RCC_IC20_GetSource
                0x3418f158       0x1c ./Drivers/STM32N6xx_HAL_Driver/stm32n6xx_hal_rcc_ex.o
 .text.LL_RCC_IC20_GetDivider
                0x3418f174       0x20 ./Drivers/STM32N6xx_HAL_Driver/stm32n6xx_hal_rcc_ex.o
 .text.LL_RCC_CLKP_Enable
                0x3418f194       0x1c ./Drivers/STM32N6xx_HAL_Driver/stm32n6xx_hal_rcc_ex.o
 .text.LL_RCC_CLKP_IsEnabled
                0x3418f1b0       0x28 ./Drivers/STM32N6xx_HAL_Driver/stm32n6xx_hal_rcc_ex.o
 .text.HAL_RCCEx_PeriphCLKConfig
                0x3418f1d8     0x68a4 ./Drivers/STM32N6xx_HAL_Driver/stm32n6xx_hal_rcc_ex.o
                0x3418f1d8                HAL_RCCEx_PeriphCLKConfig
 .text.HAL_RCCEx_GetPeriphCLKFreq
                0x34195a7c      0x938 ./Drivers/STM32N6xx_HAL_Driver/stm32n6xx_hal_rcc_ex.o
                0x34195a7c                HAL_RCCEx_GetPeriphCLKFreq
 .text.HAL_RCCEx_GetPLL1CLKFreq
                0x341963b4       0x8c ./Drivers/STM32N6xx_HAL_Driver/stm32n6xx_hal_rcc_ex.o
                0x341963b4                HAL_RCCEx_GetPLL1CLKFreq
 .text.HAL_RCCEx_GetPLL2CLKFreq
                0x34196440       0x8c ./Drivers/STM32N6xx_HAL_Driver/stm32n6xx_hal_rcc_ex.o
                0x34196440                HAL_RCCEx_GetPLL2CLKFreq
 .text.HAL_RCCEx_GetPLL3CLKFreq
                0x341964cc       0x8c ./Drivers/STM32N6xx_HAL_Driver/stm32n6xx_hal_rcc_ex.o
                0x341964cc                HAL_RCCEx_GetPLL3CLKFreq
 .text.HAL_RCCEx_GetPLL4CLKFreq
                0x34196558       0x8c ./Drivers/STM32N6xx_HAL_Driver/stm32n6xx_hal_rcc_ex.o
                0x34196558                HAL_RCCEx_GetPLL4CLKFreq
 .text.RCCEx_GetHCLKFreq
                0x341965e4       0x22 ./Drivers/STM32N6xx_HAL_Driver/stm32n6xx_hal_rcc_ex.o
 .text.RCCEx_GetPCLK1Freq
                0x34196606       0x20 ./Drivers/STM32N6xx_HAL_Driver/stm32n6xx_hal_rcc_ex.o
 .text.RCCEx_GetPCLK2Freq
                0x34196626       0x22 ./Drivers/STM32N6xx_HAL_Driver/stm32n6xx_hal_rcc_ex.o
 .text.RCCEx_GetPCLK4Freq
                0x34196648       0x22 ./Drivers/STM32N6xx_HAL_Driver/stm32n6xx_hal_rcc_ex.o
 .text.RCCEx_GetPCLK5Freq
                0x3419666a       0x22 ./Drivers/STM32N6xx_HAL_Driver/stm32n6xx_hal_rcc_ex.o
 .text.RCCEx_GetPLLSourceFreq
                0x3419668c       0xbc ./Drivers/STM32N6xx_HAL_Driver/stm32n6xx_hal_rcc_ex.o
 .text.RCCEx_CalcPLLFreq
                0x34196748       0x98 ./Drivers/STM32N6xx_HAL_Driver/stm32n6xx_hal_rcc_ex.o
 .text.RCCEx_GetADCCLKFreq
                0x341967e0      0x204 ./Drivers/STM32N6xx_HAL_Driver/stm32n6xx_hal_rcc_ex.o
 .text.RCCEx_GetADFCLKFreq
                0x341969e4      0x1d8 ./Drivers/STM32N6xx_HAL_Driver/stm32n6xx_hal_rcc_ex.o
 .text.RCCEx_GetCLKPCLKFreq
                0x34196bbc      0x36c ./Drivers/STM32N6xx_HAL_Driver/stm32n6xx_hal_rcc_ex.o
 .text.RCCEx_GetCSICLKFreq
                0x34196f28       0x98 ./Drivers/STM32N6xx_HAL_Driver/stm32n6xx_hal_rcc_ex.o
 .text.RCCEx_GetDCMIPPCLKFreq
                0x34196fc0      0x114 ./Drivers/STM32N6xx_HAL_Driver/stm32n6xx_hal_rcc_ex.o
 .text.RCCEx_GetETH1CLKFreq
                0x341970d4      0x100 ./Drivers/STM32N6xx_HAL_Driver/stm32n6xx_hal_rcc_ex.o
 .text.RCCEx_GetETH1PTPCLKFreq
                0x341971d4      0x108 ./Drivers/STM32N6xx_HAL_Driver/stm32n6xx_hal_rcc_ex.o
 .text.RCCEx_GetFDCANCLKFreq
                0x341972dc      0x100 ./Drivers/STM32N6xx_HAL_Driver/stm32n6xx_hal_rcc_ex.o
 .text.RCCEx_GetFMCCLKFreq
                0x341973dc      0x16e ./Drivers/STM32N6xx_HAL_Driver/stm32n6xx_hal_rcc_ex.o
 *fill*         0x3419754a        0x2 
 .text.RCCEx_GetI2CCLKFreq
                0x3419754c      0x350 ./Drivers/STM32N6xx_HAL_Driver/stm32n6xx_hal_rcc_ex.o
 .text.RCCEx_GetI3CCLKFreq
                0x3419789c      0x268 ./Drivers/STM32N6xx_HAL_Driver/stm32n6xx_hal_rcc_ex.o
 .text.RCCEx_GetLPTIMCLKFreq
                0x34197b04      0x354 ./Drivers/STM32N6xx_HAL_Driver/stm32n6xx_hal_rcc_ex.o
 .text.RCCEx_GetLPUARTCLKFreq
                0x34197e58      0x204 ./Drivers/STM32N6xx_HAL_Driver/stm32n6xx_hal_rcc_ex.o
 .text.RCCEx_GetLTDCCLKFreq
                0x3419805c      0x114 ./Drivers/STM32N6xx_HAL_Driver/stm32n6xx_hal_rcc_ex.o
 .text.RCCEx_GetMDFCLKFreq
                0x34198170      0x214 ./Drivers/STM32N6xx_HAL_Driver/stm32n6xx_hal_rcc_ex.o
 .text.RCCEx_GetPSSICLKFreq
                0x34198384      0x104 ./Drivers/STM32N6xx_HAL_Driver/stm32n6xx_hal_rcc_ex.o
 .text.RCCEx_GetRTCCLKFreq
                0x34198488       0xa4 ./Drivers/STM32N6xx_HAL_Driver/stm32n6xx_hal_rcc_ex.o
 .text.RCCEx_GetSAICLKFreq
                0x3419852c      0x2cc ./Drivers/STM32N6xx_HAL_Driver/stm32n6xx_hal_rcc_ex.o
 .text.RCCEx_GetSDMMCCLKFreq
                0x341987f8      0x1d4 ./Drivers/STM32N6xx_HAL_Driver/stm32n6xx_hal_rcc_ex.o
 .text.RCCEx_GetSPDIFRXCLKFreq
                0x341989cc      0x1c8 ./Drivers/STM32N6xx_HAL_Driver/stm32n6xx_hal_rcc_ex.o
 .text.RCCEx_GetSPICLKFreq
                0x34198b94      0x5a4 ./Drivers/STM32N6xx_HAL_Driver/stm32n6xx_hal_rcc_ex.o
 .text.RCCEx_GetUARTCLKFreq
                0x34199138      0x454 ./Drivers/STM32N6xx_HAL_Driver/stm32n6xx_hal_rcc_ex.o
 .text.RCCEx_GetUSARTCLKFreq
                0x3419958c      0x454 ./Drivers/STM32N6xx_HAL_Driver/stm32n6xx_hal_rcc_ex.o
 .text.RCCEx_GetOTGPHYCLKFreq
                0x341999e0      0x16c ./Drivers/STM32N6xx_HAL_Driver/stm32n6xx_hal_rcc_ex.o
 .text.RCCEx_GetOTGPHYCKREFCLKFreq
                0x34199b4c       0xa0 ./Drivers/STM32N6xx_HAL_Driver/stm32n6xx_hal_rcc_ex.o
 .text.RCCEx_GetXSPICLKFreq
                0x34199bec      0x220 ./Drivers/STM32N6xx_HAL_Driver/stm32n6xx_hal_rcc_ex.o
 .text.HAL_RIF_RIMC_ConfigMasterAttributes
                0x34199e0c      0x154 ./Drivers/STM32N6xx_HAL_Driver/stm32n6xx_hal_rif.o
                0x34199e0c                HAL_RIF_RIMC_ConfigMasterAttributes
 .text.HAL_RIF_RISC_SetSlaveSecureAttributes
                0x34199f60      0x6c8 ./Drivers/STM32N6xx_HAL_Driver/stm32n6xx_hal_rif.o
                0x34199f60                HAL_RIF_RISC_SetSlaveSecureAttributes
 .text.HAL_UART_Init
                0x3419a628      0x2f8 ./Drivers/STM32N6xx_HAL_Driver/stm32n6xx_hal_uart.o
                0x3419a628                HAL_UART_Init
 .text.HAL_UART_MspInit
                0x3419a920       0x14 ./Drivers/STM32N6xx_HAL_Driver/stm32n6xx_hal_uart.o
                0x3419a920                HAL_UART_MspInit
 .text.HAL_UART_Transmit
                0x3419a934      0x132 ./Drivers/STM32N6xx_HAL_Driver/stm32n6xx_hal_uart.o
                0x3419a934                HAL_UART_Transmit
 *fill*         0x3419aa66        0x2 
 .text.UART_SetConfig
                0x3419aa68      0x598 ./Drivers/STM32N6xx_HAL_Driver/stm32n6xx_hal_uart.o
                0x3419aa68                UART_SetConfig
 .text.UART_AdvFeatureConfig
                0x3419b000      0x394 ./Drivers/STM32N6xx_HAL_Driver/stm32n6xx_hal_uart.o
                0x3419b000                UART_AdvFeatureConfig
 .text.UART_CheckIdleState
                0x3419b394      0x154 ./Drivers/STM32N6xx_HAL_Driver/stm32n6xx_hal_uart.o
                0x3419b394                UART_CheckIdleState
 .text.UART_WaitOnFlagUntilTimeout
                0x3419b4e8       0xda ./Drivers/STM32N6xx_HAL_Driver/stm32n6xx_hal_uart.o
                0x3419b4e8                UART_WaitOnFlagUntilTimeout
 .text.UART_EndRxTransfer
                0x3419b5c2       0xcc ./Drivers/STM32N6xx_HAL_Driver/stm32n6xx_hal_uart.o
 .text.ISP_Algo_BadPixel_Init
                0x3419b68e       0x1e ./Middlewares/STM32_ISP/isp_algo.o
                0x3419b68e                ISP_Algo_BadPixel_Init
 .text.ISP_Algo_BadPixel_DeInit
                0x3419b6ac       0x18 ./Middlewares/STM32_ISP/isp_algo.o
                0x3419b6ac                ISP_Algo_BadPixel_DeInit
 .text.ISP_Algo_BadPixel_Process
                0x3419b6c4      0x10c ./Middlewares/STM32_ISP/isp_algo.o
                0x3419b6c4                ISP_Algo_BadPixel_Process
 .text.log_cb   0x3419b7d0       0x28 ./Middlewares/STM32_ISP/isp_algo.o
 .text.ISP_Algo_AEC_Init
                0x3419b7f8      0x178 ./Middlewares/STM32_ISP/isp_algo.o
                0x3419b7f8                ISP_Algo_AEC_Init
 .text.ISP_Algo_AEC_DeInit
                0x3419b970       0x2c ./Middlewares/STM32_ISP/isp_algo.o
                0x3419b970                ISP_Algo_AEC_DeInit
 .text.ISP_Algo_AEC_StatCb
                0x3419b99c       0x1c ./Middlewares/STM32_ISP/isp_algo.o
                0x3419b99c                ISP_Algo_AEC_StatCb
 .text.ISP_Algo_AEC_Process
                0x3419b9b8      0x1d0 ./Middlewares/STM32_ISP/isp_algo.o
                0x3419b9b8                ISP_Algo_AEC_Process
 .text.ISP_Algo_ApplyGammaInverse
                0x3419bb88       0x84 ./Middlewares/STM32_ISP/isp_algo.o
                0x3419bb88                ISP_Algo_ApplyGammaInverse
 .text.ISP_Algo_GetUpStat
                0x3419bc0c      0x1a0 ./Middlewares/STM32_ISP/isp_algo.o
                0x3419bc0c                ISP_Algo_GetUpStat
 *fill*         0x3419bdac        0x4 
 .text.ISP_Algo_ApplyCConv
                0x3419bdb0      0x490 ./Middlewares/STM32_ISP/isp_algo.o
                0x3419bdb0                ISP_Algo_ApplyCConv
 .text.ISP_Algo_AWB_Init
                0x3419c240       0x40 ./Middlewares/STM32_ISP/isp_algo.o
                0x3419c240                ISP_Algo_AWB_Init
 .text.ISP_Algo_AWB_DeInit
                0x3419c280       0x2c ./Middlewares/STM32_ISP/isp_algo.o
                0x3419c280                ISP_Algo_AWB_DeInit
 .text.ISP_Algo_AWB_StatCb
                0x3419c2ac       0x24 ./Middlewares/STM32_ISP/isp_algo.o
                0x3419c2ac                ISP_Algo_AWB_StatCb
 .text.ISP_Algo_AWB_Process
                0x3419c2d0      0x7c8 ./Middlewares/STM32_ISP/isp_algo.o
                0x3419c2d0                ISP_Algo_AWB_Process
 .text.ISP_Algo_Init
                0x3419ca98       0x64 ./Middlewares/STM32_ISP/isp_algo.o
                0x3419ca98                ISP_Algo_Init
 .text.ISP_Algo_Process
                0x3419cafc       0x58 ./Middlewares/STM32_ISP/isp_algo.o
                0x3419cafc                ISP_Algo_Process
 .text.ISP_Init
                0x3419cb54      0x18c ./Middlewares/STM32_ISP/isp_core.o
                0x3419cb54                ISP_Init
 .text.ISP_Start
                0x3419cce0      0x210 ./Middlewares/STM32_ISP/isp_core.o
                0x3419cce0                ISP_Start
 .text.ISP_BackgroundProcess
                0x3419cef0       0x44 ./Middlewares/STM32_ISP/isp_core.o
                0x3419cef0                ISP_BackgroundProcess
 .text.ISP_GatherStatistics
                0x3419cf34       0x16 ./Middlewares/STM32_ISP/isp_core.o
                0x3419cf34                ISP_GatherStatistics
 .text.ISP_IncMainFrameId
                0x3419cf4a       0x16 ./Middlewares/STM32_ISP/isp_core.o
                0x3419cf4a                ISP_IncMainFrameId
 .text.ISP_IncAncillaryFrameId
                0x3419cf60       0x16 ./Middlewares/STM32_ISP/isp_core.o
                0x3419cf60                ISP_IncAncillaryFrameId
 .text.ISP_IncDumpFrameId
                0x3419cf76       0x16 ./Middlewares/STM32_ISP/isp_core.o
                0x3419cf76                ISP_IncDumpFrameId
 *fill*         0x3419cf8c        0x4 
 .text.To_Shift_Multiplier
                0x3419cf90       0x80 ./Middlewares/STM32_ISP/isp_services.o
 .text.From_Shift_Multiplier
                0x3419d010       0x7c ./Middlewares/STM32_ISP/isp_services.o
 .text.To_CConv_Reg
                0x3419d08c       0x3c ./Middlewares/STM32_ISP/isp_services.o
 .text.From_CConv_Reg
                0x3419d0c8       0x50 ./Middlewares/STM32_ISP/isp_services.o
 .text.GetAvgStats
                0x3419d118       0x88 ./Middlewares/STM32_ISP/isp_services.o
 .text.ReadStatHistogram
                0x3419d1a0       0x40 ./Middlewares/STM32_ISP/isp_services.o
 .text.SetStatConfig
                0x3419d1e0       0x42 ./Middlewares/STM32_ISP/isp_services.o
 *fill*         0x3419d222        0x2 
 .text.GetNextStatStage
                0x3419d224      0x1e0 ./Middlewares/STM32_ISP/isp_services.o
 .text.GetStatCycleStart
                0x3419d404       0x70 ./Middlewares/STM32_ISP/isp_services.o
 .text.GetStatCycleEnd
                0x3419d474       0x70 ./Middlewares/STM32_ISP/isp_services.o
 *fill*         0x3419d4e4        0x4 
 .text.LuminanceFromRGB
                0x3419d4e8       0x80 ./Middlewares/STM32_ISP/isp_services.o
                0x3419d4e8                LuminanceFromRGB
 .text.LuminanceFromRGBMono