Archive member included to satisfy reference by file (symbol)

/Applications/STM32CubeIDE.app/Contents/Eclipse/plugins/com.st.stm32cube.ide.mcu.externaltools.gnu-tools-for-stm32.14.3.rel1.macosaarch64_1.0.0.202602081740/tools/bin/../lib/gcc/arm-none-eabi/14.3.1/../../../../arm-none-eabi/lib/thumb/v8-m.main+dp/hard/libc_nano.a(libc_a-exit.o)
                              /Applications/STM32CubeIDE.app/Contents/Eclipse/plugins/com.st.stm32cube.ide.mcu.externaltools.gnu-tools-for-stm32.14.3.rel1.macosaarch64_1.0.0.202602081740/tools/bin/../lib/gcc/arm-none-eabi/14.3.1/../../../../arm-none-eabi/lib/thumb/v8-m.main+dp/hard/crt0.o (exit)
/Applications/STM32CubeIDE.app/Contents/Eclipse/plugins/com.st.stm32cube.ide.mcu.externaltools.gnu-tools-for-stm32.14.3.rel1.macosaarch64_1.0.0.202602081740/tools/bin/../lib/gcc/arm-none-eabi/14.3.1/../../../../arm-none-eabi/lib/thumb/v8-m.main+dp/hard/libc_nano.a(libc_a-findfp.o)
                              /Applications/STM32CubeIDE.app/Contents/Eclipse/plugins/com.st.stm32cube.ide.mcu.externaltools.gnu-tools-for-stm32.14.3.rel1.macosaarch64_1.0.0.202602081740/tools/bin/../lib/gcc/arm-none-eabi/14.3.1/../../../../arm-none-eabi/lib/thumb/v8-m.main+dp/hard/libc_nano.a(libc_a-exit.o) (__stdio_exit_handler)
/Applications/STM32CubeIDE.app/Contents/Eclipse/plugins/com.st.stm32cube.ide.mcu.externaltools.gnu-tools-for-stm32.14.3.rel1.macosaarch64_1.0.0.202602081740/tools/bin/../lib/gcc/arm-none-eabi/14.3.1/../../../../arm-none-eabi/lib/thumb/v8-m.main+dp/hard/libc_nano.a(libc_a-fwalk.o)
                              /Applications/STM32CubeIDE.app/Contents/Eclipse/plugins/com.st.stm32cube.ide.mcu.externaltools.gnu-tools-for-stm32.14.3.rel1.macosaarch64_1.0.0.202602081740/tools/bin/../lib/gcc/arm-none-eabi/14.3.1/../../../../arm-none-eabi/lib/thumb/v8-m.main+dp/hard/libc_nano.a(libc_a-findfp.o) (_fwalk_sglue)
/Applications/STM32CubeIDE.app/Contents/Eclipse/plugins/com.st.stm32cube.ide.mcu.externaltools.gnu-tools-for-stm32.14.3.rel1.macosaarch64_1.0.0.202602081740/tools/bin/../lib/gcc/arm-none-eabi/14.3.1/../../../../arm-none-eabi/lib/thumb/v8-m.main+dp/hard/libc_nano.a(libc_a-memset.o)
                              /Applications/STM32CubeIDE.app/Contents/Eclipse/plugins/com.st.stm32cube.ide.mcu.externaltools.gnu-tools-for-stm32.14.3.rel1.macosaarch64_1.0.0.202602081740/tools/bin/../lib/gcc/arm-none-eabi/14.3.1/../../../../arm-none-eabi/lib/thumb/v8-m.main+dp/hard/crt0.o (memset)
/Applications/STM32CubeIDE.app/Contents/Eclipse/plugins/com.st.stm32cube.ide.mcu.externaltools.gnu-tools-for-stm32.14.3.rel1.macosaarch64_1.0.0.202602081740/tools/bin/../lib/gcc/arm-none-eabi/14.3.1/../../../../arm-none-eabi/lib/thumb/v8-m.main+dp/hard/libc_nano.a(libc_a-errno.o)
                              ./Application/User/Core/syscalls.o (__errno)
/Applications/STM32CubeIDE.app/Contents/Eclipse/plugins/com.st.stm32cube.ide.mcu.externaltools.gnu-tools-for-stm32.14.3.rel1.macosaarch64_1.0.0.202602081740/tools/bin/../lib/gcc/arm-none-eabi/14.3.1/../../../../arm-none-eabi/lib/thumb/v8-m.main+dp/hard/libc_nano.a(libc_a-init.o)
                              /Applications/STM32CubeIDE.app/Contents/Eclipse/plugins/com.st.stm32cube.ide.mcu.externaltools.gnu-tools-for-stm32.14.3.rel1.macosaarch64_1.0.0.202602081740/tools/bin/../lib/gcc/arm-none-eabi/14.3.1/../../../../arm-none-eabi/lib/thumb/v8-m.main+dp/hard/crt0.o (__libc_init_array)
/Applications/STM32CubeIDE.app/Contents/Eclipse/plugins/com.st.stm32cube.ide.mcu.externaltools.gnu-tools-for-stm32.14.3.rel1.macosaarch64_1.0.0.202602081740/tools/bin/../lib/gcc/arm-none-eabi/14.3.1/../../../../arm-none-eabi/lib/thumb/v8-m.main+dp/hard/libc_nano.a(libc_a-lock.o)
                              /Applications/STM32CubeIDE.app/Contents/Eclipse/plugins/com.st.stm32cube.ide.mcu.externaltools.gnu-tools-for-stm32.14.3.rel1.macosaarch64_1.0.0.202602081740/tools/bin/../lib/gcc/arm-none-eabi/14.3.1/../../../../arm-none-eabi/lib/thumb/v8-m.main+dp/hard/libc_nano.a(libc_a-findfp.o) (__retarget_lock_init_recursive)
/Applications/STM32CubeIDE.app/Contents/Eclipse/plugins/com.st.stm32cube.ide.mcu.externaltools.gnu-tools-for-stm32.14.3.rel1.macosaarch64_1.0.0.202602081740/tools/bin/../lib/gcc/arm-none-eabi/14.3.1/../../../../arm-none-eabi/lib/thumb/v8-m.main+dp/hard/libc_nano.a(libc_a-impure.o)
                              /Applications/STM32CubeIDE.app/Contents/Eclipse/plugins/com.st.stm32cube.ide.mcu.externaltools.gnu-tools-for-stm32.14.3.rel1.macosaarch64_1.0.0.202602081740/tools/bin/../lib/gcc/arm-none-eabi/14.3.1/../../../../arm-none-eabi/lib/thumb/v8-m.main+dp/hard/libc_nano.a(libc_a-errno.o) (_impure_ptr)
/Applications/STM32CubeIDE.app/Contents/Eclipse/plugins/com.st.stm32cube.ide.mcu.externaltools.gnu-tools-for-stm32.14.3.rel1.macosaarch64_1.0.0.202602081740/tools/bin/../lib/gcc/arm-none-eabi/14.3.1/../../../../arm-none-eabi/lib/thumb/v8-m.main+dp/hard/libc_nano.a(libc_a-memcpy-stub.o)
                              ./Drivers/STM32N6xx_HAL_Driver/stm32n6xx_hal_ltdc.o (memcpy)
[...]
Memory Configuration

Name             Origin             Length             Attributes
ROM              0x34000400         0x0007fc00         xrw
RAM              0x34080000         0x00180000         xrw
*default*        0x00000000         0xffffffff

Linker script and memory map

LOAD /Applications/STM32CubeIDE.app/Contents/Eclipse/plugins/com.st.stm32cube.ide.mcu.externaltools.gnu-tools-for-stm32.14.3.rel1.macosaarch64_1.0.0.202602081740/tools/bin/../lib/gcc/arm-none-eabi/14.3.1/thumb/v8-m.main+dp/hard/crti.o
LOAD /Applications/STM32CubeIDE.app/Contents/Eclipse/plugins/com.st.stm32cube.ide.mcu.externaltools.gnu-tools-for-stm32.14.3.rel1.macosaarch64_1.0.0.202602081740/tools/bin/../lib/gcc/arm-none-eabi/14.3.1/thumb/v8-m.main+dp/hard/crtbegin.o
LOAD /Applications/STM32CubeIDE.app/Contents/Eclipse/plugins/com.st.stm32cube.ide.mcu.externaltools.gnu-tools-for-stm32.14.3.rel1.macosaarch64_1.0.0.202602081740/tools/bin/../lib/gcc/arm-none-eabi/14.3.1/../../../../arm-none-eabi/lib/thumb/v8-m.main+dp/hard/crt0.o
LOAD ./Application/User/Core/main.o
LOAD ./Application/User/Core/secure_nsc.o
LOAD ./Application/User/Core/stm32n6xx_hal_msp.o
LOAD ./Application/User/Core/stm32n6xx_it.o
LOAD ./Application/User/Core/syscalls.o
LOAD ./Application/User/Core/sysmem.o
LOAD ./Application/User/Startup/startup_stm32n657x0hxq.o
LOAD ./Drivers/CMSIS/system_stm32n6xx_s.o
LOAD ./Drivers/STM32N6xx_HAL_Driver/stm32n6xx_hal.o
LOAD ./Drivers/STM32N6xx_HAL_Driver/stm32n6xx_hal_cortex.o
LOAD ./Drivers/STM32N6xx_HAL_Driver/stm32n6xx_hal_dma.o
LOAD ./Drivers/STM32N6xx_HAL_Driver/stm32n6xx_hal_dma_ex.o
LOAD ./Drivers/STM32N6xx_HAL_Driver/stm32n6xx_hal_exti.o
LOAD ./Drivers/STM32N6xx_HAL_Driver/stm32n6xx_hal_gpio.o
LOAD ./Drivers/STM32N6xx_HAL_Driver/stm32n6xx_hal_ltdc.o
LOAD ./Drivers/STM32N6xx_HAL_Driver/stm32n6xx_hal_ltdc_ex.o
LOAD ./Drivers/STM32N6xx_HAL_Driver/stm32n6xx_hal_pwr.o
LOAD ./Drivers/STM32N6xx_HAL_Driver/stm32n6xx_hal_pwr_ex.o
LOAD ./Drivers/STM32N6xx_HAL_Driver/stm32n6xx_hal_rcc.o
LOAD ./Drivers/STM32N6xx_HAL_Driver/stm32n6xx_hal_rcc_ex.o
LOAD ./Drivers/STM32N6xx_HAL_Driver/stm32n6xx_hal_rif.o
LOAD ./Drivers/STM32N6xx_HAL_Driver/stm32n6xx_hal_uart.o
LOAD ./Drivers/STM32N6xx_HAL_Driver/stm32n6xx_hal_uart_ex.o
LOAD ./Drivers/STM32N6xx_HAL_Driver/stm32n6xx_hal_xspi.o
LOAD ./Drivers/STM32N6xx_HAL_Driver/stm32n6xx_ll_exti.o
LOAD ./Drivers/STM32N6xx_HAL_Driver/stm32n6xx_ll_rcc.o
LOAD ./Drivers/STM32N6xx_HAL_Driver/stm32n6xx_ll_utils.o
START GROUP
LOAD /Applications/STM32CubeIDE.app/Contents/Eclipse/plugins/com.st.stm32cube.ide.mcu.externaltools.gnu-tools-for-stm32.14.3.rel1.macosaarch64_1.0.0.202602081740/tools/bin/../lib/gcc/arm-none-eabi/14.3.1/../../../../arm-none-eabi/lib/thumb/v8-m.main+dp/hard/libc_nano.a
LOAD /Applications/STM32CubeIDE.app/Contents/Eclipse/plugins/com.st.stm32cube.ide.mcu.externaltools.gnu-tools-for-stm32.14.3.rel1.macosaarch64_1.0.0.202602081740/tools/bin/../lib/gcc/arm-none-eabi/14.3.1/../../../../arm-none-eabi/lib/thumb/v8-m.main+dp/hard/libm.a
END GROUP
START GROUP
LOAD /Applications/STM32CubeIDE.app/Contents/Eclipse/plugins/com.st.stm32cube.ide.mcu.externaltools.gnu-tools-for-stm32.14.3.rel1.macosaarch64_1.0.0.202602081740/tools/bin/../lib/gcc/arm-none-eabi/14.3.1/thumb/v8-m.main+dp/hard/libgcc.a
LOAD /Applications/STM32CubeIDE.app/Contents/Eclipse/plugins/com.st.stm32cube.ide.mcu.externaltools.gnu-tools-for-stm32.14.3.rel1.macosaarch64_1.0.0.202602081740/tools/bin/../lib/gcc/arm-none-eabi/14.3.1/../../../../arm-none-eabi/lib/thumb/v8-m.main+dp/hard/libc_nano.a
END GROUP
START GROUP
LOAD /Applications/STM32CubeIDE.app/Contents/Eclipse/plugins/com.st.stm32cube.ide.mcu.externaltools.gnu-tools-for-stm32.14.3.rel1.macosaarch64_1.0.0.202602081740/tools/bin/../lib/gcc/arm-none-eabi/14.3.1/thumb/v8-m.main+dp/hard/libgcc.a
LOAD /Applications/STM32CubeIDE.app/Contents/Eclipse/plugins/com.st.stm32cube.ide.mcu.externaltools.gnu-tools-for-stm32.14.3.rel1.macosaarch64_1.0.0.202602081740/tools/bin/../lib/gcc/arm-none-eabi/14.3.1/../../../../arm-none-eabi/lib/thumb/v8-m.main+dp/hard/libc_nano.a
LOAD /Applications/STM32CubeIDE.app/Contents/Eclipse/plugins/com.st.stm32cube.ide.mcu.externaltools.gnu-tools-for-stm32.14.3.rel1.macosaarch64_1.0.0.202602081740/tools/bin/../lib/gcc/arm-none-eabi/14.3.1/../../../../arm-none-eabi/lib/thumb/v8-m.main+dp/hard/libnosys.a
END GROUP
START GROUP
LOAD /Applications/STM32CubeIDE.app/Contents/Eclipse/plugins/com.st.stm32cube.ide.mcu.externaltools.gnu-tools-for-stm32.14.3.rel1.macosaarch64_1.0.0.202602081740/tools/bin/../lib/gcc/arm-none-eabi/14.3.1/thumb/v8-m.main+dp/hard/libgcc.a
LOAD /Applications/STM32CubeIDE.app/Contents/Eclipse/plugins/com.st.stm32cube.ide.mcu.externaltools.gnu-tools-for-stm32.14.3.rel1.macosaarch64_1.0.0.202602081740/tools/bin/../lib/gcc/arm-none-eabi/14.3.1/../../../../arm-none-eabi/lib/thumb/v8-m.main+dp/hard/libc_nano.a
LOAD /Applications/STM32CubeIDE.app/Contents/Eclipse/plugins/com.st.stm32cube.ide.mcu.externaltools.gnu-tools-for-stm32.14.3.rel1.macosaarch64_1.0.0.202602081740/tools/bin/../lib/gcc/arm-none-eabi/14.3.1/../../../../arm-none-eabi/lib/thumb/v8-m.main+dp/hard/libnosys.a
END GROUP
LOAD /Applications/STM32CubeIDE.app/Contents/Eclipse/plugins/com.st.stm32cube.ide.mcu.externaltools.gnu-tools-for-stm32.14.3.rel1.macosaarch64_1.0.0.202602081740/tools/bin/../lib/gcc/arm-none-eabi/14.3.1/thumb/v8-m.main+dp/hard/crtend.o
LOAD /Applications/STM32CubeIDE.app/Contents/Eclipse/plugins/com.st.stm32cube.ide.mcu.externaltools.gnu-tools-for-stm32.14.3.rel1.macosaarch64_1.0.0.202602081740/tools/bin/../lib/gcc/arm-none-eabi/14.3.1/thumb/v8-m.main+dp/hard/crtn.o
                0x34200000                        _estack = (ORIGIN (RAM) + LENGTH (RAM))
                0x341ff800                        _sstack = (_estack - _Min_Stack_Size)
                0x00000200                        _Min_Heap_Size = 0x200
                0x00000800                        _Min_Stack_Size = 0x800

.isr_vector     0x34000400      0x34c
                0x34000400                        . = ALIGN (0x4)
 *(.isr_vector)
 .isr_vector    0x34000400      0x34c ./Application/User/Startup/startup_stm32n657x0hxq.o
                0x34000400                g_pfnVectors
                0x3400074c                        . = ALIGN (0x4)

.text           0x3400074c     0xccec
                0x3400074c                        . = ALIGN (0x4)
 *(.text)
 .text          0x3400074c       0x40 /Applications/STM32CubeIDE.app/Contents/Eclipse/plugins/com.st.stm32cube.ide.mcu.externaltools.gnu-tools-for-stm32.14.3.rel1.macosaarch64_1.0.0.202602081740/tools/bin/../lib/gcc/arm-none-eabi/14.3.1/thumb/v8-m.main+dp/hard/crtbegin.o
 .text          0x3400078c       0x30 /Applications/STM32CubeIDE.app/Contents/Eclipse/plugins/com.st.stm32cube.ide.mcu.externaltools.gnu-tools-for-stm32.14.3.rel1.macosaarch64_1.0.0.202602081740/tools/bin/../lib/gcc/arm-none-eabi/14.3.1/thumb/v8-m.main+dp/hard/libgcc.a(_aeabi_uldivmod.o)
                0x3400078c                __aeabi_uldivmod
 .text          0x340007bc      0x34c /Applications/STM32CubeIDE.app/Contents/Eclipse/plugins/com.st.stm32cube.ide.mcu.externaltools.gnu-tools-for-stm32.14.3.rel1.macosaarch64_1.0.0.202602081740/tools/bin/../lib/gcc/arm-none-eabi/14.3.1/thumb/v8-m.main+dp/hard/libgcc.a(_udivmoddi4.o)
                0x340007bc                __udivmoddi4
 .text          0x34000b08        0x4 /Applications/STM32CubeIDE.app/Contents/Eclipse/plugins/com.st.stm32cube.ide.mcu.externaltools.gnu-tools-for-stm32.14.3.rel1.macosaarch64_1.0.0.202602081740/tools/bin/../lib/gcc/arm-none-eabi/14.3.1/thumb/v8-m.main+dp/hard/libgcc.a(_dvmd_tls.o)
                0x34000b08                __aeabi_ldiv0
                0x34000b08                __aeabi_idiv0
 *(.text*)
 .text.LL_AHB3_GRP1_EnableClock
                0x34000b0c       0x2c ./Application/User/Core/main.o
 .text.LL_AHB4_GRP1_EnableClock
                0x34000b38       0x2c ./Application/User/Core/main.o
 .text.FillFramebuffer
                0x34000b64       0x5c ./Application/User/Core/main.o
 .text.main     0x34000bc0       0x74 ./Application/User/Core/main.o
                0x34000bc0                main
 .text.MX_LTDC_Init
                0x34000c34      0x104 ./Application/User/Core/main.o
 .text.SystemIsolation_Config
                0x34000d38      0x49c ./Application/User/Core/main.o
 .text.MX_USART1_UART_Init
                0x340011d4       0x98 ./Application/User/Core/main.o
 .text.MX_XSPI1_Init
                0x3400126c       0xb4 ./Application/User/Core/main.o
 .text.MX_XSPI2_Init
                0x34001320       0xb4 ./Application/User/Core/main.o
 .text.MX_GPIO_Init
                0x340013d4       0xa4 ./Application/User/Core/main.o
 .text.Error_Handler
                0x34001478        0xc ./Application/User/Core/main.o
                0x34001478                Error_Handler
 .text.SECURE_RegisterCallback
                0x34001484       0x54 ./Application/User/Core/secure_nsc.o
                0x34001484                __acle_se_SECURE_RegisterCallback
 .text.LL_AHB4_GRP1_EnableClock
                0x340014d8       0x2c ./Application/User/Core/stm32n6xx_hal_msp.o
 .text.LL_AHB5_GRP1_EnableClock
                0x34001504       0x2c ./Application/User/Core/stm32n6xx_hal_msp.o
 .text.LL_APB2_GRP1_EnableClock
                0x34001530       0x2c ./Application/User/Core/stm32n6xx_hal_msp.o
 .text.LL_APB5_GRP1_EnableClock
                0x3400155c       0x2c ./Application/User/Core/stm32n6xx_hal_msp.o
 .text.HAL_MspInit
                0x34001588       0x18 ./Application/User/Core/stm32n6xx_hal_msp.o
                0x34001588                HAL_MspInit
 .text.HAL_LTDC_MspInit
                0x340015a0      0x1f8 ./Application/User/Core/stm32n6xx_hal_msp.o
                0x340015a0                HAL_LTDC_MspInit
 .text.HAL_UART_MspInit
                0x34001798       0xcc ./Application/User/Core/stm32n6xx_hal_msp.o
                0x34001798                HAL_UART_MspInit
 .text.HAL_XSPI_MspInit
                0x34001864      0x1d0 ./Application/User/Core/stm32n6xx_hal_msp.o
                0x34001864                HAL_XSPI_MspInit
 .text.NMI_Handler
                0x34001a34        0x8 ./Application/User/Core/stm32n6xx_it.o
                0x34001a34                NMI_Handler
 .text.HardFault_Handler
                0x34001a3c        0x8 ./Application/User/Core/stm32n6xx_it.o
                0x34001a3c                HardFault_Handler
 .text.MemManage_Handler
                0x34001a44        0x8 ./Application/User/Core/stm32n6xx_it.o
                0x34001a44                MemManage_Handler
 .text.BusFault_Handler
                0x34001a4c        0x8 ./Application/User/Core/stm32n6xx_it.o
                0x34001a4c                BusFault_Handler
 .text.UsageFault_Handler
                0x34001a54        0x8 ./Application/User/Core/stm32n6xx_it.o
                0x34001a54                UsageFault_Handler
 .text.SecureFault_Handler
                0x34001a5c        0x8 ./Application/User/Core/stm32n6xx_it.o
                0x34001a5c                SecureFault_Handler
 .text.SVC_Handler
                0x34001a64        0xe ./Application/User/Core/stm32n6xx_it.o
                0x34001a64                SVC_Handler
 .text.DebugMon_Handler
                0x34001a72        0xe ./Application/User/Core/stm32n6xx_it.o
                0x34001a72                DebugMon_Handler
 .text.PendSV_Handler
                0x34001a80        0xe ./Application/User/Core/stm32n6xx_it.o
                0x34001a80                PendSV_Handler
 .text.SysTick_Handler
                0x34001a8e        0xc ./Application/User/Core/stm32n6xx_it.o
                0x34001a8e                SysTick_Handler
 *fill*         0x34001a9a        0x2 
 .text.Reset_Handler
                0x34001a9c       0x5c ./Application/User/Startup/startup_stm32n657x0hxq.o
                0x34001a9c                Reset_Handler
 .text.Default_Handler
                0x34001af8        0x2 ./Application/User/Startup/startup_stm32n657x0hxq.o
                0x34001af8                HASH_IRQHandler
                0x34001af8                EXTI2_IRQHandler
                0x34001af8                MCE2_IRQHandler
                0x34001af8                TIM8_CC_IRQHandler
                0x34001af8                USB2_OTG_HS_IRQHandler
                0x34001af8                SAI1_A_IRQHandler
                0x34001af8                EXTI5_IRQHandler
                0x34001af8                I3C1_ER_IRQHandler
                0x34001af8                UART8_IRQHandler
                0x34001af8                CTI_INT0_IRQHandler
                0x34001af8                SPI4_IRQHandler
                0x34001af8                LTDC_LO_IRQHandler
                0x34001af8                NPU2_IRQHandler
                0x34001af8                FDCAN3_IT0_IRQHandler
                0x34001af8                EXTI13_IRQHandler
                0x34001af8                TIM1_CC_IRQHandler
                0x34001af8                XSPI1_IRQHandler
                0x34001af8                TIM10_IRQHandler
                0x34001af8                JPEG_IRQHandler
                0x34001af8                TAMP_IRQHandler
                0x34001af8                CACHE_ECC_IRQHandler
                0x34001af8                TIM6_IRQHandler
                0x34001af8                CSI_IRQHandler
                0x34001af8                EXTI12_IRQHandler
                0x34001af8                GFXTIM_IRQHandler
                0x34001af8                EXTI3_IRQHandler
                0x34001af8                LPTIM4_IRQHandler
                0x34001af8                GPDMA1_Channel5_IRQHandler
                0x34001af8                EXTI8_IRQHandler
                0x34001af8                LPTIM2_IRQHandler
                0x34001af8                GFXMMU_IRQHandler
                0x34001af8                LTDC_LO_ERR_IRQHandler
                0x34001af8                I2C3_ER_IRQHandler
                0x34001af8                RIFSC_TAMPER_IRQHandler
                0x34001af8                USART10_IRQHandler
                0x34001af8                MDF1_FLT2_IRQHandler
                0x34001af8                LPTIM3_IRQHandler
                0x34001af8                SAI2_A_IRQHandler
                0x34001af8                EXTI0_IRQHandler
                0x34001af8                HPDMA1_Channel9_IRQHandler
                0x34001af8                I2C2_EV_IRQHandler
                0x34001af8                GPU2D_IRQHandler
                0x34001af8                FPU_IRQHandler
                0x34001af8                GPDMA1_Channel3_IRQHandler
                0x34001af8                GPDMA1_Channel7_IRQHandler
                0x34001af8                MDF1_FLT4_IRQHandler
                0x34001af8                FDCAN1_IT1_IRQHandler
                0x34001af8                HPDMA1_Channel3_IRQHandler
                0x34001af8                ADC1_2_IRQHandler
                0x34001af8                GPDMA1_Channel9_IRQHandler
                0x34001af8                SPI1_IRQHandler
                0x34001af8                CACHEAXI_IRQHandler
                0x34001af8                SAI1_B_IRQHandler
                0x34001af8                GPDMA1_Channel2_IRQHandler
                0x34001af8                PAHB_ERR_IRQHandler
                0x34001af8                TIM8_UP_IRQHandler
                0x34001af8                RCC_S_IRQHandler
                0x34001af8                MDF1_FLT1_IRQHandler
                0x34001af8                LTDC_UP_IRQHandler
                0x34001af8                LOCKUP_IRQHandler
                0x34001af8                PKA_IRQHandler
                0x34001af8                USART6_IRQHandler
                0x34001af8                HPDMA1_Channel2_IRQHandler
                0x34001af8                MDF1_FLT5_IRQHandler
                0x34001af8                MCE4_IRQHandler
                0x34001af8                I3C2_ER_IRQHandler
                0x34001af8                EXTI15_IRQHandler
                0x34001af8                TIM17_IRQHandler
                0x34001af8                USART3_IRQHandler
                0x34001af8                HPDMA1_Channel6_IRQHandler
                0x34001af8                CRYP_IRQHandler
                0x34001af8                RTC_IRQHandler
                0x34001af8                XSPI2_IRQHandler
                0x34001af8                EXTI9_IRQHandler
                0x34001af8                IAC_IRQHandler
                0x34001af8                HPDMA1_Channel0_IRQHandler
                0x34001af8                LPTIM5_IRQHandler
                0x34001af8                HPDMA1_Channel1_IRQHandler
                0x34001af8                UART5_IRQHandler
                0x34001af8                TIM4_IRQHandler
                0x34001af8                NPU3_IRQHandler
                0x34001af8                I3C2_EV_IRQHandler
                0x34001af8                I2C1_EV_IRQHandler
                0x34001af8                FDCAN_CU_IRQHandler
                0x34001af8                GPDMA1_Channel12_IRQHandler
                0x34001af8                HPDMA1_Channel7_IRQHandler
                0x34001af8                GPDMA1_Channel1_IRQHandler
                0x34001af8                TIM16_IRQHandler
                0x34001af8                GPDMA1_Channel15_IRQHandler
                0x34001af8                UART4_IRQHandler
                0x34001af8                TCM_ECC_IRQHandler
                0x34001af8                TIM3_IRQHandler
                0x34001af8                RCC_IRQHandler
                0x34001af8                UART9_IRQHandler
                0x34001af8                NPU1_IRQHandler
                0x34001af8                SAI2_B_IRQHandler
                0x34001af8                Default_Handler
                0x34001af8                GPDMA1_Channel8_IRQHandler
                0x34001af8                HPDMA1_Channel8_IRQHandler
                0x34001af8                TIM18_IRQHandler
                0x34001af8                TIM14_IRQHandler
                0x34001af8                TIM13_IRQHandler
                0x34001af8                CTI_INT1_IRQHandler
                0x34001af8                GPDMA1_Channel11_IRQHandler
                0x34001af8                GPU2D_ER_IRQHandler
                0x34001af8                SPI5_IRQHandler
                0x34001af8                TIM12_IRQHandler
                0x34001af8                TIM7_IRQHandler
                0x34001af8                FDCAN3_IT1_IRQHandler
                0x34001af8                HPDMA1_Channel10_IRQHandler
                0x34001af8                SDMMC1_IRQHandler
                0x34001af8                SAES_IRQHandler
                0x34001af8                TIM5_IRQHandler
                0x34001af8                UCPD1_IRQHandler
                0x34001af8                GPDMA1_Channel0_IRQHandler
                0x34001af8                I3C1_EV_IRQHandler
                0x34001af8                HPDMA1_Channel5_IRQHandler
                0x34001af8                TIM15_IRQHandler
                0x34001af8                I2C3_EV_IRQHandler
                0x34001af8                HPDMA1_Channel4_IRQHandler
                0x34001af8                HPDMA1_Channel15_IRQHandler
                0x34001af8                TIM9_IRQHandler
                0x34001af8                ETH1_IRQHandler
                0x34001af8                USB1_OTG_HS_IRQHandler
                0x34001af8                PVD_PVM_IRQHandler
                0x34001af8                SPI2_IRQHandler
                0x34001af8                TIM1_TRG_CCU_IRQHandler
                0x34001af8                HPDMA1_Channel11_IRQHandler
                0x34001af8                EXTI14_IRQHandler
                0x34001af8                EXTI11_IRQHandler
                0x34001af8                VENC_IRQHandler
                0x34001af8                GPDMA1_Channel14_IRQHandler
                0x34001af8                EXTI4_IRQHandler
                0x34001af8                RTC_S_IRQHandler
                0x34001af8                GPDMA1_Channel13_IRQHandler
                0x34001af8                RNG_IRQHandler
                0x34001af8                XSPI3_IRQHandler
                0x34001af8                FDCAN2_IT1_IRQHandler
                0x34001af8                TIM1_UP_IRQHandler
                0x34001af8                NPU0_IRQHandler
                0x34001af8                BCK_ECC_IRQHandler
                0x34001af8                WWDG_IRQHandler
                0x34001af8                SPI6_IRQHandler
                0x34001af8                MDIOS_IRQHandler
                0x34001af8                I2C4_EV_IRQHandler
                0x34001af8                FDCAN2_IT0_IRQHandler
                0x34001af8                IWDG_IRQHandler
                0x34001af8                HPDMA1_Channel14_IRQHandler
                0x34001af8                LPUART1_IRQHandler
                0x34001af8                FDCAN1_IT0_IRQHandler
                0x34001af8                MDF1_FLT0_IRQHandler
                0x34001af8                TIM2_IRQHandler
                0x34001af8                MCE3_IRQHandler
                0x34001af8                GPDMA1_Channel4_IRQHandler
                0x34001af8                EXTI7_IRQHandler
                0x34001af8                DMA2D_IRQHandler
                0x34001af8                TIM1_BRK_IRQHandler
                0x34001af8                EXTI1_IRQHandler
                0x34001af8                SDMMC2_IRQHandler
                0x34001af8                TIM11_IRQHandler
                0x34001af8                LTDC_UP_ERR_IRQHandler
                0x34001af8                UART7_IRQHandler
                0x34001af8                DTS_IRQHandler
                0x34001af8                MDF1_FLT3_IRQHandler
                0x34001af8                USART2_IRQHandler
                0x34001af8                GPDMA1_Channel6_IRQHandler
                0x34001af8                ADF1_FLT0_IRQHandler
                0x34001af8                I2C2_ER_IRQHandler
                0x34001af8                MCE1_IRQHandler
                0x34001af8                SPDIFRX_IRQHandler
                0x34001af8                TIM8_BRK_IRQHandler
                0x34001af8                HPDMA1_Channel12_IRQHandler
                0x34001af8                USART1_IRQHandler
                0x34001af8                EXTI10_IRQHandler
                0x34001af8                SPI3_IRQHandler
                0x34001af8                WAKEUP_PIN_IRQHandler
                0x34001af8                DCMIPP_IRQHandler
                0x34001af8                I2C1_ER_IRQHandler
                0x34001af8                FMC_IRQHandler
                0x34001af8                EXTI6_IRQHandler
                0x34001af8                LPTIM1_IRQHandler
                0x34001af8                DCMI_PSSI_IRQHandler
                0x34001af8                TIM8_TRG_CCU_IRQHandler
                0x34001af8                I2C4_ER_IRQHandler
                0x34001af8                GPDMA1_Channel10_IRQHandler
                0x34001af8                ICACHE_IRQHandler
                0x34001af8                HPDMA1_Channel13_IRQHandler
 *fill*         0x34001afa        0x2 
 .text.TZ_SAU_Setup
                0x34001afc       0x74 ./Drivers/CMSIS/system_stm32n6xx_s.o
 .text.SystemInit
                0x34001b70       0x70 ./Drivers/CMSIS/system_stm32n6xx_s.o
                0x34001b70                SystemInit
 .text.SystemCoreClockUpdate
                0x34001be0      0x350 ./Drivers/CMSIS/system_stm32n6xx_s.o
                0x34001be0                SystemCoreClockUpdate
 .text.SECURE_SystemCoreClockUpdate
                0x34001f30       0x2c ./Drivers/CMSIS/system_stm32n6xx_s.o
                0x34001f30                __acle_se_SECURE_SystemCoreClockUpdate
 .text.HAL_Init
                0x34001f5c       0x28 ./Drivers/STM32N6xx_HAL_Driver/stm32n6xx_hal.o
                0x34001f5c                HAL_Init
 .text.HAL_InitTick
                0x34001f84       0x6c ./Drivers/STM32N6xx_HAL_Driver/stm32n6xx_hal.o
                0x34001f84                HAL_InitTick
 .text.HAL_IncTick
                0x34001ff0       0x28 ./Drivers/STM32N6xx_HAL_Driver/stm32n6xx_hal.o
                0x34001ff0                HAL_IncTick
 .text.HAL_GetTick
                0x34002018       0x18 ./Drivers/STM32N6xx_HAL_Driver/stm32n6xx_hal.o
                0x34002018                HAL_GetTick
 .text.HAL_Delay
                0x34002030       0x48 ./Drivers/STM32N6xx_HAL_Driver/stm32n6xx_hal.o
                0x34002030                HAL_Delay
 .text.__NVIC_SetPriorityGrouping
                0x34002078       0x48 ./Drivers/STM32N6xx_HAL_Driver/stm32n6xx_hal_cortex.o
 .text.__NVIC_GetPriorityGrouping
                0x340020c0       0x1c ./Drivers/STM32N6xx_HAL_Driver/stm32n6xx_hal_cortex.o
 .text.__NVIC_SetPriority
                0x340020dc       0x54 ./Drivers/STM32N6xx_HAL_Driver/stm32n6xx_hal_cortex.o
 .text.NVIC_EncodePriority
                0x34002130       0x66 ./Drivers/STM32N6xx_HAL_Driver/stm32n6xx_hal_cortex.o
 *fill*         0x34002196        0x2 
 .text.SysTick_Config
                0x34002198       0x44 ./Drivers/STM32N6xx_HAL_Driver/stm32n6xx_hal_cortex.o
 .text.HAL_NVIC_SetPriorityGrouping
                0x340021dc       0x16 ./Drivers/STM32N6xx_HAL_Driver/stm32n6xx_hal_cortex.o
                0x340021dc                HAL_NVIC_SetPriorityGrouping
 .text.HAL_NVIC_SetPriority
                0x340021f2       0x3a ./Drivers/STM32N6xx_HAL_Driver/stm32n6xx_hal_cortex.o
                0x340021f2                HAL_NVIC_SetPriority
 .text.HAL_SYSTICK_Config
                0x3400222c       0x18 ./Drivers/STM32N6xx_HAL_Driver/stm32n6xx_hal_cortex.o
                0x3400222c                HAL_SYSTICK_Config
 .text.HAL_GPIO_Init
                0x34002244      0x364 ./Drivers/STM32N6xx_HAL_Driver/stm32n6xx_hal_gpio.o
                0x34002244                HAL_GPIO_Init
 .text.HAL_GPIO_WritePin
                0x340025a8       0x30 ./Drivers/STM32N6xx_HAL_Driver/stm32n6xx_hal_gpio.o
                0x340025a8                HAL_GPIO_WritePin
 .text.HAL_GPIO_ConfigPinAttributes
                0x340025d8       0x8e ./Drivers/STM32N6xx_HAL_Driver/stm32n6xx_hal_gpio.o
                0x340025d8                HAL_GPIO_ConfigPinAttributes
 .text.HAL_LTDC_Init
                0x34002666      0x156 ./Drivers/STM32N6xx_HAL_Driver/stm32n6xx_hal_ltdc.o
                0x34002666                HAL_LTDC_Init
 .text.HAL_LTDC_ConfigLayer
                0x340027bc       0xc8 ./Drivers/STM32N6xx_HAL_Driver/stm32n6xx_hal_ltdc.o
                0x340027bc                HAL_LTDC_ConfigLayer
 .text.HAL_LTDC_SetAddress
                0x34002884       0xa2 ./Drivers/STM32N6xx_HAL_Driver/stm32n6xx_hal_ltdc.o
                0x34002884                HAL_LTDC_SetAddress
 .text.LTDC_RetrieveUserConfig
                0x34002926      0x66e ./Drivers/STM32N6xx_HAL_Driver/stm32n6xx_hal_ltdc.o
 .text.LTDC_SetConfig
                0x34002f94      0xd18 ./Drivers/STM32N6xx_HAL_Driver/stm32n6xx_hal_ltdc.o
 .text.LTDC_SetCompositionConfig
                0x34003cac      0x154 ./Drivers/STM32N6xx_HAL_Driver/stm32n6xx_hal_ltdc.o
 .text.LTDC_SetPredefFormat
                0x34003e00      0x20c ./Drivers/STM32N6xx_HAL_Driver/stm32n6xx_hal_ltdc.o
 .text.HAL_PWREx_EnableVddIO2
                0x3400400c       0x20 ./Drivers/STM32N6xx_HAL_Driver/stm32n6xx_hal_pwr_ex.o
                0x3400400c                HAL_PWREx_EnableVddIO2
 .text.HAL_PWREx_EnableVddIO3
                0x3400402c       0x20 ./Drivers/STM32N6xx_HAL_Driver/stm32n6xx_hal_pwr_ex.o
                0x3400402c                HAL_PWREx_EnableVddIO3
 .text.HAL_PWREx_EnableVddIO4
                0x3400404c       0x20 ./Drivers/STM32N6xx_HAL_Driver/stm32n6xx_hal_pwr_ex.o
                0x3400404c                HAL_PWREx_EnableVddIO4
 .text.HAL_PWREx_EnableVddIO5
                0x3400406c       0x20 ./Drivers/STM32N6xx_HAL_Driver/stm32n6xx_hal_pwr_ex.o
                0x3400406c                HAL_PWREx_EnableVddIO5
 .text.LL_RCC_HSI_GetDivider
                0x3400408c       0x1c ./Drivers/STM32N6xx_HAL_Driver/stm32n6xx_hal_rcc.o
 .text.LL_RCC_GetSysClkSource
                0x340040a8       0x1c ./Drivers/STM32N6xx_HAL_Driver/stm32n6xx_hal_rcc.o
 .text.LL_RCC_IC2_GetSource
                0x340040c4       0x1c ./Drivers/STM32N6xx_HAL_Driver/stm32n6xx_hal_rcc.o
 .text.LL_RCC_IC2_GetDivider
                0x340040e0       0x20 ./Drivers/STM32N6xx_HAL_Driver/stm32n6xx_hal_rcc.o
 .text.HAL_RCC_GetSysClockFreq
                0x34004100       0x1e ./Drivers/STM32N6xx_HAL_Driver/stm32n6xx_hal_rcc.o
                0x34004100                HAL_RCC_GetSysClockFreq
 *fill*         0x3400411e        0x2 
 .text.RCC_GetSysClockFreq
                0x34004120      0x104 ./Drivers/STM32N6xx_HAL_Driver/stm32n6xx_hal_rcc.o
 .text.LL_RCC_HSE_SelectHSEAsDiv2Clock
                0x34004224       0x20 ./Drivers/STM32N6xx_HAL_Driver/stm32n6xx_hal_rcc_ex.o
 .text.LL_RCC_HSE_SelectHSEDiv2AsDiv2Clock
                0x34004244       0x20 ./Drivers/STM32N6xx_HAL_Driver/stm32n6xx_hal_rcc_ex.o
 .text.LL_RCC_HSE_IsSelectedHSEDiv2AsDiv2Clock
                0x34004264       0x24 ./Drivers/STM32N6xx_HAL_Driver/stm32n6xx_hal_rcc_ex.o
 .text.LL_RCC_HSE_IsReady
                0x34004288       0x24 ./Drivers/STM32N6xx_HAL_Driver/stm32n6xx_hal_rcc_ex.o
 .text.LL_RCC_HSI_IsReady
                0x340042ac       0x24 ./Drivers/STM32N6xx_HAL_Driver/stm32n6xx_hal_rcc_ex.o
 .text.LL_RCC_HSI_GetDivider
                0x340042d0       0x1c ./Drivers/STM32N6xx_HAL_Driver/stm32n6xx_hal_rcc_ex.o
 .text.LL_RCC_MSI_IsReady
                0x340042ec       0x24 ./Drivers/STM32N6xx_HAL_Driver/stm32n6xx_hal_rcc_ex.o
 .text.LL_RCC_MSI_GetFrequency
                0x34004310       0x1c ./Drivers/STM32N6xx_HAL_Driver/stm32n6xx_hal_rcc_ex.o
 .text.LL_RCC_LSE_IsReady
                0x3400432c       0x24 ./Drivers/STM32N6xx_HAL_Driver/stm32n6xx_hal_rcc_ex.o
 .text.LL_RCC_LSI_IsReady
                0x34004350       0x1c ./Drivers/STM32N6xx_HAL_Driver/stm32n6xx_hal_rcc_ex.o
 .text.LL_RCC_GetAHBPrescaler
                0x3400436c       0x1c ./Drivers/STM32N6xx_HAL_Driver/stm32n6xx_hal_rcc_ex.o
 .text.LL_RCC_GetAPB1Prescaler
                0x34004388       0x1c ./Drivers/STM32N6xx_HAL_Driver/stm32n6xx_hal_rcc_ex.o
 .text.LL_RCC_GetAPB2Prescaler
                0x340043a4       0x1c ./Drivers/STM32N6xx_HAL_Driver/stm32n6xx_hal_rcc_ex.o
 .text.LL_RCC_GetAPB4Prescaler
                0x340043c0       0x1c ./Drivers/STM32N6xx_HAL_Driver/stm32n6xx_hal_rcc_ex.o
 .text.LL_RCC_GetAPB5Prescaler
                0x340043dc       0x1c ./Drivers/STM32N6xx_HAL_Driver/stm32n6xx_hal_rcc_ex.o
 .text.LL_RCC_SetClockSource
                0x340043f8       0x54 ./Drivers/STM32N6xx_HAL_Driver/stm32n6xx_hal_rcc_ex.o
 .text.LL_RCC_GetADCPrescaler
                0x3400444c       0x1c ./Drivers/STM32N6xx_HAL_Driver/stm32n6xx_hal_rcc_ex.o
 .text.LL_RCC_SetADFClockSource
                0x34004468       0x2c ./Drivers/STM32N6xx_HAL_Driver/stm32n6xx_hal_rcc_ex.o
 .text.LL_RCC_SetCLKPClockSource
                0x34004494       0x2c ./Drivers/STM32N6xx_HAL_Driver/stm32n6xx_hal_rcc_ex.o
 .text.LL_RCC_SetDCMIPPClockSource
                0x340044c0       0x2c ./Drivers/STM32N6xx_HAL_Driver/stm32n6xx_hal_rcc_ex.o
 .text.LL_RCC_SetETHClockSource
                0x340044ec       0x2c ./Drivers/STM32N6xx_HAL_Driver/stm32n6xx_hal_rcc_ex.o
 .text.LL_RCC_SetETHPHYInterface
                0x34004518       0x2c ./Drivers/STM32N6xx_HAL_Driver/stm32n6xx_hal_rcc_ex.o
 .text.LL_RCC_GetETH1PTPDivider
                0x34004544       0x1c ./Drivers/STM32N6xx_HAL_Driver/stm32n6xx_hal_rcc_ex.o
 .text.LL_RCC_SetETHREFRXClockSource
                0x34004560       0x2c ./Drivers/STM32N6xx_HAL_Driver/stm32n6xx_hal_rcc_ex.o
 .text.LL_RCC_SetETHREFTXClockSource
                0x3400458c       0x2c ./Drivers/STM32N6xx_HAL_Driver/stm32n6xx_hal_rcc_ex.o
 .text.LL_RCC_SetFDCANClockSource
                0x340045b8       0x2c ./Drivers/STM32N6xx_HAL_Driver/stm32n6xx_hal_rcc_ex.o
 .text.LL_RCC_SetFMCClockSource
                0x340045e4       0x2c ./Drivers/STM32N6xx_HAL_Driver/stm32n6xx_hal_rcc_ex.o
 .text.LL_RCC_SetI2CClockSource
                0x34004610       0x16 ./Drivers/STM32N6xx_HAL_Driver/stm32n6xx_hal_rcc_ex.o
 .text.LL_RCC_SetI3CClockSource
                0x34004626       0x16 ./Drivers/STM32N6xx_HAL_Driver/stm32n6xx_hal_rcc_ex.o
 .text.LL_RCC_SetLPTIMClockSource
                0x3400463c       0x16 ./Drivers/STM32N6xx_HAL_Driver/stm32n6xx_hal_rcc_ex.o
 *fill*         0x34004652        0x2 
 .text.LL_RCC_SetLPUARTClockSource
                0x34004654       0x2c ./Drivers/STM32N6xx_HAL_Driver/stm32n6xx_hal_rcc_ex.o
 .text.LL_RCC_SetLTDCClockSource
                0x34004680       0x2c ./Drivers/STM32N6xx_HAL_Driver/stm32n6xx_hal_rcc_ex.o
 .text.LL_RCC_SetMDFClockSource
                0x340046ac       0x2c ./Drivers/STM32N6xx_HAL_Driver/stm32n6xx_hal_rcc_ex.o
 .text.LL_RCC_SetOTGPHYClockSource
                0x340046d8       0x16 ./Drivers/STM32N6xx_HAL_Driver/stm32n6xx_hal_rcc_ex.o
 .text.LL_RCC_SetOTGPHYCKREFClockSource
                0x340046ee       0x16 ./Drivers/STM32N6xx_HAL_Driver/stm32n6xx_hal_rcc_ex.o
 .text.LL_RCC_SetPSSIClockSource
                0x34004704       0x2c ./Drivers/STM32N6xx_HAL_Driver/stm32n6xx_hal_rcc_ex.o
 .text.LL_RCC_SetSAIClockSource
                0x34004730       0x16 ./Drivers/STM32N6xx_HAL_Driver/stm32n6xx_hal_rcc_ex.o
 .text.LL_RCC_SetSDMMCClockSource
                0x34004746       0x16 ./Drivers/STM32N6xx_HAL_Driver/stm32n6xx_hal_rcc_ex.o
 .text.LL_RCC_SetSPDIFRXClockSource
                0x3400475c       0x2c ./Drivers/STM32N6xx_HAL_Driver/stm32n6xx_hal_rcc_ex.o
 .text.LL_RCC_SetSPIClockSource
                0x34004788       0x16 ./Drivers/STM32N6xx_HAL_Driver/stm32n6xx_hal_rcc_ex.o
 .text.LL_RCC_SetUSARTClockSource
                0x3400479e       0x16 ./Drivers/STM32N6xx_HAL_Driver/stm32n6xx_hal_rcc_ex.o
 .text.LL_RCC_SetXSPIClockSource
                0x340047b4       0x16 ./Drivers/STM32N6xx_HAL_Driver/stm32n6xx_hal_rcc_ex.o
 *fill*         0x340047ca        0x2 
 .text.LL_RCC_GetClockSource
                0x340047cc       0x4c ./Drivers/STM32N6xx_HAL_Driver/stm32n6xx_hal_rcc_ex.o
 .text.LL_RCC_GetADCClockSource
                0x34004818       0x24 ./Drivers/STM32N6xx_HAL_Driver/stm32n6xx_hal_rcc_ex.o
 .text.LL_RCC_GetADFClockSource
                0x3400483c       0x24 ./Drivers/STM32N6xx_HAL_Driver/stm32n6xx_hal_rcc_ex.o
 .text.LL_RCC_GetCLKPClockSource
                0x34004860       0x24 ./Drivers/STM32N6xx_HAL_Driver/stm32n6xx_hal_rcc_ex.o
 .text.LL_RCC_GetDCMIPPClockSource
                0x34004884       0x24 ./Drivers/STM32N6xx_HAL_Driver/stm32n6xx_hal_rcc_ex.o
 .text.LL_RCC_GetETHClockSource
                0x340048a8       0x24 ./Drivers/STM32N6xx_HAL_Driver/stm32n6xx_hal_rcc_ex.o
 .text.LL_RCC_GetETHPTPClockSource
                0x340048cc       0x24 ./Drivers/STM32N6xx_HAL_Driver/stm32n6xx_hal_rcc_ex.o
 .text.LL_RCC_GetFDCANClockSource
                0x340048f0       0x24 ./Drivers/STM32N6xx_HAL_Driver/stm32n6xx_hal_rcc_ex.o
 .text.LL_RCC_GetFMCClockSource
                0x34004914       0x24 ./Drivers/STM32N6xx_HAL_Driver/stm32n6xx_hal_rcc_ex.o
 .text.LL_RCC_GetI2CClockSource
                0x34004938       0x18 ./Drivers/STM32N6xx_HAL_Driver/stm32n6xx_hal_rcc_ex.o
 .text.LL_RCC_GetI3CClockSource
                0x34004950       0x18 ./Drivers/STM32N6xx_HAL_Driver/stm32n6xx_hal_rcc_ex.o
 .text.LL_RCC_GetLPTIMClockSource
                0x34004968       0x18 ./Drivers/STM32N6xx_HAL_Driver/stm32n6xx_hal_rcc_ex.o
 .text.LL_RCC_GetLPUARTClockSource
                0x34004980       0x24 ./Drivers/STM32N6xx_HAL_Driver/stm32n6xx_hal_rcc_ex.o
 .text.LL_RCC_GetLTDCClockSource
                0x340049a4       0x24 ./Drivers/STM32N6xx_HAL_Driver/stm32n6xx_hal_rcc_ex.o
 .text.LL_RCC_GetMDFClockSource
                0x340049c8       0x24 ./Drivers/STM32N6xx_HAL_Driver/stm32n6xx_hal_rcc_ex.o
 .text.LL_RCC_GetPSSIClockSource
                0x340049ec       0x24 ./Drivers/STM32N6xx_HAL_Driver/stm32n6xx_hal_rcc_ex.o
 .text.LL_RCC_GetSAIClockSource
                0x34004a10       0x18 ./Drivers/STM32N6xx_HAL_Driver/stm32n6xx_hal_rcc_ex.o
 .text.LL_RCC_GetSDMMCClockSource
                0x34004a28       0x18 ./Drivers/STM32N6xx_HAL_Driver/stm32n6xx_hal_rcc_ex.o
 .text.LL_RCC_GetSPDIFRXClockSource
                0x34004a40       0x24 ./Drivers/STM32N6xx_HAL_Driver/stm32n6xx_hal_rcc_ex.o
 .text.LL_RCC_GetSPIClockSource
                0x34004a64       0x18 ./Drivers/STM32N6xx_HAL_Driver/stm32n6xx_hal_rcc_ex.o
 .text.LL_RCC_GetUSARTClockSource
                0x34004a7c       0x18 ./Drivers/STM32N6xx_HAL_Driver/stm32n6xx_hal_rcc_ex.o
 .text.LL_RCC_GetUARTClockSource
                0x34004a94       0x18 ./Drivers/STM32N6xx_HAL_Driver/stm32n6xx_hal_rcc_ex.o
 .text.LL_RCC_GetUSBClockSource
                0x34004aac       0x18 ./Drivers/STM32N6xx_HAL_Driver/stm32n6xx_hal_rcc_ex.o
 .text.LL_RCC_GetXSPIClockSource
                0x34004ac4       0x18 ./Drivers/STM32N6xx_HAL_Driver/stm32n6xx_hal_rcc_ex.o
 .text.LL_RCC_SetRTCClockSource
                0x34004adc       0x2c ./Drivers/STM32N6xx_HAL_Driver/stm32n6xx_hal_rcc_ex.o
 .text.LL_RCC_GetRTCClockSource
                0x34004b08       0x1c ./Drivers/STM32N6xx_HAL_Driver/stm32n6xx_hal_rcc_ex.o
 .text.LL_RCC_SetRTC_HSEPrescaler
                0x34004b24       0x2c ./Drivers/STM32N6xx_HAL_Driver/stm32n6xx_hal_rcc_ex.o
 .text.LL_RCC_SetTIMPrescaler
                0x34004b50       0x2c ./Drivers/STM32N6xx_HAL_Driver/stm32n6xx_hal_rcc_ex.o
 .text.LL_RCC_GetTIMPrescaler
                0x34004b7c       0x1c ./Drivers/STM32N6xx_HAL_Driver/stm32n6xx_hal_rcc_ex.o
 .text.LL_RCC_PLL1_GetSource
                0x34004b98       0x1c ./Drivers/STM32N6xx_HAL_Driver/stm32n6xx_hal_rcc_ex.o
 .text.LL_RCC_PLL1_IsReady
                0x34004bb4       0x28 ./Drivers/STM32N6xx_HAL_Driver/stm32n6xx_hal_rcc_ex.o
 .text.LL_RCC_PLL1_IsEnabledBypass
                0x34004bdc       0x28 ./Drivers/STM32N6xx_HAL_Driver/stm32n6xx_hal_rcc_ex.o
 .text.LL_RCC_PLL1_GetN
                0x34004c04       0x20 ./Drivers/STM32N6xx_HAL_Driver/stm32n6xx_hal_rcc_ex.o
 .text.LL_RCC_PLL1_GetM
                0x34004c24       0x20 ./Drivers/STM32N6xx_HAL_Driver/stm32n6xx_hal_rcc_ex.o
 .text.LL_RCC_PLL1_GetP1
                0x34004c44       0x20 ./Drivers/STM32N6xx_HAL_Driver/stm32n6xx_hal_rcc_ex.o
 .text.LL_RCC_PLL1_GetP2
                0x34004c64       0x20 ./Drivers/STM32N6xx_HAL_Driver/stm32n6xx_hal_rcc_ex.o
 .text.LL_RCC_PLL1P_IsEnabled
                0x34004c84       0x28 ./Drivers/STM32N6xx_HAL_Driver/stm32n6xx_hal_rcc_ex.o
 .text.LL_RCC_PLL1_GetFRACN
                0x34004cac       0x1c ./Drivers/STM32N6xx_HAL_Driver/stm32n6xx_hal_rcc_ex.o
 .text.LL_RCC_PLL2_GetSource
                0x34004cc8       0x1c ./Drivers/STM32N6xx_HAL_Driver/stm32n6xx_hal_rcc_ex.o
 .text.LL_RCC_PLL2_IsReady
                0x34004ce4       0x28 ./Drivers/STM32N6xx_HAL_Driver/stm32n6xx_hal_rcc_ex.o
 .text.LL_RCC_PLL2_IsEnabledBypass
                0x34004d0c       0x28 ./Drivers/STM32N6xx_HAL_Driver/stm32n6xx_hal_rcc_ex.o
 .text.LL_RCC_PLL2_GetN
                0x34004d34       0x20 ./Drivers/STM32N6xx_HAL_Driver/stm32n6xx_hal_rcc_ex.o
 .text.LL_RCC_PLL2_GetM
                0x34004d54       0x20 ./Drivers/STM32N6xx_HAL_Driver/stm32n6xx_hal_rcc_ex.o
 .text.LL_RCC_PLL2_GetP1
                0x34004d74       0x20 ./Drivers/STM32N6xx_HAL_Driver/stm32n6xx_hal_rcc_ex.o
 .text.LL_RCC_PLL2_GetP2
                0x34004d94       0x20 ./Drivers/STM32N6xx_HAL_Driver/stm32n6xx_hal_rcc_ex.o
 .text.LL_RCC_PLL2P_IsEnabled
                0x34004db4       0x28 ./Drivers/STM32N6xx_HAL_Driver/stm32n6xx_hal_rcc_ex.o
 .text.LL_RCC_PLL2_GetFRACN
                0x34004ddc       0x1c ./Drivers/STM32N6xx_HAL_Driver/stm32n6xx_hal_rcc_ex.o
 .text.LL_RCC_PLL3_GetSource
                0x34004df8       0x1c ./Drivers/STM32N6xx_HAL_Driver/stm32n6xx_hal_rcc_ex.o
 .text.LL_RCC_PLL3_IsReady
                0x34004e14       0x28 ./Drivers/STM32N6xx_HAL_Driver/stm32n6xx_hal_rcc_ex.o
 .text.LL_RCC_PLL3_IsEnabledBypass
                0x34004e3c       0x28 ./Drivers/STM32N6xx_HAL_Driver/stm32n6xx_hal_rcc_ex.o
 .text.LL_RCC_PLL3_GetN
                0x34004e64       0x20 ./Drivers/STM32N6xx_HAL_Driver/stm32n6xx_hal_rcc_ex.o
 .text.LL_RCC_PLL3_GetM
                0x34004e84       0x20 ./Drivers/STM32N6xx_HAL_Driver/stm32n6xx_hal_rcc_ex.o
 .text.LL_RCC_PLL3_GetP1
                0x34004ea4       0x20 ./Drivers/STM32N6xx_HAL_Driver/stm32n6xx_hal_rcc_ex.o
 .text.LL_RCC_PLL3_GetP2
                0x34004ec4       0x20 ./Drivers/STM32N6xx_HAL_Driver/stm32n6xx_hal_rcc_ex.o
 .text.LL_RCC_PLL3P_IsEnabled
                0x34004ee4       0x28 ./Drivers/STM32N6xx_HAL_Driver/stm32n6xx_hal_rcc_ex.o
 .text.LL_RCC_PLL3_GetFRACN
                0x34004f0c       0x1c ./Drivers/STM32N6xx_HAL_Driver/stm32n6xx_hal_rcc_ex.o
 .text.LL_RCC_PLL4_GetSource
                0x34004f28       0x1c ./Drivers/STM32N6xx_HAL_Driver/stm32n6xx_hal_rcc_ex.o
 .text.LL_RCC_PLL4_IsReady
                0x34004f44       0x28 ./Drivers/STM32N6xx_HAL_Driver/stm32n6xx_hal_rcc_ex.o
 .text.LL_RCC_PLL4_IsEnabledBypass
                0x34004f6c       0x28 ./Drivers/STM32N6xx_HAL_Driver/stm32n6xx_hal_rcc_ex.o
 .text.LL_RCC_PLL4_GetN
                0x34004f94       0x20 ./Drivers/STM32N6xx_HAL_Driver/stm32n6xx_hal_rcc_ex.o
 .text.LL_RCC_PLL4_GetM
                0x34004fb4       0x20 ./Drivers/STM32N6xx_HAL_Driver/stm32n6xx_hal_rcc_ex.o
 .text.LL_RCC_PLL4_GetP1
                0x34004fd4       0x20 ./Drivers/STM32N6xx_HAL_Driver/stm32n6xx_hal_rcc_ex.o
 .text.LL_RCC_PLL4_GetP2
                0x34004ff4       0x20 ./Drivers/STM32N6xx_HAL_Driver/stm32n6xx_hal_rcc_ex.o
 .text.LL_RCC_PLL4P_IsEnabled
                0x34005014       0x28 ./Drivers/STM32N6xx_HAL_Driver/stm32n6xx_hal_rcc_ex.o
 .text.LL_RCC_PLL4_GetFRACN
                0x3400503c       0x1c ./Drivers/STM32N6xx_HAL_Driver/stm32n6xx_hal_rcc_ex.o
 .text.LL_RCC_IC3_Enable
                0x34005058       0x1c ./Drivers/STM32N6xx_HAL_Driver/stm32n6xx_hal_rcc_ex.o
 .text.LL_RCC_IC3_IsEnabled
                0x34005074       0x28 ./Drivers/STM32N6xx_HAL_Driver/stm32n6xx_hal_rcc_ex.o
 .text.LL_RCC_IC3_GetSource
                0x3400509c       0x1c ./Drivers/STM32N6xx_HAL_Driver/stm32n6xx_hal_rcc_ex.o
 .text.LL_RCC_IC3_GetDivider
                0x340050b8       0x20 ./Drivers/STM32N6xx_HAL_Driver/stm32n6xx_hal_rcc_ex.o
 .text.LL_RCC_IC4_Enable
                0x340050d8       0x1c ./Drivers/STM32N6xx_HAL_Driver/stm32n6xx_hal_rcc_ex.o
 .text.LL_RCC_IC4_IsEnabled
                0x340050f4       0x28 ./Drivers/STM32N6xx_HAL_Driver/stm32n6xx_hal_rcc_ex.o
 .text.LL_RCC_IC4_GetSource
                0x3400511c       0x1c ./Drivers/STM32N6xx_HAL_Driver/stm32n6xx_hal_rcc_ex.o
 .text.LL_RCC_IC4_GetDivider
                0x34005138       0x20 ./Drivers/STM32N6xx_HAL_Driver/stm32n6xx_hal_rcc_ex.o
 .text.LL_RCC_IC5_Enable
                0x34005158       0x1c ./Drivers/STM32N6xx_HAL_Driver/stm32n6xx_hal_rcc_ex.o
 .text.LL_RCC_IC5_IsEnabled
                0x34005174       0x28 ./Drivers/STM32N6xx_HAL_Driver/stm32n6xx_hal_rcc_ex.o
 .text.LL_RCC_IC5_GetSource
                0x3400519c       0x1c ./Drivers/STM32N6xx_HAL_Driver/stm32n6xx_hal_rcc_ex.o
 .text.LL_RCC_IC5_GetDivider
                0x340051b8       0x20 ./Drivers/STM32N6xx_HAL_Driver/stm32n6xx_hal_rcc_ex.o
 .text.LL_RCC_IC7_Enable
                0x340051d8       0x1c ./Drivers/STM32N6xx_HAL_Driver/stm32n6xx_hal_rcc_ex.o
 .text.LL_RCC_IC7_IsEnabled
                0x340051f4       0x28 ./Drivers/STM32N6xx_HAL_Driver/stm32n6xx_hal_rcc_ex.o
 .text.LL_RCC_IC7_GetSource
                0x3400521c       0x1c ./Drivers/STM32N6xx_HAL_Driver/stm32n6xx_hal_rcc_ex.o
 .text.LL_RCC_IC7_GetDivider
                0x34005238       0x20 ./Drivers/STM32N6xx_HAL_Driver/stm32n6xx_hal_rcc_ex.o
 .text.LL_RCC_IC8_Enable
                0x34005258       0x1c ./Drivers/STM32N6xx_HAL_Driver/stm32n6xx_hal_rcc_ex.o
 .text.LL_RCC_IC8_IsEnabled
                0x34005274       0x28 ./Drivers/STM32N6xx_HAL_Driver/stm32n6xx_hal_rcc_ex.o
 .text.LL_RCC_IC8_GetSource
                0x3400529c       0x1c ./Drivers/STM32N6xx_HAL_Driver/stm32n6xx_hal_rcc_ex.o
 .text.LL_RCC_IC8_GetDivider
                0x340052b8       0x20 ./Drivers/STM32N6xx_HAL_Driver/stm32n6xx_hal_rcc_ex.o
 .text.LL_RCC_IC9_Enable
                0x340052d8       0x1c ./Drivers/STM32N6xx_HAL_Driver/stm32n6xx_hal_rcc_ex.o
 .text.LL_RCC_IC9_IsEnabled
                0x340052f4       0x28 ./Drivers/STM32N6xx_HAL_Driver/stm32n6xx_hal_rcc_ex.o
 .text.LL_RCC_IC9_GetSource
                0x3400531c       0x1c ./Drivers/STM32N6xx_HAL_Driver/stm32n6xx_hal_rcc_ex.o
 .text.LL_RCC_IC9_GetDivider
                0x34005338       0x20 ./Drivers/STM32N6xx_HAL_Driver/stm32n6xx_hal_rcc_ex.o
 .text.LL_RCC_IC10_Enable
                0x34005358       0x1c ./Drivers/STM32N6xx_HAL_Driver/stm32n6xx_hal_rcc_ex.o
 .text.LL_RCC_IC10_IsEnabled
                0x34005374       0x28 ./Drivers/STM32N6xx_HAL_Driver/stm32n6xx_hal_rcc_ex.o
 .text.LL_RCC_IC10_GetSource
                0x3400539c       0x1c ./Drivers/STM32N6xx_HAL_Driver/stm32n6xx_hal_rcc_ex.o
 .text.LL_RCC_IC10_GetDivider
                0x340053b8       0x20 ./Drivers/STM32N6xx_HAL_Driver/stm32n6xx_hal_rcc_ex.o
 .text.LL_RCC_IC12_Enable
                0x340053d8       0x1c ./Drivers/STM32N6xx_HAL_Driver/stm32n6xx_hal_rcc_ex.o
 .text.LL_RCC_IC12_IsEnabled
                0x340053f4       0x28 ./Drivers/STM32N6xx_HAL_Driver/stm32n6xx_hal_rcc_ex.o
 .text.LL_RCC_IC12_GetSource
                0x3400541c       0x1c ./Drivers/STM32N6xx_HAL_Driver/stm32n6xx_hal_rcc_ex.o
 .text.LL_RCC_IC12_GetDivider
                0x34005438       0x20 ./Drivers/STM32N6xx_HAL_Driver/stm32n6xx_hal_rcc_ex.o
 .text.LL_RCC_IC13_Enable
                0x34005458       0x1c ./Drivers/STM32N6xx_HAL_Driver/stm32n6xx_hal_rcc_ex.o
 .text.LL_RCC_IC13_IsEnabled
                0x34005474       0x28 ./Drivers/STM32N6xx_HAL_Driver/stm32n6xx_hal_rcc_ex.o
 .text.LL_RCC_IC13_GetSource
                0x3400549c       0x1c ./Drivers/STM32N6xx_HAL_Driver/stm32n6xx_hal_rcc_ex.o
 .text.LL_RCC_IC13_GetDivider
                0x340054b8       0x20 ./Drivers/STM32N6xx_HAL_Driver/stm32n6xx_hal_rcc_ex.o
 .text.LL_RCC_IC14_Enable
                0x340054d8       0x1c ./Drivers/STM32N6xx_HAL_Driver/stm32n6xx_hal_rcc_ex.o
 .text.LL_RCC_IC14_IsEnabled
                0x340054f4       0x28 ./Drivers/STM32N6xx_HAL_Driver/stm32n6xx_hal_rcc_ex.o
 .text.LL_RCC_IC14_GetSource
                0x3400551c       0x1c ./Drivers/STM32N6xx_HAL_Driver/stm32n6xx_hal_rcc_ex.o
 .text.LL_RCC_IC14_GetDivider
                0x34005538       0x20 ./Drivers/STM32N6xx_HAL_Driver/stm32n6xx_hal_rcc_ex.o
 .text.LL_RCC_IC15_Enable
                0x34005558       0x1c ./Drivers/STM32N6xx_HAL_Driver/stm32n6xx_hal_rcc_ex.o
 .text.LL_RCC_IC15_IsEnabled
                0x34005574       0x28 ./Drivers/STM32N6xx_HAL_Driver/stm32n6xx_hal_rcc_ex.o
 .text.LL_RCC_IC15_GetSource
                0x3400559c       0x1c ./Drivers/STM32N6xx_HAL_Driver/stm32n6xx_hal_rcc_ex.o
 .text.LL_RCC_IC15_GetDivider
                0x340055b8       0x20 ./Drivers/STM32N6xx_HAL_Driver/stm32n6xx_hal_rcc_ex.o
 .text.LL_RCC_IC16_Enable
                0x340055d8       0x1c ./Drivers/STM32N6xx_HAL_Driver/stm32n6xx_hal_rcc_ex.o
 .text.LL_RCC_IC16_IsEnabled
                0x340055f4       0x28 ./Drivers/STM32N6xx_HAL_Driver/stm32n6xx_hal_rcc_ex.o
 .text.LL_RCC_IC16_GetSource
                0x3400561c       0x1c ./Drivers/STM32N6xx_HAL_Driver/stm32n6xx_hal_rcc_ex.o
 .text.LL_RCC_IC16_GetDivider
                0x34005638       0x20 ./Drivers/STM32N6xx_HAL_Driver/stm32n6xx_hal_rcc_ex.o
 .text.LL_RCC_IC17_Enable
                0x34005658       0x1c ./Drivers/STM32N6xx_HAL_Driver/stm32n6xx_hal_rcc_ex.o
 .text.LL_RCC_IC17_IsEnabled
                0x34005674       0x28 ./Drivers/STM32N6xx_HAL_Driver/stm32n6xx_hal_rcc_ex.o
 .text.LL_RCC_IC17_GetSource
                0x3400569c       0x1c ./Drivers/STM32N6xx_HAL_Driver/stm32n6xx_hal_rcc_ex.o
 .text.LL_RCC_IC17_GetDivider
                0x340056b8       0x20 ./Drivers/STM32N6xx_HAL_Driver/stm32n6xx_hal_rcc_ex.o
 .text.LL_RCC_IC18_Enable
                0x340056d8       0x1c ./Drivers/STM32N6xx_HAL_Driver/stm32n6xx_hal_rcc_ex.o
 .text.LL_RCC_IC18_IsEnabled
                0x340056f4       0x28 ./Drivers/STM32N6xx_HAL_Driver/stm32n6xx_hal_rcc_ex.o
 .text.LL_RCC_IC18_GetSource
                0x3400571c       0x1c ./Drivers/STM32N6xx_HAL_Driver/stm32n6xx_hal_rcc_ex.o
 .text.LL_RCC_IC18_GetDivider
                0x34005738       0x20 ./Drivers/STM32N6xx_HAL_Driver/stm32n6xx_hal_rcc_ex.o
 .text.LL_RCC_IC19_Enable
                0x34005758       0x1c ./Drivers/STM32N6xx_HAL_Driver/stm32n6xx_hal_rcc_ex.o
 .text.LL_RCC_IC19_IsEnabled
                0x34005774       0x28 ./Drivers/STM32N6xx_HAL_Driver/stm32n6xx_hal_rcc_ex.o
 .text.LL_RCC_IC19_GetSource
                0x3400579c       0x1c ./Drivers/STM32N6xx_HAL_Driver/stm32n6xx_hal_rcc_ex.o
 .text.LL_RCC_IC19_GetDivider
                0x340057b8       0x20 ./Drivers/STM32N6xx_HAL_Driver/stm32n6xx_hal_rcc_ex.o
 .text.LL_RCC_IC20_Enable
                0x340057d8       0x1c ./Drivers/STM32N6xx_HAL_Driver/stm32n6xx_hal_rcc_ex.o
 .text.LL_RCC_IC20_IsEnabled
                0x340057f4       0x28 ./Drivers/STM32N6xx_HAL_Driver/stm32n6xx_hal_rcc_ex.o
 .text.LL_RCC_IC20_GetSource
                0x3400581c       0x1c ./Drivers/STM32N6xx_HAL_Driver/stm32n6xx_hal_rcc_ex.o
 .text.LL_RCC_IC20_GetDivider
                0x34005838       0x20 ./Drivers/STM32N6xx_HAL_Driver/stm32n6xx_hal_rcc_ex.o
 .text.LL_RCC_CLKP_Enable
                0x34005858       0x1c ./Drivers/STM32N6xx_HAL_Driver/stm32n6xx_hal_rcc_ex.o
 .text.LL_RCC_CLKP_IsEnabled
                0x34005874       0x28 ./Drivers/STM32N6xx_HAL_Driver/stm32n6xx_hal_rcc_ex.o
 .text.HAL_RCCEx_PeriphCLKConfig
                0x3400589c     0x25c8 ./Drivers/STM32N6xx_HAL_Driver/stm32n6xx_hal_rcc_ex.o
                0x3400589c                HAL_RCCEx_PeriphCLKConfig
 .text.HAL_RCCEx_GetPeriphCLKFreq
                0x34007e64      0x938 ./Drivers/STM32N6xx_HAL_Driver/stm32n6xx_hal_rcc_ex.o
                0x34007e64                HAL_RCCEx_GetPeriphCLKFreq
 .text.HAL_RCCEx_GetPLL1CLKFreq
                0x3400879c       0x8c ./Drivers/STM32N6xx_HAL_Driver/stm32n6xx_hal_rcc_ex.o
                0x3400879c                HAL_RCCEx_GetPLL1CLKFreq
 .text.HAL_RCCEx_GetPLL2CLKFreq
                0x34008828       0x8c ./Drivers/STM32N6xx_HAL_Driver/stm32n6xx_hal_rcc_ex.o
                0x34008828                HAL_RCCEx_GetPLL2CLKFreq
 .text.HAL_RCCEx_GetPLL3CLKFreq
                0x340088b4       0x8c ./Drivers/STM32N6xx_HAL_Driver/stm32n6xx_hal_rcc_ex.o
                0x340088b4                HAL_RCCEx_GetPLL3CLKFreq
 .text.HAL_RCCEx_GetPLL4CLKFreq
                0x34008940       0x8c ./Drivers/STM32N6xx_HAL_Driver/stm32n6xx_hal_rcc_ex.o
                0x34008940                HAL_RCCEx_GetPLL4CLKFreq
 .text.RCCEx_GetHCLKFreq
                0x340089cc       0x22 ./Drivers/STM32N6xx_HAL_Driver/stm32n6xx_hal_rcc_ex.o
 .text.RCCEx_GetPCLK1Freq
                0x340089ee       0x20 ./Drivers/STM32N6xx_HAL_Driver/stm32n6xx_hal_rcc_ex.o
 .text.RCCEx_GetPCLK2Freq
                0x34008a0e       0x22 ./Drivers/STM32N6xx_HAL_Driver/stm32n6xx_hal_rcc_ex.o
 .text.RCCEx_GetPCLK4Freq
                0x34008a30       0x22 ./Drivers/STM32N6xx_HAL_Driver/stm32n6xx_hal_rcc_ex.o
 .text.RCCEx_GetPCLK5Freq
                0x34008a52       0x22 ./Drivers/STM32N6xx_HAL_Driver/stm32n6xx_hal_rcc_ex.o
 .text.RCCEx_GetPLLSourceFreq
                0x34008a74       0xbc ./Drivers/STM32N6xx_HAL_Driver/stm32n6xx_hal_rcc_ex.o
 .text.RCCEx_CalcPLLFreq
                0x34008b30       0x98 ./Drivers/STM32N6xx_HAL_Driver/stm32n6xx_hal_rcc_ex.o
 .text.RCCEx_GetADCCLKFreq
                0x34008bc8      0x204 ./Drivers/STM32N6xx_HAL_Driver/stm32n6xx_hal_rcc_ex.o
 .text.RCCEx_GetADFCLKFreq
                0x34008dcc      0x1d8 ./Drivers/STM32N6xx_HAL_Driver/stm32n6xx_hal_rcc_ex.o
 .text.RCCEx_GetCLKPCLKFreq
                0x34008fa4      0x36c ./Drivers/STM32N6xx_HAL_Driver/stm32n6xx_hal_rcc_ex.o
 .text.RCCEx_GetCSICLKFreq
                0x34009310       0x98 ./Drivers/STM32N6xx_HAL_Driver/stm32n6xx_hal_rcc_ex.o
 .text.RCCEx_GetDCMIPPCLKFreq
                0x340093a8      0x114 ./Drivers/STM32N6xx_HAL_Driver/stm32n6xx_hal_rcc_ex.o
 .text.RCCEx_GetETH1CLKFreq
                0x340094bc      0x100 ./Drivers/STM32N6xx_HAL_Driver/stm32n6xx_hal_rcc_ex.o
 .text.RCCEx_GetETH1PTPCLKFreq
                0x340095bc      0x108 ./Drivers/STM32N6xx_HAL_Driver/stm32n6xx_hal_rcc_ex.o
 .text.RCCEx_GetFDCANCLKFreq
                0x340096c4      0x100 ./Drivers/STM32N6xx_HAL_Driver/stm32n6xx_hal_rcc_ex.o
 .text.RCCEx_GetFMCCLKFreq
                0x340097c4      0x16e ./Drivers/STM32N6xx_HAL_Driver/stm32n6xx_hal_rcc_ex.o
 *fill*         0x34009932        0x2 
 .text.RCCEx_GetI2CCLKFreq
                0x34009934      0x350 ./Drivers/STM32N6xx_HAL_Driver/stm32n6xx_hal_rcc_ex.o
 .text.RCCEx_GetI3CCLKFreq
                0x34009c84      0x268 ./Drivers/STM32N6xx_HAL_Driver/stm32n6xx_hal_rcc_ex.o
 .text.RCCEx_GetLPTIMCLKFreq
                0x34009eec      0x354 ./Drivers/STM32N6xx_HAL_Driver/stm32n6xx_hal_rcc_ex.o
 .text.RCCEx_GetLPUARTCLKFreq
                0x3400a240      0x204 ./Drivers/STM32N6xx_HAL_Driver/stm32n6xx_hal_rcc_ex.o
 .text.RCCEx_GetLTDCCLKFreq
                0x3400a444      0x114 ./Drivers/STM32N6xx_HAL_Driver/stm32n6xx_hal_rcc_ex.o
 .text.RCCEx_GetMDFCLKFreq
                0x3400a558      0x214 ./Drivers/STM32N6xx_HAL_Driver/stm32n6xx_hal_rcc_ex.o
 .text.RCCEx_GetPSSICLKFreq
                0x3400a76c      0x104 ./Drivers/STM32N6xx_HAL_Driver/stm32n6xx_hal_rcc_ex.o
 .text.RCCEx_GetRTCCLKFreq
                0x3400a870       0xa4 ./Drivers/STM32N6xx_HAL_Driver/stm32n6xx_hal_rcc_ex.o
 .text.RCCEx_GetSAICLKFreq
                0x3400a914      0x2cc ./Drivers/STM32N6xx_HAL_Driver/stm32n6xx_hal_rcc_ex.o
 .text.RCCEx_GetSDMMCCLKFreq
                0x3400abe0      0x1d4 ./Drivers/STM32N6xx_HAL_Driver/stm32n6xx_hal_rcc_ex.o
 .text.RCCEx_GetSPDIFRXCLKFreq
                0x3400adb4      0x1c8 ./Drivers/STM32N6xx_HAL_Driver/stm32n6xx_hal_rcc_ex.o
 .text.RCCEx_GetSPICLKFreq
                0x3400af7c      0x5a4 ./Drivers/STM32N6xx_HAL_Driver/stm32n6xx_hal_rcc_ex.o
 .text.RCCEx_GetUARTCLKFreq
                0x3400b520      0x454 ./Drivers/STM32N6xx_HAL_Driver/stm32n6xx_hal_rcc_ex.o
 .text.RCCEx_GetUSARTCLKFreq
                0x3400b974      0x454 ./Drivers/STM32N6xx_HAL_Driver/stm32n6xx_hal_rcc_ex.o
 .text.RCCEx_GetOTGPHYCLKFreq
                0x3400bdc8      0x16c ./Drivers/STM32N6xx_HAL_Driver/stm32n6xx_hal_rcc_ex.o
 .text.RCCEx_GetOTGPHYCKREFCLKFreq
                0x3400bf34       0xa0 ./Drivers/STM32N6xx_HAL_Driver/stm32n6xx_hal_rcc_ex.o
 .text.RCCEx_GetXSPICLKFreq
                0x3400bfd4      0x220 ./Drivers/STM32N6xx_HAL_Driver/stm32n6xx_hal_rcc_ex.o
 .text.HAL_RIF_RIMC_ConfigMasterAttributes
                0x3400c1f4       0x78 ./Drivers/STM32N6xx_HAL_Driver/stm32n6xx_hal_rif.o
                0x3400c1f4                HAL_RIF_RIMC_ConfigMasterAttributes
 .text.HAL_RIF_RISC_SetSlaveSecureAttributes
                0x3400c26c       0xa4 ./Drivers/STM32N6xx_HAL_Driver/stm32n6xx_hal_rif.o
                0x3400c26c                HAL_RIF_RISC_SetSlaveSecureAttributes
 .text.HAL_UART_Init
                0x3400c310       0xa0 ./Drivers/STM32N6xx_HAL_Driver/stm32n6xx_hal_uart.o
                0x3400c310                HAL_UART_Init
 .text.UART_SetConfig
                0x3400c3b0      0x3d8 ./Drivers/STM32N6xx_HAL_Driver/stm32n6xx_hal_uart.o
                0x3400c3b0                UART_SetConfig
 .text.UART_AdvFeatureConfig
                0x3400c788      0x144 ./Drivers/STM32N6xx_HAL_Driver/stm32n6xx_hal_uart.o
                0x3400c788                UART_AdvFeatureConfig
 .text.UART_CheckIdleState
                0x3400c8cc      0x154 ./Drivers/STM32N6xx_HAL_Driver/stm32n6xx_hal_uart.o
                0x3400c8cc                UART_CheckIdleState
 .text.UART_WaitOnFlagUntilTimeout
                0x3400ca20       0xda ./Drivers/STM32N6xx_HAL_Driver/stm32n6xx_hal_uart.o
                0x3400ca20                UART_WaitOnFlagUntilTimeout
 .text.UART_EndRxTransfer
                0x3400cafa       0xcc ./Drivers/STM32N6xx_HAL_Driver/stm32n6xx_hal_uart.o
 .text.HAL_UARTEx_DisableFifoMode
                0x3400cbc6       0x72 ./Drivers/STM32N6xx_HAL_Driver/stm32n6xx_hal_uart_ex.o
                0x3400cbc6                HAL_UARTEx_DisableFifoMode
 .text.HAL_UARTEx_SetTxFifoThreshold
                0x3400cc38       0x7c ./Drivers/STM32N6xx_HAL_Driver/stm32n6xx_hal_uart_ex.o
                0x3400cc38                HAL_UARTEx_SetTxFifoThreshold
 .text.HAL_UARTEx_SetRxFifoThreshold
                0x3400ccb4       0x7c ./Drivers/STM32N6xx_HAL_Driver/stm32n6xx_hal_uart_ex.o
                0x3400ccb4                HAL_UARTEx_SetRxFifoThreshold
 .text.UARTEx_SetNbDataToProcess
                0x3400cd30       0x9c ./Drivers/STM32N6xx_HAL_Driver/stm32n6xx_hal_uart_ex.o
 .text.LL_AHB5_GRP1_IsEnabledClock
                0x3400cdcc       0x30 ./Drivers/STM32N6xx_HAL_Driver/stm32n6xx_hal_xspi.o
 .text.HAL_XSPI_Init
                0x3400cdfc      0x220 ./Drivers/STM32N6xx_HAL_Driver/stm32n6xx_hal_xspi.o
                0x3400cdfc                HAL_XSPI_Init
 .text.HAL_XSPI_SetTimeout
                0x3400d01c       0x1e ./Drivers/STM32N6xx_HAL_Driver/stm32n6xx_hal_xspi.o
                0x3400d01c                HAL_XSPI_SetTimeout
 *fill*         0x3400d03a        0x2 
 .text.HAL_XSPIM_Config
                0x3400d03c      0x258 ./Drivers/STM32N6xx_HAL_Driver/stm32n6xx_hal_xspi.o
                0x3400d03c                HAL_XSPIM_Config
 .text.XSPI_WaitFlagStateUntilTimeout
                0x3400d294       0x6c ./Drivers/STM32N6xx_HAL_Driver/stm32n6xx_hal_xspi.o
 .text.XSPIM_GetConfig
                0x3400d300       0xc8 ./Drivers/STM32N6xx_HAL_Driver/stm32n6xx_hal_xspi.o
 .text.memset   0x3400d3c8       0x10 /Applications/STM32CubeIDE.app/Contents/Eclipse/plugins/com.st.stm32cube.ide.mcu.externaltools.gnu-tools-for-stm32.14.3.rel1.macosaarch64_1.0.0.202602081740/tools/bin/../lib/gcc/arm-none-eabi/14.3.1/../../../../arm-none-eabi/lib/thumb/v8-m.main+dp/hard/libc_nano.a(libc_a-memset.o)
                0x3400d3c8                memset
 .text.__libc_init_array
                0x3400d3d8       0x48 /Applications/STM32CubeIDE.app/Contents/Eclipse/plugins/com.st.stm32cube.ide.mcu.externaltools.gnu-tools-for-stm32.14.3.rel1.macosaarch64_1.0.0.202602081740/tools/bin/../lib/gcc/arm-none-eabi/14.3.1/../../../../arm-none-eabi/lib/thumb/v8-m.main+dp/hard/libc_nano.a(libc_a-init.o)
                0x3400d3d8                __libc_init_array
 *(.glue_7)
 .glue_7        0x3400d420        0x0 linker stubs
 *(.glue_7t)
 .glue_7t       0x3400d420        0x0 linker stubs
 *(.eh_frame)
 .eh_frame      0x3400d420        0x0 /Applications/STM32CubeIDE.app/Contents/Eclipse/plugins/com.st.stm32cube.ide.mcu.externaltools.gnu-tools-for-stm32.14.3.rel1.macosaarch64_1.0.0.202602081740/tools/bin/../lib/gcc/arm-none-eabi/14.3.1/thumb/v8-m.main+dp/hard/crtbegin.o
 *(.RamFunc)
 *(.RamFunc*)
 *(.init)
 .init          0x3400d420        0x4 /Applications/STM32CubeIDE.app/Contents/Eclipse/plugins/com.st.stm32cube.ide.mcu.externaltools.gnu-tools-for-stm32.14.3.rel1.macosaarch64_1.0.0.202602081740/tools/bin/../lib/gcc/arm-none-eabi/14.3.1/thumb/v8-m.main+dp/hard/crti.o
                0x3400d420                _init
 .init          0x3400d424        0x8 /Applications/STM32CubeIDE.app/Contents/Eclipse/plugins/com.st.stm32cube.ide.mcu.externaltools.gnu-tools-for-stm32.14.3.rel1.macosaarch64_1.0.0.202602081740/tools/bin/../lib/gcc/arm-none-eabi/14.3.1/thumb/v8-m.main+dp/hard/crtn.o
 *(.fini)
 .fini          0x3400d42c        0x4 /Applications/STM32CubeIDE.app/Contents/Eclipse/plugins/com.st.stm32cube.ide.mcu.externaltools.gnu-tools-for-stm32.14.3.rel1.macosaarch64_1.0.0.202602081740/tools/bin/../lib/gcc/arm-none-eabi/14.3.1/thumb/v8-m.main+dp/hard/crti.o
                0x3400d42c                _fini
 .fini          0x3400d430        0x8 /Applications/STM32CubeIDE.app/Contents/Eclipse/plugins/com.st.stm32cube.ide.mcu.externaltools.gnu-tools-for-stm32.14.3.rel1.macosaarch64_1.0.0.202602081740/tools/bin/../lib/gcc/arm-none-eabi/14.3.1/thumb/v8-m.main+dp/hard/crtn.o
                0x3400d438                        . = ALIGN (0x4)
                0x3400d438                        _etext = .

.vfp11_veneer   0x3400d438        0x0
 .vfp11_veneer  0x3400d438        0x0 linker stubs

.v4_bx          0x3400d438        0x0
 .v4_bx         0x3400d438        0x0 linker stubs

.iplt           0x3400d438        0x0
 .iplt          0x3400d438        0x0 /Applications/STM32CubeIDE.app/Contents/Eclipse/plugins/com.st.stm32cube.ide.mcu.externaltools.gnu-tools-for-stm32.14.3.rel1.macosaarch64_1.0.0.202602081740/tools/bin/../lib/gcc/arm-none-eabi/14.3.1/thumb/v8-m.main+dp/hard/crtbegin.o

.rodata         0x3400d438       0x28
                0x3400d438                        . = ALIGN (0x4)
 *(.rodata)
 *(.rodata*)
 .rodata.UARTPrescTable
                0x3400d438       0x18 ./Drivers/STM32N6xx_HAL_Driver/stm32n6xx_hal_uart.o
                0x3400d438                UARTPrescTable
 .rodata.numerator.1
                0x3400d450        0x8 ./Drivers/STM32N6xx_HAL_Driver/stm32n6xx_hal_uart_ex.o
 .rodata.denominator.0
                0x3400d458        0x8 ./Drivers/STM32N6xx_HAL_Driver/stm32n6xx_hal_uart_ex.o
                0x3400d460                        . = ALIGN (0x4)

.ARM.extab      0x3400d460        0x0
                0x3400d460                        . = ALIGN (0x4)
 *(.ARM.extab* .gnu.linkonce.armextab.*)
                0x3400d460                        . = ALIGN (0x4)

.ARM            0x3400d460        0x8
                0x3400d460                        . = ALIGN (0x4)
                0x3400d460                        __exidx_start = .
 *(.ARM.exidx*)
 .ARM.exidx     0x3400d460        0x8 /Applications/STM32CubeIDE.app/Contents/Eclipse/plugins/com.st.stm32cube.ide.mcu.externaltools.gnu-tools-for-stm32.14.3.rel1.macosaarch64_1.0.0.202602081740/tools/bin/../lib/gcc/arm-none-eabi/14.3.1/thumb/v8-m.main+dp/hard/libgcc.a(_udivmoddi4.o)
                0x3400d468                        __exidx_end = .
                0x3400d468                        . = ALIGN (0x4)

.rel.dyn        0x3400d468        0x0
 .rel.iplt      0x3400d468        0x0 /Applications/STM32CubeIDE.app/Contents/Eclipse/plugins/com.st.stm32cube.ide.mcu.externaltools.gnu-tools-for-stm32.14.3.rel1.macosaarch64_1.0.0.202602081740/tools/bin/../lib/gcc/arm-none-eabi/14.3.1/thumb/v8-m.main+dp/hard/crtbegin.o

.preinit_array  0x3400d468        0x0
                0x3400d468                        . = ALIGN (0x4)
                0x3400d468                        PROVIDE (__preinit_array_start = .)
 *(.preinit_array*)
                0x3400d468                        PROVIDE (__preinit_array_end = .)
                0x3400d468                        . = ALIGN (0x4)

.init_array     0x3400d468        0x4
                0x3400d468                        . = ALIGN (0x4)
                0x3400d468                        PROVIDE (__init_array_start = .)
 *(SORT_BY_NAME(.init_array.*))
 *(.init_array*)
 .init_array    0x3400d468        0x4 /Applications/STM32CubeIDE.app/Contents/Eclipse/plugins/com.st.stm32cube.ide.mcu.externaltools.gnu-tools-for-stm32.14.3.rel1.macosaarch64_1.0.0.202602081740/tools/bin/../lib/gcc/arm-none-eabi/14.3.1/thumb/v8-m.main+dp/hard/crtbegin.o
                0x3400d46c                        PROVIDE (__init_array_end = .)
                0x3400d46c                        . = ALIGN (0x4)

.fini_array     0x3400d46c        0x4
                0x3400d46c                        . = ALIGN (0x4)
                [!provide]                        PROVIDE (__fini_array_start = .)
 *(SORT_BY_NAME(.fini_array.*))
 *(.fini_array*)
 .fini_array    0x3400d46c        0x4 /Applications/STM32CubeIDE.app/Contents/Eclipse/plugins/com.st.stm32cube.ide.mcu.externaltools.gnu-tools-for-stm32.14.3.rel1.macosaarch64_1.0.0.202602081740/tools/bin/../lib/gcc/arm-none-eabi/14.3.1/thumb/v8-m.main+dp/hard/crtbegin.o
                [!provide]                        PROVIDE (__fini_array_end = .)
                0x3400d470                        . = ALIGN (0x4)
                0x3400d470                        _sidata = LOADADDR (.data)

.data           0x34080000        0xc load address 0x3400d470
                0x34080000                        . = ALIGN (0x4)
                0x34080000                        _sdata = .
 *(.data)
 *(.data*)
 .data.SystemCoreClock
                0x34080000        0x4 ./Drivers/CMSIS/system_stm32n6xx_s.o
                0x34080000                SystemCoreClock
 .data.uwTickPrio
                0x34080004        0x4 ./Drivers/STM32N6xx_HAL_Driver/stm32n6xx_hal.o
                0x34080004                uwTickPrio
 .data.uwTickFreq
                0x34080008        0x1 ./Drivers/STM32N6xx_HAL_Driver/stm32n6xx_hal.o
                0x34080008                uwTickFreq
                0x3408000c                        . = ALIGN (0x4)
 *fill*         0x34080009        0x3 
                0x3408000c                        _edata = .

.igot.plt       0x3408000c        0x0 load address 0x3400d47c
 .igot.plt      0x3408000c        0x0 /Applications/STM32CubeIDE.app/Contents/Eclipse/plugins/com.st.stm32cube.ide.mcu.externaltools.gnu-tools-for-stm32.14.3.rel1.macosaarch64_1.0.0.202602081740/tools/bin/../lib/gcc/arm-none-eabi/14.3.1/thumb/v8-m.main+dp/hard/crtbegin.o

.noncacheable   0x3408000c        0x4 load address 0x3400d47c
                0x34080010                        . = ALIGN (0x8)
 *fill*         0x3408000c        0x4 
                0x34080010                        __snoncacheable = .
 *(.noncacheable)
                0x34080010                        . = ALIGN (0x8)
                0x34080010                        __enoncacheable = .

.gnu.sgstubs    0x3400d480       0x20
                0x3400d480                        _sNSCVeneer = .
                0x3400d480                        . = ALIGN (0x4)
 *(.gnu.sgstubs*)
                0x3400d480                        . = ALIGN (0x4)
 .gnu.sgstubs.__stub
                0x3400d480       0x10 linker stubs
                0x3400d480                SECURE_SystemCoreClockUpdate
                0x3400d488                SECURE_RegisterCallback
                0x3400d4a0                        _eNSCVeneer = .
                0x3400d490                        . = ALIGN (0x4)

.bss            0x34080010    0xbba30
                0x34080010                        _sbss = .
                0x34080010                        __bss_start__ = _sbss
 *(.bss)
 .bss           0x34080010       0x1c /Applications/STM32CubeIDE.app/Contents/Eclipse/plugins/com.st.stm32cube.ide.mcu.externaltools.gnu-tools-for-stm32.14.3.rel1.macosaarch64_1.0.0.202602081740/tools/bin/../lib/gcc/arm-none-eabi/14.3.1/thumb/v8-m.main+dp/hard/crtbegin.o
 *(.bss*)
 .bss.hltdc     0x3408002c       0xa8 ./Application/User/Core/main.o
                0x3408002c                hltdc
 .bss.huart1    0x340800d4       0x94 ./Application/User/Core/main.o
                0x340800d4                huart1
 .bss.hxspi1    0x34080168       0x64 ./Application/User/Core/main.o
                0x34080168                hxspi1
 .bss.hxspi2    0x340801cc       0x64 ./Application/User/Core/main.o
                0x340801cc                hxspi2
 .bss.framebuffer
                0x34080230    0xbb800 ./Application/User/Core/main.o
 .bss.pSecureFaultCallback
                0x3413ba30        0x4 ./Application/User/Core/secure_nsc.o
                0x3413ba30                pSecureFaultCallback
 .bss.pSecureErrorCallback
                0x3413ba34        0x4 ./Application/User/Core/secure_nsc.o
                0x3413ba34                pSecureErrorCallback
 .bss.HAL_RCC_XSPIM_CLK_ENABLED
                0x3413ba38        0x4 ./Application/User/Core/stm32n6xx_hal_msp.o
 .bss.uwTick    0x3413ba3c        0x4 ./Drivers/STM32N6xx_HAL_Driver/stm32n6xx_hal.o
                0x3413ba3c                uwTick
 *(COMMON)
                0x3413ba40                        . = ALIGN (0x4)
                0x3413ba40                        _ebss = .
                0x3413ba40                        __bss_end__ = _ebss

._user_heap_stack
                0x3413ba40      0xa00
                0x3413ba40                        . = ALIGN (0x8)
                [!provide]                        PROVIDE (end = .)
                0x3413ba40                        PROVIDE (_end = .)
                0x3413bc40                        . = (. + _Min_Heap_Size)
 *fill*         0x3413ba40      0x200 
                0x3413c440                        . = (. + _Min_Stack_Size)
 *fill*         0x3413bc40      0x800 
                0x3413c440                        . = ALIGN (0x8)

/DISCARD/
 libc.a(*)
 libm.a(*)
 libgcc.a(*)

.ARM.attributes
                0x00000000       0x3a
 *(.ARM.attributes)
 .ARM.attributes
                0x00000000       0x24 /Applications/STM32CubeIDE.app/Contents/Eclipse/plugins/com.st.stm32cube.ide.mcu.externaltools.gnu-tools-for-stm32.14.3.rel1.macosaarch64_1.0.0.202602081740/tools/bin/../lib/gcc/arm-none-eabi/14.3.1/thumb/v8-m.main+dp/hard/crti.o
 .ARM.attributes
                0x00000024       0x36 /Applications/STM32CubeIDE.app/Contents/Eclipse/plugins/com.st.stm32cube.ide.mcu.externaltools.gnu-tools-for-stm32.14.3.rel1.macosaarch64_1.0.0.202602081740/tools/bin/../lib/gcc/arm-none-eabi/14.3.1/thumb/v8-m.main+dp/hard/crtbegin.o
 .ARM.attributes
                0x0000005a       0x3e ./Application/User/Core/main.o
 .ARM.attributes
                0x00000098       0x3e ./Application/User/Core/secure_nsc.o
 .ARM.attributes
                0x000000d6       0x3e ./Application/User/Core/stm32n6xx_hal_msp.o
 .ARM.attributes
                0x00000114       0x3e ./Application/User/Core/stm32n6xx_it.o
 .ARM.attributes
                0x00000152       0x22 ./Application/User/Startup/startup_stm32n657x0hxq.o
 .ARM.attributes
                0x00000174       0x3e ./Drivers/CMSIS/system_stm32n6xx_s.o
 .ARM.attributes
                0x000001b2       0x3e ./Drivers/STM32N6xx_HAL_Driver/stm32n6xx_hal.o
 .ARM.attributes
                0x000001f0       0x3e ./Drivers/STM32N6xx_HAL_Driver/stm32n6xx_hal_cortex.o
 .ARM.attributes
                0x0000022e       0x3e ./Drivers/STM32N6xx_HAL_Driver/stm32n6xx_hal_gpio.o
 .ARM.attributes
                0x0000026c       0x3e ./Drivers/STM32N6xx_HAL_Driver/stm32n6xx_hal_ltdc.o
 .ARM.attributes
                0x000002aa       0x3e ./Drivers/STM32N6xx_HAL_Driver/stm32n6xx_hal_pwr_ex.o
 .ARM.attributes
                0x000002e8       0x3e ./Drivers/STM32N6xx_HAL_Driver/stm32n6xx_hal_rcc.o
 .ARM.attributes
                0x00000326       0x3e ./Drivers/STM32N6xx_HAL_Driver/stm32n6xx_hal_rcc_ex.o
 .ARM.attributes
                0x00000364       0x3e ./Drivers/STM32N6xx_HAL_Driver/stm32n6xx_hal_rif.o
 .ARM.attributes
                0x000003a2       0x3e ./Drivers/STM32N6xx_HAL_Driver/stm32n6xx_hal_uart.o
 .ARM.attributes
                0x000003e0       0x3e ./Drivers/STM32N6xx_HAL_Driver/stm32n6xx_hal_uart_ex.o
 .ARM.attributes
                0x0000041e       0x3e ./Drivers/STM32N6xx_HAL_Driver/stm32n6xx_hal_xspi.o
 .ARM.attributes
                0x0000045c       0x36 /Applications/STM32CubeIDE.app/Contents/Eclipse/plugins/com.st.stm32cube.ide.mcu.externaltools.gnu-tools-for-stm32.14.3.rel1.macosaarch64_1.0.0.202602081740/tools/bin/../lib/gcc/arm-none-eabi/14.3.1/../../../../arm-none-eabi/lib/thumb/v8-m.main+dp/hard/libc_nano.a(libc_a-memset.o)
 .ARM.attributes
                0x00000492       0x36 /Applications/STM32CubeIDE.app/Contents/Eclipse/plugins/com.st.stm32cube.ide.mcu.externaltools.gnu-tools-for-stm32.14.3.rel1.macosaarch64_1.0.0.202602081740/tools/bin/../lib/gcc/arm-none-eabi/14.3.1/../../../../arm-none-eabi/lib/thumb/v8-m.main+dp/hard/libc_nano.a(libc_a-init.o)
 .ARM.attributes
                0x000004c8       0x24 /Applications/STM32CubeIDE.app/Contents/Eclipse/plugins/com.st.stm32cube.ide.mcu.externaltools.gnu-tools-for-stm32.14.3.rel1.macosaarch64_1.0.0.202602081740/tools/bin/../lib/gcc/arm-none-eabi/14.3.1/thumb/v8-m.main+dp/hard/libgcc.a(_aeabi_uldivmod.o)
 .ARM.attributes
                0x000004ec       0x36 /Applications/STM32CubeIDE.app/Contents/Eclipse/plugins/com.st.stm32cube.ide.mcu.externaltools.gnu-tools-for-stm32.14.3.rel1.macosaarch64_1.0.0.202602081740/tools/bin/../lib/gcc/arm-none-eabi/14.3.1/thumb/v8-m.main+dp/hard/libgcc.a(_udivmoddi4.o)
 .ARM.attributes
                0x00000522       0x24 /Applications/STM32CubeIDE.app/Contents/Eclipse/plugins/com.st.stm32cube.ide.mcu.externaltools.gnu-tools-for-stm32.14.3.rel1.macosaarch64_1.0.0.202602081740/tools/bin/../lib/gcc/arm-none-eabi/14.3.1/thumb/v8-m.main+dp/hard/libgcc.a(_dvmd_tls.o)
 .ARM.attributes
                0x00000546       0x24 /Applications/STM32CubeIDE.app/Contents/Eclipse/plugins/com.st.stm32cube.ide.mcu.externaltools.gnu-tools-for-stm32.14.3.rel1.macosaarch64_1.0.0.202602081740/tools/bin/../lib/gcc/arm-none-eabi/14.3.1/thumb/v8-m.main+dp/hard/crtn.o
OUTPUT(STM-Display_Appli.elf elf32-littlearm)
LOAD linker stubs
LOAD /Applications/STM32CubeIDE.app/Contents/Eclipse/plugins/com.st.stm32cube.ide.mcu.externaltools.gnu-tools-for-stm32.14.3.rel1.macosaarch64_1.0.0.202602081740/tools/bin/../lib/gcc/arm-none-eabi/14.3.1/../../../../arm-none-eabi/lib/thumb/v8-m.main+dp/hard/libc.a
LOAD /Applications/STM32CubeIDE.app/Contents/Eclipse/plugins/com.st.stm32cube.ide.mcu.externaltools.gnu-tools-for-stm32.14.3.rel1.macosaarch64_1.0.0.202602081740/tools/bin/../lib/gcc/arm-none-eabi/14.3.1/../../../../arm-none-eabi/lib/thumb/v8-m.main+dp/hard/libm.a
LOAD /Applications/STM32CubeIDE.app/Contents/Eclipse/plugins/com.st.stm32cube.ide.mcu.externaltools.gnu-tools-for-stm32.14.3.rel1.macosaarch64_1.0.0.202602081740/tools/bin/../lib/gcc/arm-none-eabi/14.3.1/thumb/v8-m.main+dp/hard/libgcc.a

.debug_info     0x00000000    0x1d517
 .debug_info    0x00000000     0x2d74 ./Application/User/Core/main.o
 .debug_info    0x00002d74      0x103 ./Application/User/Core/secure_nsc.o
 .debug_info    0x00002e77     0x2bd3 ./Application/User/Core/stm32n6xx_hal_msp.o
 .debug_info    0x00005a4a      0x138 ./Application/User/Core/stm32n6xx_it.o
 .debug_info    0x00005b82       0x30 ./Application/User/Startup/startup_stm32n657x0hxq.o
 .debug_info    0x00005bb2     0x1ab2 ./Drivers/CMSIS/system_stm32n6xx_s.o
 .debug_info    0x00007664     0x27e2 ./Drivers/STM32N6xx_HAL_Driver/stm32n6xx_hal.o
 .debug_info    0x00009e46     0x1490 ./Drivers/STM32N6xx_HAL_Driver/stm32n6xx_hal_cortex.o
 .debug_info    0x0000b2d6      0xafd ./Drivers/STM32N6xx_HAL_Driver/stm32n6xx_hal_gpio.o
 .debug_info    0x0000bdd3     0x1f22 ./Drivers/STM32N6xx_HAL_Driver/stm32n6xx_hal_ltdc.o
 .debug_info    0x0000dcf5      0xd08 ./Drivers/STM32N6xx_HAL_Driver/stm32n6xx_hal_pwr_ex.o
 .debug_info    0x0000e9fd     0x2161 ./Drivers/STM32N6xx_HAL_Driver/stm32n6xx_hal_rcc.o
 .debug_info    0x00010b5e     0x3841 ./Drivers/STM32N6xx_HAL_Driver/stm32n6xx_hal_rcc_ex.o
 .debug_info    0x0001439f      0xeb6 ./Drivers/STM32N6xx_HAL_Driver/stm32n6xx_hal_rif.o
 .debug_info    0x00015255     0x45b3 ./Drivers/STM32N6xx_HAL_Driver/stm32n6xx_hal_uart.o
 .debug_info    0x00019808     0x10f3 ./Drivers/STM32N6xx_HAL_Driver/stm32n6xx_hal_uart_ex.o
 .debug_info    0x0001a8fb     0x2c1c ./Drivers/STM32N6xx_HAL_Driver/stm32n6xx_hal_xspi.o

.debug_abbrev   0x00000000     0x2720
 .debug_abbrev  0x00000000      0x337 ./Application/User/Core/main.o
 .debug_abbrev  0x00000337       0x9f ./Application/User/Core/secure_nsc.o
 .debug_abbrev  0x000003d6      0x294 ./Application/User/Core/stm32n6xx_hal_msp.o
 .debug_abbrev  0x0000066a       0x73 ./Application/User/Core/stm32n6xx_it.o
 .debug_abbrev  0x000006dd       0x24 ./Application/User/Startup/startup_stm32n657x0hxq.o
 .debug_abbrev  0x00000701      0x177 ./Drivers/CMSIS/system_stm32n6xx_s.o
 .debug_abbrev  0x00000878      0x2bd ./Drivers/STM32N6xx_HAL_Driver/stm32n6xx_hal.o
 .debug_abbrev  0x00000b35      0x346 ./Drivers/STM32N6xx_HAL_Driver/stm32n6xx_hal_cortex.o
 .debug_abbrev  0x00000e7b      0x24d ./Drivers/STM32N6xx_HAL_Driver/stm32n6xx_hal_gpio.o
 .debug_abbrev  0x000010c8      0x24d ./Drivers/STM32N6xx_HAL_Driver/stm32n6xx_hal_ltdc.o
 .debug_abbrev  0x00001315      0x265 ./Drivers/STM32N6xx_HAL_Driver/stm32n6xx_hal_pwr_ex.o
 .debug_abbrev  0x0000157a      0x36a ./Drivers/STM32N6xx_HAL_Driver/stm32n6xx_hal_rcc.o
 .debug_abbrev  0x000018e4      0x305 ./Drivers/STM32N6xx_HAL_Driver/stm32n6xx_hal_rcc_ex.o
 .debug_abbrev  0x00001be9      0x2a5 ./Drivers/STM32N6xx_HAL_Driver/stm32n6xx_hal_rif.o
 .debug_abbrev  0x00001e8e      0x306 ./Drivers/STM32N6xx_HAL_Driver/stm32n6xx_hal_uart.o
 .debug_abbrev  0x00002194      0x2d5 ./Drivers/STM32N6xx_HAL_Driver/stm32n6xx_hal_uart_ex.o
 .debug_abbrev  0x00002469      0x2b7 ./Drivers/STM32N6xx_HAL_Driver/stm32n6xx_hal_xspi.o

.debug_aranges  0x00000000     0x1be0
 .debug_aranges
                0x00000000       0x78 ./Application/User/Core/main.o
 .debug_aranges
                0x00000078       0x20 ./Application/User/Core/secure_nsc.o
 .debug_aranges
                0x00000098       0x88 ./Application/User/Core/stm32n6xx_hal_msp.o
 .debug_aranges
                0x00000120       0x68 ./Application/User/Core/stm32n6xx_it.o
 .debug_aranges
                0x00000188       0x28 ./Application/User/Startup/startup_stm32n657x0hxq.o
 .debug_aranges
                0x000001b0       0x38 ./Drivers/CMSIS/system_stm32n6xx_s.o
 .debug_aranges
                0x000001e8      0x3d0 ./Drivers/STM32N6xx_HAL_Driver/stm32n6xx_hal.o
 .debug_aranges
                0x000005b8      0x178 ./Drivers/STM32N6xx_HAL_Driver/stm32n6xx_hal_cortex.o
 .debug_aranges
                0x00000730       0xa8 ./Drivers/STM32N6xx_HAL_Driver/stm32n6xx_hal_gpio.o
 .debug_aranges
                0x000007d8      0x228 ./Drivers/STM32N6xx_HAL_Driver/stm32n6xx_hal_ltdc.o
 .debug_aranges
                0x00000a00      0x260 ./Drivers/STM32N6xx_HAL_Driver/stm32n6xx_hal_pwr_ex.o
 .debug_aranges
                0x00000c60      0x2a0 ./Drivers/STM32N6xx_HAL_Driver/stm32n6xx_hal_rcc.o
 .debug_aranges
                0x00000f00      0x758 ./Drivers/STM32N6xx_HAL_Driver/stm32n6xx_hal_rcc_ex.o
 .debug_aranges
                0x00001658       0xf0 ./Drivers/STM32N6xx_HAL_Driver/stm32n6xx_hal_rif.o
 .debug_aranges
                0x00001748      0x248 ./Drivers/STM32N6xx_HAL_Driver/stm32n6xx_hal_uart.o
 .debug_aranges
                0x00001990       0xa8 ./Drivers/STM32N6xx_HAL_Driver/stm32n6xx_hal_uart_ex.o
 .debug_aranges
                0x00001a38      0x1a8 ./Drivers/STM32N6xx_HAL_Driver/stm32n6xx_hal_xspi.o

.debug_rnglists
                0x00000000     0x1573
 .debug_rnglists
                0x00000000       0x5b ./Application/User/Core/main.o
 .debug_rnglists
                0x0000005b       0x13 ./Application/User/Core/secure_nsc.o
 .debug_rnglists
                0x0000006e       0x65 ./Application/User/Core/stm32n6xx_hal_msp.o
 .debug_rnglists
                0x000000d3       0x49 ./Application/User/Core/stm32n6xx_it.o
 .debug_rnglists
                0x0000011c       0x19 ./Application/User/Startup/startup_stm32n657x0hxq.o
 .debug_rnglists
                0x00000135       0x26 ./Drivers/CMSIS/system_stm32n6xx_s.o
 .debug_rnglists
                0x0000015b      0x2da ./Drivers/STM32N6xx_HAL_Driver/stm32n6xx_hal.o
 .debug_rnglists
                0x00000435      0x115 ./Drivers/STM32N6xx_HAL_Driver/stm32n6xx_hal_cortex.o
 .debug_rnglists
                0x0000054a       0x80 ./Drivers/STM32N6xx_HAL_Driver/stm32n6xx_hal_gpio.o
 .debug_rnglists
                0x000005ca      0x1c1 ./Drivers/STM32N6xx_HAL_Driver/stm32n6xx_hal_ltdc.o
 .debug_rnglists
                0x0000078b      0x1c9 ./Drivers/STM32N6xx_HAL_Driver/stm32n6xx_hal_pwr_ex.o
 .debug_rnglists
                0x00000954      0x201 ./Drivers/STM32N6xx_HAL_Driver/stm32n6xx_hal_rcc.o
 .debug_rnglists
                0x00000b55      0x5a1 ./Drivers/STM32N6xx_HAL_Driver/stm32n6xx_hal_rcc_ex.o
 .debug_rnglists
                0x000010f6       0xb6 ./Drivers/STM32N6xx_HAL_Driver/stm32n6xx_hal_rif.o
 .debug_rnglists
                0x000011ac      0x1f9 ./Drivers/STM32N6xx_HAL_Driver/stm32n6xx_hal_uart.o
 .debug_rnglists
                0x000013a5       0x7f ./Drivers/STM32N6xx_HAL_Driver/stm32n6xx_hal_uart_ex.o
 .debug_rnglists
                0x00001424      0x14f ./Drivers/STM32N6xx_HAL_Driver/stm32n6xx_hal_xspi.o

.debug_macro    0x00000000    0x53bcd
 .debug_macro   0x00000000      0x2ea ./Application/User/Core/main.o
 .debug_macro   0x000002ea      0xb5c ./Application/User/Core/main.o
 .debug_macro   0x00000e46       0x16 ./Application/User/Core/main.o
 .debug_macro   0x00000e5c      0x1e5 ./Application/User/Core/main.o
 .debug_macro   0x00001041      0x190 ./Application/User/Core/main.o
 .debug_macro   0x000011d1       0x63 ./Application/User/Core/main.o
 .debug_macro   0x00001234       0x2e ./Application/User/Core/main.o
 .debug_macro   0x00001262       0x6c ./Application/User/Core/main.o
 .debug_macro   0x000012ce       0x22 ./Application/User/Core/main.o
 .debug_macro   0x000012f0       0x8e ./Application/User/Core/main.o
 .debug_macro   0x0000137e       0x51 ./Application/User/Core/main.o
 .debug_macro   0x000013cf      0x103 ./Application/User/Core/main.o
 .debug_macro   0x000014d2       0x6a ./Application/User/Core/main.o
 .debug_macro   0x0000153c      0x1df ./Application/User/Core/main.o
 .debug_macro   0x0000171b       0x2e ./Application/User/Core/main.o
 .debug_macro   0x00001749       0x17 ./Application/User/Core/main.o
 .debug_macro   0x00001760       0x58 ./Application/User/Core/main.o
 .debug_macro   0x000017b8      0x26d ./Application/User/Core/main.o
 .debug_macro   0x00001a25       0x3a ./Application/User/Core/main.o
 .debug_macro   0x00001a5f     0x2f0c ./Application/User/Core/main.o
 .debug_macro   0x0000496b      0x130 ./Application/User/Core/main.o
 .debug_macro   0x00004a9b      0x344 ./Application/User/Core/main.o
 .debug_macro   0x00004ddf      0x146 ./Application/User/Core/main.o
 .debug_macro   0x00004f25       0x22 ./Application/User/Core/main.o
 .debug_macro   0x00004f47    0x3e927 ./Application/User/Core/main.o
 .debug_macro   0x0004386e       0x6c ./Application/User/Core/main.o
 .debug_macro   0x000438da     0x3486 ./Application/User/Core/main.o
 .debug_macro   0x00046d60       0x61 ./Application/User/Core/main.o
 .debug_macro   0x00046dc1       0x29 ./Application/User/Core/main.o
 .debug_macro   0x00046dea       0x43 ./Application/User/Core/main.o
 .debug_macro   0x00046e2d       0x34 ./Application/User/Core/main.o
 .debug_macro   0x00046e61      0x364 ./Application/User/Core/main.o
 .debug_macro   0x000471c5       0x16 ./Application/User/Core/main.o
 .debug_macro   0x000471db       0x4a ./Application/User/Core/main.o
 .debug_macro   0x00047225       0x34 ./Application/User/Core/main.o
 .debug_macro   0x00047259       0x10 ./Application/User/Core/main.o
 .debug_macro   0x00047269       0x58 ./Application/User/Core/main.o
 .debug_macro   0x000472c1       0x8e ./Application/User/Core/main.o
 .debug_macro   0x0004734f       0x1c ./Application/User/Core/main.o
 .debug_macro   0x0004736b      0x17e ./Application/User/Core/main.o
 .debug_macro   0x000474e9      0x19b ./Application/User/Core/main.o
 .debug_macro   0x00047684       0x72 ./Application/User/Core/main.o
 .debug_macro   0x000476f6      0x47a ./Application/User/Core/main.o
 .debug_macro   0x00047b70     0x10fe ./Application/User/Core/main.o
 .debug_macro   0x00048c6e     0x27e2 ./Application/User/Core/main.o
 .debug_macro   0x0004b450      0xfd4 ./Application/User/Core/main.o
 .debug_macro   0x0004c424      0x1af ./Application/User/Core/main.o
 .debug_macro   0x0004c5d3      0x2c9 ./Application/User/Core/main.o
 .debug_macro   0x0004c89c      0x2c4 ./Application/User/Core/main.o
 .debug_macro   0x0004cb60      0x781 ./Application/User/Core/main.o
 .debug_macro   0x0004d2e1      0xa36 ./Application/User/Core/main.o
 .debug_macro   0x0004dd17      0x7b2 ./Application/User/Core/main.o
 .debug_macro   0x0004e4c9       0xeb ./Application/User/Core/main.o
 .debug_macro   0x0004e5b4      0x216 ./Application/User/Core/main.o
 .debug_macro   0x0004e7ca      0x36b ./Application/User/Core/main.o
 .debug_macro   0x0004eb35      0x2b0 ./Application/User/Core/main.o
 .debug_macro   0x0004ede5      0x13f ./Application/User/Core/main.o
 .debug_macro   0x0004ef24      0x303 ./Application/User/Core/main.o
 .debug_macro   0x0004f227      0x46a ./Application/User/Core/main.o
 .debug_macro   0x0004f691      0x693 ./Application/User/Core/main.o
 .debug_macro   0x0004fd24       0xa6 ./Application/User/Core/main.o
 .debug_macro   0x0004fdca      0x72d ./Application/User/Core/main.o
 .debug_macro   0x000504f7      0x5fb ./Application/User/Core/main.o
 .debug_macro   0x00050af2      0x360 ./Application/User/Core/main.o
 .debug_macro   0x00050e52      0x2e2 ./Application/User/Core/secure_nsc.o
 .debug_macro   0x00051134      0x2d8 ./Application/User/Core/stm32n6xx_hal_msp.o
 .debug_macro   0x0005140c      0x2e2 ./Application/User/Core/stm32n6xx_it.o
 .debug_macro   0x000516ee      0x2f0 ./Drivers/CMSIS/system_stm32n6xx_s.o
 .debug_macro   0x000519de      0x1a9 ./Drivers/CMSIS/system_stm32n6xx_s.o
 .debug_macro   0x00051b87      0x2d0 ./Drivers/STM32N6xx_HAL_Driver/stm32n6xx_hal.o
 .debug_macro   0x00051e57      0x2cb ./Drivers/STM32N6xx_HAL_Driver/stm32n6xx_hal_cortex.o
 .debug_macro   0x00052122      0x2d1 ./Drivers/STM32N6xx_HAL_Driver/stm32n6xx_hal_gpio.o
 .debug_macro   0x000523f3      0x2fc ./Drivers/STM32N6xx_HAL_Driver/stm32n6xx_hal_ltdc.o
 .debug_macro   0x000526ef      0x318 ./Drivers/STM32N6xx_HAL_Driver/stm32n6xx_hal_pwr_ex.o
 .debug_macro   0x00052a07      0x34e ./Drivers/STM32N6xx_HAL_Driver/stm32n6xx_hal_rcc.o
 .debug_macro   0x00052d55      0x2ca ./Drivers/STM32N6xx_HAL_Driver/stm32n6xx_hal_rcc_ex.o
 .debug_macro   0x0005301f      0x2d2 ./Drivers/STM32N6xx_HAL_Driver/stm32n6xx_hal_rif.o
 .debug_macro   0x000532f1      0x2f5 ./Drivers/STM32N6xx_HAL_Driver/stm32n6xx_hal_uart.o
 .debug_macro   0x000535e6      0x2d6 ./Drivers/STM32N6xx_HAL_Driver/stm32n6xx_hal_uart_ex.o
 .debug_macro   0x000538bc      0x311 ./Drivers/STM32N6xx_HAL_Driver/stm32n6xx_hal_xspi.o

.debug_line     0x00000000    0x197e1
 .debug_line    0x00000000      0xda0 ./Application/User/Core/main.o
 .debug_line    0x00000da0      0xa88 ./Application/User/Core/secure_nsc.o
 .debug_line    0x00001828      0xd4d ./Application/User/Core/stm32n6xx_hal_msp.o
 .debug_line    0x00002575      0xb19 ./Application/User/Core/stm32n6xx_it.o
 .debug_line    0x0000308e       0x7e ./Application/User/Startup/startup_stm32n657x0hxq.o
 .debug_line    0x0000310c      0xcdb ./Drivers/CMSIS/system_stm32n6xx_s.o
 .debug_line    0x00003de7     0x17ec ./Drivers/STM32N6xx_HAL_Driver/stm32n6xx_hal.o
 .debug_line    0x000055d3     0x118f ./Drivers/STM32N6xx_HAL_Driver/stm32n6xx_hal_cortex.o
 .debug_line    0x00006762     0x1211 ./Drivers/STM32N6xx_HAL_Driver/stm32n6xx_hal_gpio.o
 .debug_line    0x00007973     0x24a8 ./Drivers/STM32N6xx_HAL_Driver/stm32n6xx_hal_ltdc.o
 .debug_line    0x00009e1b     0x1503 ./Drivers/STM32N6xx_HAL_Driver/stm32n6xx_hal_pwr_ex.o
 .debug_line    0x0000b31e     0x237f ./Drivers/STM32N6xx_HAL_Driver/stm32n6xx_hal_rcc.o
 .debug_line    0x0000d69d     0x49b4 ./Drivers/STM32N6xx_HAL_Driver/stm32n6xx_hal_rcc_ex.o
 .debug_line    0x00012051     0x1130 ./Drivers/STM32N6xx_HAL_Driver/stm32n6xx_hal_rif.o
 .debug_line    0x00013181     0x3914 ./Drivers/STM32N6xx_HAL_Driver/stm32n6xx_hal_uart.o
 .debug_line    0x00016a95      0xfab ./Drivers/STM32N6xx_HAL_Driver/stm32n6xx_hal_uart_ex.o
 .debug_line    0x00017a40     0x1da1 ./Drivers/STM32N6xx_HAL_Driver/stm32n6xx_hal_xspi.o

.debug_str      0x00000000   0x21964c
 .debug_str     0x00000000   0x21964c ./Application/User/Core/main.o
                             0x2113aa (size before relaxing)
 .debug_str     0x0021964c   0x20f611 ./Application/User/Core/secure_nsc.o
 .debug_str     0x0021964c   0x211260 ./Application/User/Core/stm32n6xx_hal_msp.o
 .debug_str     0x0021964c   0x20f639 ./Application/User/Core/stm32n6xx_it.o
 .debug_str     0x0021964c       0xa7 ./Application/User/Startup/startup_stm32n657x0hxq.o
 .debug_str     0x0021964c   0x20fd01 ./Drivers/CMSIS/system_stm32n6xx_s.o
 .debug_str     0x0021964c   0x210fbc ./Drivers/STM32N6xx_HAL_Driver/stm32n6xx_hal.o
 .debug_str     0x0021964c   0x20fa90 ./Drivers/STM32N6xx_HAL_Driver/stm32n6xx_hal_cortex.o
 .debug_str     0x0021964c   0x20eceb ./Drivers/STM32N6xx_HAL_Driver/stm32n6xx_hal_gpio.o
 .debug_str     0x0021964c   0x20f890 ./Drivers/STM32N6xx_HAL_Driver/stm32n6xx_hal_ltdc.o
 .debug_str     0x0021964c   0x20f525 ./Drivers/STM32N6xx_HAL_Driver/stm32n6xx_hal_pwr_ex.o
 .debug_str     0x0021964c   0x2101f5 ./Drivers/STM32N6xx_HAL_Driver/stm32n6xx_hal_rcc.o
 .debug_str     0x0021964c   0x2111ea ./Drivers/STM32N6xx_HAL_Driver/stm32n6xx_hal_rcc_ex.o
 .debug_str     0x0021964c   0x20ef24 ./Drivers/STM32N6xx_HAL_Driver/stm32n6xx_hal_rif.o
 .debug_str     0x0021964c   0x20f8fb ./Drivers/STM32N6xx_HAL_Driver/stm32n6xx_hal_uart.o
 .debug_str     0x0021964c   0x20f2ce ./Drivers/STM32N6xx_HAL_Driver/stm32n6xx_hal_uart_ex.o
 .debug_str     0x0021964c   0x210337 ./Drivers/STM32N6xx_HAL_Driver/stm32n6xx_hal_xspi.o

.comment        0x00000000       0x43
 .comment       0x00000000       0x43 ./Application/User/Core/main.o
                                 0x44 (size before relaxing)
 .comment       0x00000043       0x44 ./Application/User/Core/secure_nsc.o
 .comment       0x00000043       0x44 ./Application/User/Core/stm32n6xx_hal_msp.o
 .comment       0x00000043       0x44 ./Application/User/Core/stm32n6xx_it.o
 .comment       0x00000043       0x44 ./Drivers/CMSIS/system_stm32n6xx_s.o
 .comment       0x00000043       0x44 ./Drivers/STM32N6xx_HAL_Driver/stm32n6xx_hal.o
 .comment       0x00000043       0x44 ./Drivers/STM32N6xx_HAL_Driver/stm32n6xx_hal_cortex.o
 .comment       0x00000043       0x44 ./Drivers/STM32N6xx_HAL_Driver/stm32n6xx_hal_gpio.o
 .comment       0x00000043       0x44 ./Drivers/STM32N6xx_HAL_Driver/stm32n6xx_hal_ltdc.o
 .comment       0x00000043       0x44 ./Drivers/STM32N6xx_HAL_Driver/stm32n6xx_hal_pwr_ex.o
 .comment       0x00000043       0x44 ./Drivers/STM32N6xx_HAL_Driver/stm32n6xx_hal_rcc.o
 .comment       0x00000043       0x44 ./Drivers/STM32N6xx_HAL_Driver/stm32n6xx_hal_rcc_ex.o
 .comment       0x00000043       0x44 ./Drivers/STM32N6xx_HAL_Driver/stm32n6xx_hal_rif.o
 .comment       0x00000043       0x44 ./Drivers/STM32N6xx_HAL_Driver/stm32n6xx_hal_uart.o
 .comment       0x00000043       0x44 ./Drivers/STM32N6xx_HAL_Driver/stm32n6xx_hal_uart_ex.o
 .comment       0x00000043       0x44 ./Drivers/STM32N6xx_HAL_Driver/stm32n6xx_hal_xspi.o

.debug_frame    0x00000000     0x6e54
 .debug_frame   0x00000000      0x1a8 ./Application/User/Core/main.o
 .debug_frame   0x000001a8       0x38 ./Application/User/Core/secure_nsc.o
 .debug_frame   0x000001e0      0x20c ./Application/User/Core/stm32n6xx_hal_msp.o
 .debug_frame   0x000003ec      0x110 ./Application/User/Core/stm32n6xx_it.o
 .debug_frame   0x000004fc       0x98 ./Drivers/CMSIS/system_stm32n6xx_s.o
 .debug_frame   0x00000594      0xeac ./Drivers/STM32N6xx_HAL_Driver/stm32n6xx_hal.o
 .debug_frame   0x00001440      0x5f4 ./Drivers/STM32N6xx_HAL_Driver/stm32n6xx_hal_cortex.o
 .debug_frame   0x00001a34      0x298 ./Drivers/STM32N6xx_HAL_Driver/stm32n6xx_hal_gpio.o
 .debug_frame   0x00001ccc      0x9cc ./Drivers/STM32N6xx_HAL_Driver/stm32n6xx_hal_ltdc.o
 .debug_frame   0x00002698      0x874 ./Drivers/STM32N6xx_HAL_Driver/stm32n6xx_hal_pwr_ex.o
 .debug_frame   0x00002f0c      0x9d0 ./Drivers/STM32N6xx_HAL_Driver/stm32n6xx_hal_rcc.o
 .debug_frame   0x000038dc     0x1cf8 ./Drivers/STM32N6xx_HAL_Driver/stm32n6xx_hal_rcc_ex.o
 .debug_frame   0x000055d4      0x3cc ./Drivers/STM32N6xx_HAL_Driver/stm32n6xx_hal_rif.o
 .debug_frame   0x000059a0      0xa18 ./Drivers/STM32N6xx_HAL_Driver/stm32n6xx_hal_uart.o
 .debug_frame   0x000063b8      0x29c ./Drivers/STM32N6xx_HAL_Driver/stm32n6xx_hal_uart_ex.o
 .debug_frame   0x00006654      0x750 ./Drivers/STM32N6xx_HAL_Driver/stm32n6xx_hal_xspi.o
 .debug_frame   0x00006da4       0x20 /Applications/STM32CubeIDE.app/Contents/Eclipse/plugins/com.st.stm32cube.ide.mcu.externaltools.gnu-tools-for-stm32.14.3.rel1.macosaarch64_1.0.0.202602081740/tools/bin/../lib/gcc/arm-none-eabi/14.3.1/../../../../arm-none-eabi/lib/thumb/v8-m.main+dp/hard/libc_nano.a(libc_a-memset.o)
 .debug_frame   0x00006dc4       0x2c /Applications/STM32CubeIDE.app/Contents/Eclipse/plugins/com.st.stm32cube.ide.mcu.externaltools.gnu-tools-for-stm32.14.3.rel1.macosaarch64_1.0.0.202602081740/tools/bin/../lib/gcc/arm-none-eabi/14.3.1/../../../../arm-none-eabi/lib/thumb/v8-m.main+dp/hard/libc_nano.a(libc_a-init.o)
 .debug_frame   0x00006df0       0x2c /Applications/STM32CubeIDE.app/Contents/Eclipse/plugins/com.st.stm32cube.ide.mcu.externaltools.gnu-tools-for-stm32.14.3.rel1.macosaarch64_1.0.0.202602081740/tools/bin/../lib/gcc/arm-none-eabi/14.3.1/thumb/v8-m.main+dp/hard/libgcc.a(_aeabi_uldivmod.o)
 .debug_frame   0x00006e1c       0x38 /Applications/STM32CubeIDE.app/Contents/Eclipse/plugins/com.st.stm32cube.ide.mcu.externaltools.gnu-tools-for-stm32.14.3.rel1.macosaarch64_1.0.0.202602081740/tools/bin/../lib/gcc/arm-none-eabi/14.3.1/thumb/v8-m.main+dp/hard/libgcc.a(_udivmoddi4.o)

.debug_line_str
                0x00000000       0x8b
 .debug_line_str
                0x00000000       0x8b ./Application/User/Startup/startup_stm32n657x0hxq.o